ARM Linker, 5.03 [Build 76] [MDK-ARM Lite]

==============================================================================

Section Cross References

    lcd.o(.text) refers to uidiv.o(.text) for __aeabi_uidivmod
    lcd.o(.text) refers to lcd.o(.data) for .data
    lcd.o(.text) refers to lcd.o(.constdata) for .constdata
    irq.o(.text) refers to irq.o(.data) for .data
    dashboard.o(.text) refers to rt_mutex.o(i.os_mut_wait) for os_mut_wait
    dashboard.o(.text) refers to fflti.o(.text) for __aeabi_i2f
    dashboard.o(.text) refers to fmul.o(.text) for __aeabi_fmul
    dashboard.o(.text) refers to ffixi.o(.text) for __aeabi_f2iz
    dashboard.o(.text) refers to printf1.o(i.__0sprintf$1) for __2sprintf
    dashboard.o(.text) refers to lcd.o(.text) for LCD_on
    dashboard.o(.text) refers to rt_mutex.o(i.os_mut_release) for os_mut_release
    dashboard.o(.text) refers to uidiv.o(.text) for __aeabi_uidivmod
    dashboard.o(.text) refers to dashboard.o(i.__ARM_common_switch8) for __ARM_common_switch8
    dashboard.o(.text) refers to idiv.o(.text) for __aeabi_idivmod
    dashboard.o(.text) refers to f2d.o(.text) for __aeabi_f2d
    dashboard.o(.text) refers to dflti.o(.text) for __aeabi_i2d
    dashboard.o(.text) refers to cdrcmple.o(.text) for __aeabi_cdrcmple
    dashboard.o(.text) refers to fadd.o(.text) for __aeabi_fsub
    dashboard.o(.text) refers to dadd.o(.text) for __aeabi_dsub
    dashboard.o(.text) refers to dmul.o(.text) for __aeabi_dmul
    dashboard.o(.text) refers to dfixi.o(.text) for __aeabi_d2iz
    dashboard.o(.text) refers to rt_time.o(i.os_itv_set) for os_itv_set
    dashboard.o(.text) refers to rt_time.o(i.os_itv_wait) for os_itv_wait
    dashboard.o(.text) refers to dashboard.o(.bss) for .bss
    dashboard.o(.text) refers to dashboard.o(.data) for .data
    dashboard.o(.text) refers to irq.o(.data) for Potentiometer
    dashboard.o(.text) refers to rt_mutex.o(i.os_mut_init) for os_mut_init
    dashboard.o(.text) refers to rt_task.o(i.os_tsk_create0) for os_tsk_create0
    dashboard.o(.text) refers to rt_task.o(i.os_tsk_delete) for os_tsk_delete
    dashboard.o(.text) refers to hal_arm.o(.emb_text) for os_sys_init0
    dashboard.o(.text) refers to irq.o(.text) for ADC_IRQ_Handler
    rtx_config.o(.text) refers to rtx_config.o(.text) for os_def_interrupt
    rtx_config.o(.text) refers to hal_arm.o(.emb_text) for os_clock_interrupt
    str91x.o(Reset) refers to hal_arm.o(.emb_text) for SWI_Handler
    str91x.o(Reset) refers to str91x.o(STACK) for Stack_Top
    str91x.o(Reset) refers to entry.o(.ARM.Collect$$$$00000000) for __main
    rt_task.o(i.os_block) refers to rt_list.o(i.os_put_dly) for os_put_dly
    rt_task.o(i.os_block) refers to rt_list.o(i.os_get_first) for os_get_first
    rt_task.o(i.os_block) refers to rt_task.o(.data) for .data
    rt_task.o(i.os_block) refers to rt_list.o(.bss) for os_rdy
    rt_task.o(i.os_dispatch) refers to rt_list.o(i.os_put_rdy_first) for os_put_rdy_first
    rt_task.o(i.os_dispatch) refers to rt_list.o(i.os_get_first) for os_get_first
    rt_task.o(i.os_dispatch) refers to rt_list.o(i.os_put_prio) for os_put_prio
    rt_task.o(i.os_dispatch) refers to rt_task.o(.data) for .data
    rt_task.o(i.os_dispatch) refers to rt_list.o(.bss) for os_rdy
    rt_task.o(i.os_init_context) refers to hal_arm.o(i.os_init_stack) for os_init_stack
    rt_task.o(i.os_init_context) refers to rtx_config.o(.bss) for mp_stk
    rt_task.o(i.os_sys_init1) refers to rt_membox.o(i._init_box) for _init_box
    rt_task.o(i.os_sys_init1) refers to rt_task.o(i.os_init_context) for os_init_context
    rt_task.o(i.os_sys_init1) refers to hal_arm.o(.emb_text) for os_set_env
    rt_task.o(i.os_sys_init1) refers to rtx_config.o(.text) for os_tmr_init
    rt_task.o(i.os_sys_init1) refers to rt_robin.o(i.os_init_robin) for os_init_robin
    rt_task.o(i.os_sys_init1) refers to rtx_config.o(.bss) for os_active_TCB
    rt_task.o(i.os_sys_init1) refers to rtx_config.o(.constdata) for os_maxtaskrun
    rt_task.o(i.os_sys_init1) refers to rtx_config.o(.constdata) for mp_tcb_size
    rt_task.o(i.os_sys_init1) refers to rtx_config.o(.bss) for mp_tcb
    rt_task.o(i.os_sys_init1) refers to rtx_config.o(.constdata) for os_stackinfo
    rt_task.o(i.os_sys_init1) refers to rtx_config.o(.constdata) for mp_stk_size
    rt_task.o(i.os_sys_init1) refers to rtx_config.o(.bss) for mp_stk
    rt_task.o(i.os_sys_init1) refers to rtx_config.o(.constdata) for mp_tmr_size
    rt_task.o(i.os_sys_init1) refers to rtx_config.o(.data) for m_tmr
    rt_task.o(i.os_sys_init1) refers to rt_task.o(.bss) for .bss
    rt_task.o(i.os_sys_init1) refers to rt_list.o(.bss) for os_rdy
    rt_task.o(i.os_sys_init1) refers to rt_task.o(.data) for .data
    rt_task.o(i.os_sys_init1) refers to rtx_config.o(.bss) for os_fifo
    rt_task.o(i.os_sys_init1) refers to rtx_config.o(.constdata) for os_fifo_size
[...]
    rt_list.o(i.os_psq_enq) refers to rtx_config.o(.bss) for os_fifo
    rt_list.o(i.os_put_dly) refers to rt_list.o(.bss) for .bss
    rt_list.o(i.os_put_rdy_first) refers to rt_list.o(.bss) for .bss
    rt_list.o(i.os_resort_prio) refers to rt_list.o(i.os_rmv_list) for os_rmv_list
    rt_list.o(i.os_resort_prio) refers to rt_list.o(i.os_put_prio) for os_put_prio
    rt_list.o(i.os_resort_prio) refers to rt_list.o(.bss) for .bss
    rt_list.o(i.os_rmv_list) refers to rt_list.o(.bss) for .bss
    rt_robin.o(i.os_chk_robin) refers to rt_list.o(i.os_get_first) for os_get_first
    rt_robin.o(i.os_chk_robin) refers to rt_list.o(i.os_put_prio) for os_put_prio
    rt_robin.o(i.os_chk_robin) refers to rt_robin.o(.data) for .data
    rt_robin.o(i.os_chk_robin) refers to rt_list.o(.bss) for os_rdy
    rt_robin.o(i.os_chk_robin) refers to rt_time.o(.data) for os_time
    rt_robin.o(i.os_init_robin) refers to rt_robin.o(.data) for .data
    rt_robin.o(i.os_init_robin) refers to rtx_config.o(.constdata) for os_rrobin
    SWI_Table.o(SWI_TABLE) refers to hal_arm.o(i.__SWI_0) for __SWI_0
    SWI_Table.o(SWI_TABLE) refers to rt_membox.o(i.__SWI_1) for __SWI_1
    SWI_Table.o(SWI_TABLE) refers to rt_membox.o(i.__SWI_2) for __SWI_2
    SWI_Table.o(SWI_TABLE) refers to hal_arm.o(i.__SWI_3) for __SWI_3
    SWI_Table.o(SWI_TABLE) refers to hal_arm.o(i.__SWI_4) for __SWI_4
    SWI_Table.o(SWI_TABLE) refers to rtx_config.o(.text) for __SWI_5
    SWI_Table.o(SWI_TABLE) refers to hal_arm.o(i.__SWI_6) for __SWI_6
    SWI_Table.o(SWI_TABLE) refers to hal_arm.o(i.__SWI_7) for __SWI_7
    rt_event.o(i.isr_evt_set) refers to rt_list.o(i.os_psq_enq) for os_psq_enq
    rt_event.o(i.isr_evt_set) refers to rt_system.o(i.os_psh_req) for os_psh_req
    rt_event.o(i.isr_evt_set) refers to rtx_config.o(.bss) for os_active_TCB
    rt_event.o(i.os_evt_clr) refers to rtx_config.o(.text) for tsk_unlock
    rt_event.o(i.os_evt_clr) refers to rtx_config.o(.bss) for os_active_TCB
    rt_event.o(i.os_evt_get) refers to rt_task.o(.data) for os_runtask
    rt_event.o(i.os_evt_psh) refers to rt_list.o(i.os_rmv_dly) for os_rmv_dly
    rt_event.o(i.os_evt_psh) refers to rt_list.o(i.os_put_prio) for os_put_prio
    rt_event.o(i.os_evt_psh) refers to rt_list.o(.bss) for os_rdy
    rt_event.o(i.os_evt_set) refers to rt_list.o(i.os_rmv_dly) for os_rmv_dly
    rt_event.o(i.os_evt_set) refers to rt_task.o(i.os_dispatch) for os_dispatch
    rt_event.o(i.os_evt_set) refers to rtx_config.o(.text) for tsk_unlock
    rt_event.o(i.os_evt_set) refers to rtx_config.o(.bss) for os_active_TCB
    rt_event.o(i.os_evt_wait) refers to rt_task.o(i.os_block) for os_block
    rt_event.o(i.os_evt_wait) refers to rtx_config.o(.text) for tsk_unlock
    rt_event.o(i.os_evt_wait) refers to rt_task.o(.data) for os_runtask
    rt_mailbox.o(i.isr_mbx_receive) refers to rt_list.o(i.os_psq_enq) for os_psq_enq
    rt_mailbox.o(i.isr_mbx_receive) refers to rt_system.o(i.os_psh_req) for os_psh_req
    rt_mailbox.o(i.isr_mbx_send) refers to rt_list.o(i.os_psq_enq) for os_psq_enq
    rt_mailbox.o(i.isr_mbx_send) refers to rt_system.o(i.os_psh_req) for os_psh_req
    rt_mailbox.o(i.os_mbx_init) refers to rtx_config.o(.text) for tsk_unlock
    rt_mailbox.o(i.os_mbx_psh) refers to rt_list.o(i.os_get_first) for os_get_first
    rt_mailbox.o(i.os_mbx_psh) refers to rt_list.o(i.os_rmv_dly) for os_rmv_dly
    rt_mailbox.o(i.os_mbx_psh) refers to rt_list.o(i.os_put_prio) for os_put_prio
    rt_mailbox.o(i.os_mbx_psh) refers to rtx_config.o(.text) for os_error
    rt_mailbox.o(i.os_mbx_psh) refers to rt_list.o(.bss) for os_rdy
    rt_mailbox.o(i.os_mbx_send) refers to rt_list.o(i.os_put_prio) for os_put_prio
    rt_mailbox.o(i.os_mbx_send) refers to rt_list.o(i.os_get_first) for os_get_first
    rt_mailbox.o(i.os_mbx_send) refers to rt_list.o(i.os_rmv_dly) for os_rmv_dly
    rt_mailbox.o(i.os_mbx_send) refers to rt_task.o(i.os_dispatch) for os_dispatch
    rt_mailbox.o(i.os_mbx_send) refers to rt_task.o(i.os_block) for os_block
    rt_mailbox.o(i.os_mbx_send) refers to rtx_config.o(.text) for tsk_unlock
    rt_mailbox.o(i.os_mbx_send) refers to rt_task.o(.data) for os_runtask
    rt_mailbox.o(i.os_mbx_wait) refers to rt_list.o(i.os_get_first) for os_get_first
    rt_mailbox.o(i.os_mbx_wait) refers to rt_list.o(i.os_rmv_dly) for os_rmv_dly
    rt_mailbox.o(i.os_mbx_wait) refers to rt_task.o(i.os_dispatch) for os_dispatch
    rt_mailbox.o(i.os_mbx_wait) refers to rtx_config.o(.text) for tsk_unlock
    rt_mailbox.o(i.os_mbx_wait) refers to rt_list.o(i.os_put_prio) for os_put_prio
    rt_mailbox.o(i.os_mbx_wait) refers to rt_task.o(i.os_block) for os_block
    rt_mailbox.o(i.os_mbx_wait) refers to rt_task.o(.data) for os_runtask
    rt_semaphore.o(i.isr_sem_send) refers to rt_list.o(i.os_psq_enq) for os_psq_enq
    rt_semaphore.o(i.isr_sem_send) refers to rt_system.o(i.os_psh_req) for os_psh_req
    rt_semaphore.o(i.os_sem_init) refers to rtx_config.o(.text) for tsk_unlock
    rt_semaphore.o(i.os_sem_psh) refers to rt_list.o(i.os_get_first) for os_get_first
    rt_semaphore.o(i.os_sem_psh) refers to rt_list.o(i.os_rmv_dly) for os_rmv_dly
    rt_semaphore.o(i.os_sem_psh) refers to rt_list.o(i.os_put_prio) for os_put_prio
    rt_semaphore.o(i.os_sem_psh) refers to rt_list.o(.bss) for os_rdy
    rt_semaphore.o(i.os_sem_send) refers to rt_list.o(i.os_get_first) for os_get_first
    rt_semaphore.o(i.os_sem_send) refers to rt_list.o(i.os_rmv_dly) for os_rmv_dly
    rt_semaphore.o(i.os_sem_send) refers to rt_task.o(i.os_dispatch) for os_dispatch
    rt_semaphore.o(i.os_sem_send) refers to rtx_config.o(.text) for tsk_unlock
    rt_semaphore.o(i.os_sem_wait) refers to rtx_config.o(.text) for tsk_unlock
    rt_semaphore.o(i.os_sem_wait) refers to rt_list.o(i.os_put_prio) for os_put_prio
    rt_semaphore.o(i.os_sem_wait) refers to rt_task.o(i.os_block) for os_block
    rt_semaphore.o(i.os_sem_wait) refers to rt_task.o(.data) for os_runtask
    rt_timer.o(i.os_tmr_create) refers to rtx_config.o(.text) for tsk_unlock
    rt_timer.o(i.os_tmr_create) refers to rtx_config.o(.data) for m_tmr
    rt_timer.o(i.os_tmr_create) refers to rt_timer.o(.data) for .data
    rt_timer.o(i.os_tmr_kill) refers to rtx_config.o(.text) for tsk_unlock
    rt_timer.o(i.os_tmr_kill) refers to rt_timer.o(.data) for .data
    rt_timer.o(i.os_tmr_kill) refers to rtx_config.o(.data) for m_tmr
    rt_timer.o(i.os_tmr_tick) refers to rtx_config.o(.text) for os_tmr_call
    rt_timer.o(i.os_tmr_tick) refers to rt_timer.o(.data) for .data
    rt_timer.o(i.os_tmr_tick) refers to rtx_config.o(.data) for m_tmr
    entry.o(.ARM.Collect$$$$00000000) refers (Special) to entry10a.o(.ARM.Collect$$$$0000000D) for __rt_final_cpp
    entry.o(.ARM.Collect$$$$00000000) refers (Special) to entry11a.o(.ARM.Collect$$$$0000000F) for __rt_final_exit
    entry.o(.ARM.Collect$$$$00000000) refers (Special) to entry7b.o(.ARM.Collect$$$$00000008) for _main_clock
    entry.o(.ARM.Collect$$$$00000000) refers (Special) to entry8b.o(.ARM.Collect$$$$0000000A) for _main_cpp_init
    entry.o(.ARM.Collect$$$$00000000) refers (Special) to entry9a.o(.ARM.Collect$$$$0000000B) for _main_init
    entry.o(.ARM.Collect$$$$00000000) refers (Special) to entry5.o(.ARM.Collect$$$$00000004) for _main_scatterload
    entry.o(.ARM.Collect$$$$00000000) refers (Special) to entry2.o(.ARM.Collect$$$$00000001) for _main_stk
    idiv.o(.text) refers to uidiv.o(.text) for __aeabi_uidivmod
    printfb.o(i.__0fprintf$bare) refers to printfb.o(i._printf_core) for _printf_core
    printfb.o(i.__0fprintf$bare) refers to fputc.o(i.fputc) for fputc
    printfb.o(i.__0printf$bare) refers to printfb.o(i._printf_core) for _printf_core
    printfb.o(i.__0printf$bare) refers to fputc.o(i.fputc) for fputc
    printfb.o(i.__0printf$bare) refers to stdout.o(.data) for __stdout
    printfb.o(i.__0snprintf$bare) refers to printfb.o(i._printf_core) for _printf_core
    printfb.o(i.__0snprintf$bare) refers to printfb.o(i._snputc) for _snputc
    printfb.o(i.__0sprintf$bare) refers to printfb.o(i._printf_core) for _printf_core
    printfb.o(i.__0sprintf$bare) refers to printfb.o(i._sputc) for _sputc
    printfb.o(i.__0vfprintf$bare) refers to printfb.o(i._printf_core) for _printf_core
    printfb.o(i.__0vfprintf$bare) refers to fputc.o(i.fputc) for fputc
    printfb.o(i.__0vprintf$bare) refers to printfb.o(i._printf_core) for _printf_core
    printfb.o(i.__0vprintf$bare) refers to fputc.o(i.fputc) for fputc
    printfb.o(i.__0vprintf$bare) refers to stdout.o(.data) for __stdout
    printfb.o(i.__0vsnprintf$bare) refers to printfb.o(i._printf_core) for _printf_core
    printfb.o(i.__0vsnprintf$bare) refers to printfb.o(i._snputc) for _snputc
    printfb.o(i.__0vsprintf$bare) refers to printfb.o(i._printf_core) for _printf_core
    printfb.o(i.__0vsprintf$bare) refers to printfb.o(i._sputc) for _sputc
    printf0.o(i.__0fprintf$0) refers to printf0.o(i._printf_core) for _printf_core
    printf0.o(i.__0fprintf$0) refers to fputc.o(i.fputc) for fputc
    printf0.o(i.__0printf$0) refers to printf0.o(i._printf_core) for _printf_core
    printf0.o(i.__0printf$0) refers to fputc.o(i.fputc) for fputc
    printf0.o(i.__0printf$0) refers to stdout.o(.data) for __stdout
    printf0.o(i.__0snprintf$0) refers to printf0.o(i._printf_core) for _printf_core
    printf0.o(i.__0snprintf$0) refers to printf0.o(i._snputc) for _snputc
    printf0.o(i.__0sprintf$0) refers to printf0.o(i._printf_core) for _printf_core
    printf0.o(i.__0sprintf$0) refers to printf0.o(i._sputc) for _sputc
    printf0.o(i.__0vfprintf$0) refers to printf0.o(i._printf_core) for _printf_core
    printf0.o(i.__0vfprintf$0) refers to fputc.o(i.fputc) for fputc
    printf0.o(i.__0vprintf$0) refers to printf0.o(i._printf_core) for _printf_core
    printf0.o(i.__0vprintf$0) refers to fputc.o(i.fputc) for fputc
    printf0.o(i.__0vprintf$0) refers to stdout.o(.data) for __stdout
    printf0.o(i.__0vsnprintf$0) refers to printf0.o(i._printf_core) for _printf_core
    printf0.o(i.__0vsnprintf$0) refers to printf0.o(i._snputc) for _snputc
    printf0.o(i.__0vsprintf$0) refers to printf0.o(i._printf_core) for _printf_core
    printf0.o(i.__0vsprintf$0) refers to printf0.o(i._sputc) for _sputc
    printf1.o(i.__0fprintf$1) refers to printf1.o(i._printf_core) for _printf_core
    printf1.o(i.__0fprintf$1) refers to fputc.o(i.fputc) for fputc
    printf1.o(i.__0printf$1) refers to printf1.o(i._printf_core) for _printf_core
    printf1.o(i.__0printf$1) refers to fputc.o(i.fputc) for fputc
    printf1.o(i.__0printf$1) refers to stdout.o(.data) for __stdout
    printf1.o(i.__0snprintf$1) refers to printf1.o(i._printf_core) for _printf_core
    printf1.o(i.__0snprintf$1) refers to printf1.o(i._snputc) for _snputc
    printf1.o(i.__0sprintf$1) refers to printf1.o(i._printf_core) for _printf_core
    printf1.o(i.__0sprintf$1) refers to printf1.o(i._sputc) for _sputc
    printf1.o(i.__0vfprintf$1) refers to printf1.o(i._printf_core) for _printf_core
    printf1.o(i.__0vfprintf$1) refers to fputc.o(i.fputc) for fputc
    printf1.o(i.__0vprintf$1) refers to printf1.o(i._printf_core) for _printf_core
    printf1.o(i.__0vprintf$1) refers to fputc.o(i.fputc) for fputc
    printf1.o(i.__0vprintf$1) refers to stdout.o(.data) for __stdout
    printf1.o(i.__0vsnprintf$1) refers to printf1.o(i._printf_core) for _printf_core
    printf1.o(i.__0vsnprintf$1) refers to printf1.o(i._snputc) for _snputc
    printf1.o(i.__0vsprintf$1) refers to printf1.o(i._printf_core) for _printf_core
    printf1.o(i.__0vsprintf$1) refers to printf1.o(i._sputc) for _sputc
    printf1.o(i._printf_core) refers to uidiv.o(.text) for __aeabi_uidivmod
    printf2.o(i.__0fprintf$2) refers to printf2.o(i._printf_core) for _printf_core
    printf2.o(i.__0fprintf$2) refers to fputc.o(i.fputc) for fputc
    printf2.o(i.__0printf$2) refers to printf2.o(i._printf_core) for _printf_core
    printf2.o(i.__0printf$2) refers to fputc.o(i.fputc) for fputc
    printf2.o(i.__0printf$2) refers to stdout.o(.data) for __stdout
    printf2.o(i.__0snprintf$2) refers to printf2.o(i._printf_core) for _printf_core
    printf2.o(i.__0snprintf$2) refers to printf2.o(i._snputc) for _snputc
    printf2.o(i.__0sprintf$2) refers to printf2.o(i._printf_core) for _printf_core
    printf2.o(i.__0sprintf$2) refers to printf2.o(i._sputc) for _sputc
    printf2.o(i.__0vfprintf$2) refers to printf2.o(i._printf_core) for _printf_core
    printf2.o(i.__0vfprintf$2) refers to fputc.o(i.fputc) for fputc
    printf2.o(i.__0vprintf$2) refers to printf2.o(i._printf_core) for _printf_core
    printf2.o(i.__0vprintf$2) refers to fputc.o(i.fputc) for fputc
    printf2.o(i.__0vprintf$2) refers to stdout.o(.data) for __stdout
    printf2.o(i.__0vsnprintf$2) refers to printf2.o(i._printf_core) for _printf_core
    printf2.o(i.__0vsnprintf$2) refers to printf2.o(i._snputc) for _snputc
    printf2.o(i.__0vsprintf$2) refers to printf2.o(i._printf_core) for _printf_core
    printf2.o(i.__0vsprintf$2) refers to printf2.o(i._sputc) for _sputc
    printf3.o(i.__0fprintf$3) refers to printf3.o(i._printf_core) for _printf_core
    printf3.o(i.__0fprintf$3) refers to fputc.o(i.fputc) for fputc
    printf3.o(i.__0printf$3) refers to printf3.o(i._printf_core) for _printf_core
    printf3.o(i.__0printf$3) refers to fputc.o(i.fputc) for fputc
    printf3.o(i.__0printf$3) refers to stdout.o(.data) for __stdout
    printf3.o(i.__0snprintf$3) refers to printf3.o(i._printf_core) for _printf_core
    printf3.o(i.__0snprintf$3) refers to printf3.o(i._snputc) for _snputc
    printf3.o(i.__0sprintf$3) refers to printf3.o(i._printf_core) for _printf_core
    printf3.o(i.__0sprintf$3) refers to printf3.o(i._sputc) for _sputc
    printf3.o(i.__0vfprintf$3) refers to printf3.o(i._printf_core) for _printf_core
    printf3.o(i.__0vfprintf$3) refers to fputc.o(i.fputc) for fputc
    printf3.o(i.__0vprintf$3) refers to printf3.o(i._printf_core) for _printf_core
    printf3.o(i.__0vprintf$3) refers to fputc.o(i.fputc) for fputc
    printf3.o(i.__0vprintf$3) refers to stdout.o(.data) for __stdout
    printf3.o(i.__0vsnprintf$3) refers to printf3.o(i._printf_core) for _printf_core
    printf3.o(i.__0vsnprintf$3) refers to printf3.o(i._snputc) for _snputc
    printf3.o(i.__0vsprintf$3) refers to printf3.o(i._printf_core) for _printf_core
    printf3.o(i.__0vsprintf$3) refers to printf3.o(i._sputc) for _sputc
    printf3.o(i._printf_core) refers to uidiv.o(.text) for __aeabi_uidivmod
    printf4.o(i.__0fprintf$4) refers to printf4.o(i._printf_core) for _printf_core
    printf4.o(i.__0fprintf$4) refers to fputc.o(i.fputc) for fputc
    printf4.o(i.__0printf$4) refers to printf4.o(i._printf_core) for _printf_core
    printf4.o(i.__0printf$4) refers to fputc.o(i.fputc) for fputc
    printf4.o(i.__0printf$4) refers to stdout.o(.data) for __stdout
    printf4.o(i.__0snprintf$4) refers to printf4.o(i._printf_core) for _printf_core
    printf4.o(i.__0snprintf$4) refers to printf4.o(i._snputc) for _snputc
    printf4.o(i.__0sprintf$4) refers to printf4.o(i._printf_core) for _printf_core
    printf4.o(i.__0sprintf$4) refers to printf4.o(i._sputc) for _sputc
    printf4.o(i.__0vfprintf$4) refers to printf4.o(i._printf_core) for _printf_core
    printf4.o(i.__0vfprintf$4) refers to fputc.o(i.fputc) for fputc
    printf4.o(i.__0vprintf$4) refers to printf4.o(i._printf_core) for _printf_core
    printf4.o(i.__0vprintf$4) refers to fputc.o(i.fputc) for fputc
    printf4.o(i.__0vprintf$4) refers to stdout.o(.data) for __stdout
    printf4.o(i.__0vsnprintf$4) refers to printf4.o(i._printf_core) for _printf_core
    printf4.o(i.__0vsnprintf$4) refers to printf4.o(i._snputc) for _snputc
    printf4.o(i.__0vsprintf$4) refers to printf4.o(i._printf_core) for _printf_core
    printf4.o(i.__0vsprintf$4) refers to printf4.o(i._sputc) for _sputc
    printf4.o(i._printf_core) refers to uldiv.o(.text) for __aeabi_uldivmod
    printf5.o(i.__0fprintf$5) refers to printf5.o(i._printf_core) for _printf_core
    printf5.o(i.__0fprintf$5) refers to fputc.o(i.fputc) for fputc
    printf5.o(i.__0printf$5) refers to printf5.o(i._printf_core) for _printf_core
    printf5.o(i.__0printf$5) refers to fputc.o(i.fputc) for fputc
    printf5.o(i.__0printf$5) refers to stdout.o(.data) for __stdout
    printf5.o(i.__0snprintf$5) refers to printf5.o(i._printf_core) for _printf_core
    printf5.o(i.__0snprintf$5) refers to printf5.o(i._snputc) for _snputc
    printf5.o(i.__0sprintf$5) refers to printf5.o(i._printf_core) for _printf_core
    printf5.o(i.__0sprintf$5) refers to printf5.o(i._sputc) for _sputc
    printf5.o(i.__0vfprintf$5) refers to printf5.o(i._printf_core) for _printf_core
    printf5.o(i.__0vfprintf$5) refers to fputc.o(i.fputc) for fputc
    printf5.o(i.__0vprintf$5) refers to printf5.o(i._printf_core) for _printf_core
    printf5.o(i.__0vprintf$5) refers to fputc.o(i.fputc) for fputc
    printf5.o(i.__0vprintf$5) refers to stdout.o(.data) for __stdout
    printf5.o(i.__0vsnprintf$5) refers to printf5.o(i._printf_core) for _printf_core
    printf5.o(i.__0vsnprintf$5) refers to printf5.o(i._snputc) for _snputc
    printf5.o(i.__0vsprintf$5) refers to printf5.o(i._printf_core) for _printf_core
    printf5.o(i.__0vsprintf$5) refers to printf5.o(i._sputc) for _sputc
    printf5.o(i._printf_core) refers to uldiv.o(.text) for __aeabi_uldivmod
    printf6.o(i.__0fprintf$6) refers to printf6.o(i._printf_core) for _printf_core
    printf6.o(i.__0fprintf$6) refers to fputc.o(i.fputc) for fputc
    printf6.o(i.__0printf$6) refers to printf6.o(i._printf_core) for _printf_core
    printf6.o(i.__0printf$6) refers to fputc.o(i.fputc) for fputc
    printf6.o(i.__0printf$6) refers to stdout.o(.data) for __stdout
    printf6.o(i.__0snprintf$6) refers to printf6.o(i._printf_core) for _printf_core
    printf6.o(i.__0snprintf$6) refers to printf6.o(i._snputc) for _snputc
    printf6.o(i.__0sprintf$6) refers to printf6.o(i._printf_core) for _printf_core
    printf6.o(i.__0sprintf$6) refers to printf6.o(i._sputc) for _sputc
    printf6.o(i.__0vfprintf$6) refers to printf6.o(i._printf_core) for _printf_core
    printf6.o(i.__0vfprintf$6) refers to fputc.o(i.fputc) for fputc
    printf6.o(i.__0vprintf$6) refers to printf6.o(i._printf_core) for _printf_core
    printf6.o(i.__0vprintf$6) refers to fputc.o(i.fputc) for fputc
    printf6.o(i.__0vprintf$6) refers to stdout.o(.data) for __stdout
    printf6.o(i.__0vsnprintf$6) refers to printf6.o(i._printf_core) for _printf_core
    printf6.o(i.__0vsnprintf$6) refers to printf6.o(i._snputc) for _snputc
    printf6.o(i.__0vsprintf$6) refers to printf6.o(i._printf_core) for _printf_core
    printf6.o(i.__0vsprintf$6) refers to printf6.o(i._sputc) for _sputc
    printf6.o(i._printf_core) refers to printf6.o(i._printf_pre_padding) for _printf_pre_padding
    printf6.o(i._printf_core) refers to printf6.o(i._printf_post_padding) for _printf_post_padding
    printf6.o(i._printf_core) refers to uidiv.o(.text) for __aeabi_uidivmod
    printf7.o(i.__0fprintf$7) refers to printf7.o(i._printf_core) for _printf_core
    printf7.o(i.__0fprintf$7) refers to fputc.o(i.fputc) for fputc
    printf7.o(i.__0printf$7) refers to printf7.o(i._printf_core) for _printf_core
    printf7.o(i.__0printf$7) refers to fputc.o(i.fputc) for fputc
    printf7.o(i.__0printf$7) refers to stdout.o(.data) for __stdout
    printf7.o(i.__0snprintf$7) refers to printf7.o(i._printf_core) for _printf_core
    printf7.o(i.__0snprintf$7) refers to printf7.o(i._snputc) for _snputc
    printf7.o(i.__0sprintf$7) refers to printf7.o(i._printf_core) for _printf_core
    printf7.o(i.__0sprintf$7) refers to printf7.o(i._sputc) for _sputc
    printf7.o(i.__0vfprintf$7) refers to printf7.o(i._printf_core) for _printf_core
    printf7.o(i.__0vfprintf$7) refers to fputc.o(i.fputc) for fputc
    printf7.o(i.__0vprintf$7) refers to printf7.o(i._printf_core) for _printf_core
    printf7.o(i.__0vprintf$7) refers to fputc.o(i.fputc) for fputc
    printf7.o(i.__0vprintf$7) refers to stdout.o(.data) for __stdout
    printf7.o(i.__0vsnprintf$7) refers to printf7.o(i._printf_core) for _printf_core
    printf7.o(i.__0vsnprintf$7) refers to printf7.o(i._snputc) for _snputc
    printf7.o(i.__0vsprintf$7) refers to printf7.o(i._printf_core) for _printf_core
    printf7.o(i.__0vsprintf$7) refers to printf7.o(i._sputc) for _sputc
    printf7.o(i._printf_core) refers to printf7.o(i._printf_pre_padding) for _printf_pre_padding
    printf7.o(i._printf_core) refers to printf7.o(i._printf_post_padding) for _printf_post_padding
    printf7.o(i._printf_core) refers to uldiv.o(.text) for __aeabi_uldivmod
    printf8.o(i.__0fprintf$8) refers to printf8.o(i._printf_core) for _printf_core
    printf8.o(i.__0fprintf$8) refers to fputc.o(i.fputc) for fputc
    printf8.o(i.__0printf$8) refers to printf8.o(i._printf_core) for _printf_core
    printf8.o(i.__0printf$8) refers to fputc.o(i.fputc) for fputc
    printf8.o(i.__0printf$8) refers to stdout.o(.data) for __stdout
    printf8.o(i.__0snprintf$8) refers to printf8.o(i._printf_core) for _printf_core
    printf8.o(i.__0snprintf$8) refers to printf8.o(i._snputc) for _snputc
    printf8.o(i.__0sprintf$8) refers to printf8.o(i._printf_core) for _printf_core
    printf8.o(i.__0sprintf$8) refers to printf8.o(i._sputc) for _sputc
    printf8.o(i.__0vfprintf$8) refers to printf8.o(i._printf_core) for _printf_core
    printf8.o(i.__0vfprintf$8) refers to fputc.o(i.fputc) for fputc
    printf8.o(i.__0vprintf$8) refers to printf8.o(i._printf_core) for _printf_core
    printf8.o(i.__0vprintf$8) refers to fputc.o(i.fputc) for fputc
    printf8.o(i.__0vprintf$8) refers to stdout.o(.data) for __stdout
    printf8.o(i.__0vsnprintf$8) refers to printf8.o(i._printf_core) for _printf_core
    printf8.o(i.__0vsnprintf$8) refers to printf8.o(i._snputc) for _snputc
    printf8.o(i.__0vsprintf$8) refers to printf8.o(i._printf_core) for _printf_core
    printf8.o(i.__0vsprintf$8) refers to printf8.o(i._sputc) for _sputc
    printf8.o(i._printf_core) refers to printf8.o(i._printf_pre_padding) for _printf_pre_padding
    printf8.o(i._printf_core) refers to printf8.o(i._printf_post_padding) for _printf_post_padding
    printf8.o(i._printf_core) refers to uldiv.o(.text) for __aeabi_uldivmod
    printfa.o(i.__0fprintf) refers (Special) to iusefp.o(.text) for __I$use$fp
    printfa.o(i.__0fprintf) refers to printfa.o(i._printf_core) for _printf_core
    printfa.o(i.__0fprintf) refers to fputc.o(i.fputc) for fputc
    printfa.o(i.__0printf) refers (Special) to iusefp.o(.text) for __I$use$fp
    printfa.o(i.__0printf) refers to printfa.o(i._printf_core) for _printf_core
    printfa.o(i.__0printf) refers to fputc.o(i.fputc) for fputc
    printfa.o(i.__0printf) refers to stdout.o(.data) for __stdout
    printfa.o(i.__0snprintf) refers (Special) to iusefp.o(.text) for __I$use$fp
    printfa.o(i.__0snprintf) refers to printfa.o(i._printf_core) for _printf_core
    printfa.o(i.__0snprintf) refers to printfa.o(i._snputc) for _snputc
    printfa.o(i.__0sprintf) refers (Special) to iusefp.o(.text) for __I$use$fp
    printfa.o(i.__0sprintf) refers to printfa.o(i._printf_core) for _printf_core
    printfa.o(i.__0sprintf) refers to printfa.o(i._sputc) for _sputc
    printfa.o(i.__0vfprintf) refers (Special) to iusefp.o(.text) for __I$use$fp
    printfa.o(i.__0vfprintf) refers to printfa.o(i._printf_core) for _printf_core
    printfa.o(i.__0vfprintf) refers to fputc.o(i.fputc) for fputc
    printfa.o(i.__0vprintf) refers (Special) to iusefp.o(.text) for __I$use$fp
    printfa.o(i.__0vprintf) refers to printfa.o(i._printf_core) for _printf_core
    printfa.o(i.__0vprintf) refers to fputc.o(i.fputc) for fputc
    printfa.o(i.__0vprintf) refers to stdout.o(.data) for __stdout
    printfa.o(i.__0vsnprintf) refers (Special) to iusefp.o(.text) for __I$use$fp
    printfa.o(i.__0vsnprintf) refers to printfa.o(i._printf_core) for _printf_core
    printfa.o(i.__0vsnprintf) refers to printfa.o(i._snputc) for _snputc
    printfa.o(i.__0vsprintf) refers (Special) to iusefp.o(.text) for __I$use$fp
    printfa.o(i.__0vsprintf) refers to printfa.o(i._printf_core) for _printf_core
    printfa.o(i.__0vsprintf) refers to printfa.o(i._sputc) for _sputc
    printfa.o(i._fp_digits) refers (Special) to iusefp.o(.text) for __I$use$fp
    printfa.o(i._fp_digits) refers to dmul.o(.text) for __aeabi_dmul
    printfa.o(i._fp_digits) refers to ddiv.o(.text) for __aeabi_ddiv
    printfa.o(i._fp_digits) refers to cdrcmple.o(.text) for __aeabi_cdrcmple
    printfa.o(i._fp_digits) refers to dadd.o(.text) for __aeabi_dadd
    printfa.o(i._fp_digits) refers to dfixul.o(.text) for __aeabi_d2ulz
    printfa.o(i._fp_digits) refers to uldiv.o(.text) for __aeabi_uldivmod
    printfa.o(i._printf_core) refers (Special) to iusefp.o(.text) for __I$use$fp
    printfa.o(i._printf_core) refers to printfa.o(i._printf_pre_padding) for _printf_pre_padding
    printfa.o(i._printf_core) refers to uldiv.o(.text) for __aeabi_uldivmod
    printfa.o(i._printf_core) refers to printfa.o(i._printf_post_padding) for _printf_post_padding
    printfa.o(i._printf_core) refers to printfa.o(i._fp_digits) for _fp_digits
    printfa.o(i._printf_core) refers to uidiv.o(.text) for __aeabi_uidivmod
    printfa.o(i._printf_post_padding) refers (Special) to iusefp.o(.text) for __I$use$fp
    printfa.o(i._printf_pre_padding) refers (Special) to iusefp.o(.text) for __I$use$fp
    printfa.o(i._snputc) refers (Special) to iusefp.o(.text) for __I$use$fp
    printfa.o(i._sputc) refers (Special) to iusefp.o(.text) for __I$use$fp
    fadd.o(.text) refers (Special) to iusefp.o(.text) for __I$use$fp
    fadd.o(.text) refers to fepilogue.o(.text) for _float_epilogue
    fmul.o(.text) refers (Special) to iusefp.o(.text) for __I$use$fp
    dadd.o(.text) refers (Special) to iusefp.o(.text) for __I$use$fp
    dadd.o(.text) refers to llshl.o(.text) for __aeabi_llsl
    dadd.o(.text) refers to llsshr.o(.text) for __aeabi_lasr
    dadd.o(.text) refers to depilogue.o(.text) for _double_epilogue
    dmul.o(.text) refers (Special) to iusefp.o(.text) for __I$use$fp
    dmul.o(.text) refers to depilogue.o(.text) for _double_epilogue
    fflti.o(.text) refers (Special) to iusefp.o(.text) for __I$use$fp
    fflti.o(.text) refers to fepilogue.o(.text) for _float_epilogue
    dflti.o(.text) refers (Special) to iusefp.o(.text) for __I$use$fp
    dflti.o(.text) refers to depilogue.o(.text) for _double_epilogue
    ffixi.o(.text) refers (Special) to iusefp.o(.text) for __I$use$fp
    dfixi.o(.text) refers (Special) to iusefp.o(.text) for __I$use$fp
    dfixi.o(.text) refers to llushr.o(.text) for __aeabi_llsr
    f2d.o(.text) refers (Special) to iusefp.o(.text) for __I$use$fp
    cdrcmple.o(.text) refers (Special) to iusefp.o(.text) for __I$use$fp
    entry2.o(.ARM.Collect$$$$00000001) refers to entry2.o(.ARM.Collect$$$$00002712) for __lit__00000000
    entry2.o(.ARM.Collect$$$$00002712) refers to str91x.o(STACK) for __initial_sp
    entry5.o(.ARM.Collect$$$$00000004) refers to init.o(.text) for __scatterload
    entry9a.o(.ARM.Collect$$$$0000000B) refers to dashboard.o(.text) for main
    entry9b.o(.ARM.Collect$$$$0000000C) refers to dashboard.o(.text) for main
    fputc.o(i.fputc) refers (Special) to iusesemip.o(.text) for __I$use$semihosting$fputc
    fputc.o(i.fputc) refers (Special) to semi.o(.text) for __semihosting_library_function
    uldiv.o(.text) refers to llushr.o(.text) for __aeabi_llsr
    uldiv.o(.text) refers to llshl.o(.text) for __aeabi_llsl
    fepilogue.o(.text) refers to fepilogue.o(i.__ARM_clz) for __ARM_clz
    depilogue.o(.text) refers to fepilogue.o(i.__ARM_clz) for __ARM_clz
    depilogue.o(.text) refers to llshl.o(.text) for __aeabi_llsl
    depilogue.o(.text) refers to llushr.o(.text) for __aeabi_llsr
    ddiv.o(.text) refers to depilogue.o(.text) for _double_round
    dfixul.o(.text) refers to llushr.o(.text) for __aeabi_llsr
    dfixul.o(.text) refers to llshl.o(.text) for __aeabi_llsl
    init.o(.text) refers to entry5.o(.ARM.Collect$$$$00000004) for __main_after_scatterload


==============================================================================

Removing Unused input sections from the image.

    Removing dashboard.o(.data), (1 bytes).
    Removing dashboard.o(.data), (4 bytes).
    Removing str91x.o(HEAP), (0 bytes).
    Removing rt_task.o(i.os_tsk_create_ex0), (12 bytes).
    Removing rt_task.o(i.os_tsk_pass), (52 bytes).
    Removing rt_task.o(i.os_tsk_prio), (144 bytes).
    Removing rt_task.o(i.os_tsk_self), (16 bytes).
    Removing rt_time.o(i.os_dly_wait), (24 bytes).
    Removing rt_time.o(i.os_time_get), (12 bytes).
    Removing rt_system.o(.emb_text), (0 bytes).
    Removing rt_system.o(i.os_psh_req), (52 bytes).
    Removing rt_system.o(i.os_resume), (168 bytes).
    Removing rt_system.o(i.os_suspend), (52 bytes).
    Removing rt_list.o(i.os_get_same_rdy_prio), (36 bytes).
    Removing rt_list.o(i.os_psq_enq), (52 bytes).
    Removing rt_membox.o(i._calloc_box), (32 bytes).
    Removing rt_event.o(i.isr_evt_set), (40 bytes).
    Removing rt_event.o(i.os_evt_clr), (40 bytes).
    Removing rt_event.o(i.os_evt_get), (12 bytes).
    Removing rt_event.o(i.os_evt_set), (100 bytes).
    Removing rt_event.o(i.os_evt_wait), (96 bytes).
    Removing rt_mailbox.o(i.isr_mbx_receive), (76 bytes).
    Removing rt_mailbox.o(i.isr_mbx_send), (16 bytes).
    Removing rt_mailbox.o(i.os_mbx_check), (8 bytes).
    Removing rt_mailbox.o(i.os_mbx_init), (48 bytes).
    Removing rt_mailbox.o(i.os_mbx_send), (164 bytes).
    Removing rt_mailbox.o(i.os_mbx_wait), (160 bytes).
    Removing rt_semaphore.o(i.isr_sem_send), (18 bytes).
    Removing rt_semaphore.o(i.os_sem_init), (28 bytes).
    Removing rt_semaphore.o(i.os_sem_send), (58 bytes).
    Removing rt_semaphore.o(i.os_sem_wait), (96 bytes).
    Removing rt_timer.o(i.os_tmr_create), (92 bytes).
    Removing rt_timer.o(i.os_tmr_kill), (72 bytes).
    Removing ddiv.o(.text), (240 bytes).
    Removing dfixul.o(.text), (64 bytes).

35 unused section(s) (total 2085 bytes) removed from the image.

==============================================================================

Image Symbol Table

    Local Symbols

    Symbol Name                              Value     Ov Type        Size  Object(Section)

    Reset                                    0x00000000   Section      444  str91x.o(Reset)
    ../clib/microlib/division.c              0x00000000   Number         0  idiv.o ABSOLUTE
    ../clib/microlib/division.c              0x00000000   Number         0  uldiv.o ABSOLUTE
    ../clib/microlib/division.c              0x00000000   Number         0  uidiv.o ABSOLUTE
    ../clib/microlib/init/entry.s            0x00000000   Number         0  entry5.o ABSOLUTE
    ../clib/microlib/init/entry.s            0x00000000   Number         0  entry8a.o ABSOLUTE
    ../clib/microlib/init/entry.s            0x00000000   Number         0  entry10a.o ABSOLUTE
    ../clib/microlib/init/entry.s            0x00000000   Number         0  entry10b.o ABSOLUTE
    ../clib/microlib/init/entry.s            0x00000000   Number         0  entry11a.o ABSOLUTE
    ../clib/microlib/init/entry.s            0x00000000   Number         0  entry8b.o ABSOLUTE
    ../clib/microlib/init/entry.s            0x00000000   Number         0  entry7b.o ABSOLUTE
    ../clib/microlib/init/entry.s            0x00000000   Number         0  entry7a.o ABSOLUTE
    ../clib/microlib/init/entry.s            0x00000000   Number         0  entry.o ABSOLUTE
    ../clib/microlib/init/entry.s            0x00000000   Number         0  entry11b.o ABSOLUTE
    ../clib/microlib/init/entry.s            0x00000000   Number         0  entry2.o ABSOLUTE
    ../clib/microlib/init/entry.s            0x00000000   Number         0  entry9b.o ABSOLUTE
    ../clib/microlib/init/entry.s            0x00000000   Number         0  entry9a.o ABSOLUTE
    ../clib/microlib/longlong.c              0x00000000   Number         0  llsshr.o ABSOLUTE
    ../clib/microlib/longlong.c              0x00000000   Number         0  llushr.o ABSOLUTE
    ../clib/microlib/longlong.c              0x00000000   Number         0  llshl.o ABSOLUTE
    ../clib/microlib/printf/printf.c         0x00000000   Number         0  printf5.o ABSOLUTE
    ../clib/microlib/printf/printf.c         0x00000000   Number         0  printf4.o ABSOLUTE
    ../clib/microlib/printf/printf.c         0x00000000   Number         0  printf3.o ABSOLUTE
    ../clib/microlib/printf/printf.c         0x00000000   Number         0  printfb.o ABSOLUTE
    ../clib/microlib/printf/printf.c         0x00000000   Number         0  printf0.o ABSOLUTE
    ../clib/microlib/printf/printf.c         0x00000000   Number         0  printf1.o ABSOLUTE
    ../clib/microlib/printf/printf.c         0x00000000   Number         0  printf8.o ABSOLUTE
    ../clib/microlib/printf/printf.c         0x00000000   Number         0  printf2.o ABSOLUTE
    ../clib/microlib/printf/printf.c         0x00000000   Number         0  printfa.o ABSOLUTE
    ../clib/microlib/printf/printf.c         0x00000000   Number         0  printf7.o ABSOLUTE
    ../clib/microlib/printf/printf.c         0x00000000   Number         0  printf6.o ABSOLUTE
    ../clib/microlib/printf/stubs.s          0x00000000   Number         0  stubs.o ABSOLUTE
    ../clib/microlib/stdio/fputc.c           0x00000000   Number         0  fputc.o ABSOLUTE
    ../clib/microlib/stdio/semi.s            0x00000000   Number         0  semi.o ABSOLUTE
    ../clib/microlib/stdio/streams.c         0x00000000   Number         0  stdout.o ABSOLUTE
    ../clib/microlib/stubs.s                 0x00000000   Number         0  iusefp.o ABSOLUTE
    ../clib/microlib/stubs.s                 0x00000000   Number         0  iusesemip.o ABSOLUTE
    ../fplib/microlib/f2d.c                  0x00000000   Number         0  f2d.o ABSOLUTE
    ../fplib/microlib/fpadd.c                0x00000000   Number         0  fadd.o ABSOLUTE
    ../fplib/microlib/fpadd.c                0x00000000   Number         0  dadd.o ABSOLUTE
    ../fplib/microlib/fpdiv.c                0x00000000   Number         0  ddiv.o ABSOLUTE
    ../fplib/microlib/fpepilogue.c           0x00000000   Number         0  depilogue.o ABSOLUTE
    ../fplib/microlib/fpepilogue.c           0x00000000   Number         0  fepilogue.o ABSOLUTE
    ../fplib/microlib/fpfix.c                0x00000000   Number         0  dfixi.o ABSOLUTE
    ../fplib/microlib/fpfix.c                0x00000000   Number         0  ffixi.o ABSOLUTE
    ../fplib/microlib/fpfix.c                0x00000000   Number         0  dfixul.o ABSOLUTE
    ../fplib/microlib/fpflt.c                0x00000000   Number         0  dflti.o ABSOLUTE
    ../fplib/microlib/fpflt.c                0x00000000   Number         0  fflti.o ABSOLUTE
    ../fplib/microlib/fpmul.c                0x00000000   Number         0  fmul.o ABSOLUTE
    ../fplib/microlib/fpmul.c                0x00000000   Number         0  dmul.o ABSOLUTE
    Dashboard.c                              0x00000000   Number         0  dashboard.o ABSOLUTE
    IRQ.c                                    0x00000000   Number         0  irq.o ABSOLUTE
    LCD.c                                    0x00000000   Number         0  lcd.o ABSOLUTE
    RTX_Config.c                             0x00000000   Number         0  rtx_config.o ABSOLUTE
    SRC\ARM\HAL_ARM.c                        0x00000000   Number         0  hal_arm.o ABSOLUTE
    SRC\ARM\SWI_Table.s                      0x00000000   Number         0  SWI_Table.o ABSOLUTE
    SRC\ARM\rt_Event.c                       0x00000000   Number         0  rt_event.o ABSOLUTE
    SRC\ARM\rt_List.c                        0x00000000   Number         0  rt_list.o ABSOLUTE
    SRC\ARM\rt_Mailbox.c                     0x00000000   Number         0  rt_mailbox.o ABSOLUTE
    SRC\ARM\rt_MemBox.c                      0x00000000   Number         0  rt_membox.o ABSOLUTE
    SRC\ARM\rt_Mutex.c                       0x00000000   Number         0  rt_mutex.o ABSOLUTE
    SRC\ARM\rt_Robin.c                       0x00000000   Number         0  rt_robin.o ABSOLUTE
    SRC\ARM\rt_Semaphore.c                   0x00000000   Number         0  rt_semaphore.o ABSOLUTE
    SRC\ARM\rt_System.c                      0x00000000   Number         0  rt_system.o ABSOLUTE
    SRC\ARM\rt_Task.c                        0x00000000   Number         0  rt_task.o ABSOLUTE
    SRC\ARM\rt_Time.c                        0x00000000   Number         0  rt_time.o ABSOLUTE
    SRC\ARM\rt_Timer.c                       0x00000000   Number         0  rt_timer.o ABSOLUTE
    SRC\\ARM\\HAL_ARM.c                      0x00000000   Number         0  hal_arm.o ABSOLUTE
    SRC\\ARM\\rt_System.c                    0x00000000   Number         0  rt_system.o ABSOLUTE
    STR91x.s                                 0x00000000   Number         0  str91x.o ABSOLUTE
    cdrcmple.s                               0x00000000   Number         0  cdrcmple.o ABSOLUTE
    dc.s                                     0x00000000   Number         0  dc.o ABSOLUTE
    handlers.s                               0x00000000   Number         0  handlers.o ABSOLUTE
    init.s                                   0x00000000   Number         0  init.o ABSOLUTE
    UndefHandler                             0x00000040   ARM Code       4  str91x.o(Reset)
    PAbtHandler                              0x00000044   ARM Code       4  str91x.o(Reset)
    DAbtHandler                              0x00000048   ARM Code       4  str91x.o(Reset)
    IRQHandler                               0x0000004c   ARM Code       4  str91x.o(Reset)
    FIQHandler                               0x00000050   ARM Code       4  str91x.o(Reset)
    .ARM.Collect$$$$00000000                 0x000001bc   Section        0  entry.o(.ARM.Collect$$$$00000000)
    .ARM.Collect$$$$00000001                 0x000001bc   Section        4  entry2.o(.ARM.Collect$$$$00000001)
    .ARM.Collect$$$$00000004                 0x000001c0   Section        4  entry5.o(.ARM.Collect$$$$00000004)
    .ARM.Collect$$$$00000008                 0x000001c4   Section        0  entry7b.o(.ARM.Collect$$$$00000008)
    .ARM.Collect$$$$0000000A                 0x000001c4   Section        0  entry8b.o(.ARM.Collect$$$$0000000A)
    .ARM.Collect$$$$0000000B                 0x000001c4   Section       12  entry9a.o(.ARM.Collect$$$$0000000B)
    .ARM.Collect$$$$0000000D                 0x000001d0   Section        0  entry10a.o(.ARM.Collect$$$$0000000D)
    .ARM.Collect$$$$0000000F                 0x000001d0   Section        0  entry11a.o(.ARM.Collect$$$$0000000F)
    .ARM.Collect$$$$00002712                 0x000001d0   Section        4  entry2.o(.ARM.Collect$$$$00002712)
    __lit__00000000                          0x000001d0   Data           4  entry2.o(.ARM.Collect$$$$00002712)
    .emb_text                                0x000001d4   Section      516  hal_arm.o(.emb_text)
    Switch_task                              0x00000350   ARM Code       0  hal_arm.o(.emb_text)
    .text                                    0x000003d8   Section        0  lcd.o(.text)
    lcd_write                                0x000003d9   Thumb Code    38  lcd.o(.text)
    lcd_wait_busy                            0x000003ff   Thumb Code    44  lcd.o(.text)
    lcd_wr_cmd                               0x00000551   Thumb Code    22  lcd.o(.text)
    lcd_wr_data                              0x00000567   Thumb Code    22  lcd.o(.text)
    .text                                    0x000005a8   Section        0  irq.o(.text)
    .text                                    0x00000614   Section        0  dashboard.o(.text)
    update_speed                             0x000008d3   Thumb Code   150  dashboard.o(.text)
    update_brightness                        0x00000c4b   Thumb Code    62  dashboard.o(.text)
    .text                                    0x00000cf0   Section        0  rtx_config.o(.text)
    .text                                    0x00000d8c   Section        0  rtx_config.o(.text)
    os_def_interrupt                         0x00000d8c   ARM Code      28  rtx_config.o(.text)
    .text                                    0x00000da8   Section        0  uidiv.o(.text)
    .text                                    0x00000dd4   Section        0  idiv.o(.text)
    .text                                    0x00000dfc   Section        0  fadd.o(.text)
    .text                                    0x00000eb2   Section        0  fmul.o(.text)
    .text                                    0x00000f30   Section        0  dadd.o(.text)
    .text                                    0x00001094   Section        0  dmul.o(.text)
    .text                                    0x00001164   Section        0  fflti.o(.text)
    .text                                    0x0000117c   Section        0  dflti.o(.text)
    .text                                    0x000011a4   Section        0  ffixi.o(.text)
    .text                                    0x000011d8   Section        0  dfixi.o(.text)
    .text                                    0x00001220   Section        0  f2d.o(.text)
    .text                                    0x00001248   Section       40  cdrcmple.o(.text)
    .text                                    0x00001270   Section        0  llshl.o(.text)
    .text                                    0x00001290   Section        0  llushr.o(.text)
    .text                                    0x000012b2   Section        0  llsshr.o(.text)
    .text                                    0x000012d8   Section        0  fepilogue.o(.text)
    .text                                    0x000012d8   Section        0  iusefp.o(.text)
    .text                                    0x00001342   Section        0  depilogue.o(.text)
    .text                                    0x00001404   Section       32  init.o(.text)
    SWI_TABLE                                0x00001424   Section       36  SWI_Table.o(SWI_TABLE)
    i.__0sprintf$1                           0x00001448   Section        0  printf1.o(i.__0sprintf$1)
    i.__ARM_clz                              0x00001470   Section        0  fepilogue.o(i.__ARM_clz)
    i.__ARM_common_switch8                   0x00001478   Section        0  dashboard.o(i.__ARM_common_switch8)
    i.__SWI_0                                0x00001490   Section        0  hal_arm.o(i.__SWI_0)
    i.__SWI_1                                0x000014c4   Section        0  rt_membox.o(i.__SWI_1)
    i.__SWI_2                                0x000014d2   Section        0  rt_membox.o(i.__SWI_2)
    i.__SWI_3                                0x000014ea   Section        0  hal_arm.o(i.__SWI_3)
    i.__SWI_4                                0x000014f2   Section        0  hal_arm.o(i.__SWI_4)
    i.__SWI_6                                0x000014fa   Section        0  hal_arm.o(i.__SWI_6)
    i.__SWI_7                                0x000014fc   Section        0  hal_arm.o(i.__SWI_7)
    i.__scatterload_copy                     0x00001500   Section       28  handlers.o(i.__scatterload_copy)
    i.__scatterload_null                     0x0000151c   Section        4  handlers.o(i.__scatterload_null)
    i.__scatterload_zeroinit                 0x00001520   Section       24  handlers.o(i.__scatterload_zeroinit)
    i._init_box                              0x00001538   Section        0  rt_membox.o(i._init_box)
    i._printf_core                           0x00001584   Section        0  printf1.o(i._printf_core)
    _printf_core                             0x00001585   Thumb Code   326  printf1.o(i._printf_core)
    i._sputc                                 0x000016d0   Section        0  printf1.o(i._sputc)
    _sputc                                   0x000016d1   Thumb Code    10  printf1.o(i._sputc)
    i.os_block                               0x000016dc   Section        0  rt_task.o(i.os_block)
    i.os_chk_robin                           0x00001724   Section        0  rt_robin.o(i.os_chk_robin)
    i.os_dec_dly                             0x0000176c   Section        0  rt_list.o(i.os_dec_dly)
    i.os_dispatch                            0x000017e8   Section        0  rt_task.o(i.os_dispatch)
    i.os_evt_psh                             0x0000182c   Section        0  rt_event.o(i.os_evt_psh)
    i.os_get_first                           0x0000187c   Section        0  rt_list.o(i.os_get_first)
    i.os_init_context                        0x000018a8   Section        0  rt_task.o(i.os_init_context)
    os_init_context                          0x000018a9   Thumb Code    70  rt_task.o(i.os_init_context)
    i.os_init_robin                          0x000018f4   Section        0  rt_robin.o(i.os_init_robin)
    i.os_init_stack                          0x0000190c   Section        0  hal_arm.o(i.os_init_stack)
    i.os_itv_set                             0x00001980   Section        0  rt_time.o(i.os_itv_set)
    i.os_itv_wait                            0x00001998   Section        0  rt_time.o(i.os_itv_wait)
    i.os_mbx_psh                             0x000019d0   Section        0  rt_mailbox.o(i.os_mbx_psh)
    i.os_mut_init                            0x00001a58   Section        0  rt_mutex.o(i.os_mut_init)
    i.os_mut_release                         0x00001a88   Section        0  rt_mutex.o(i.os_mut_release)
    i.os_mut_wait                            0x00001b6c   Section        0  rt_mutex.o(i.os_mut_wait)
    i.os_put_dly                             0x00001bf0   Section        0  rt_list.o(i.os_put_dly)
    i.os_put_prio                            0x00001c40   Section        0  rt_list.o(i.os_put_prio)
    i.os_put_rdy_first                       0x00001c80   Section        0  rt_list.o(i.os_put_rdy_first)
    i.os_resort_prio                         0x00001c94   Section        0  rt_list.o(i.os_resort_prio)
    i.os_rmv_dly                             0x00001cc8   Section        0  rt_list.o(i.os_rmv_dly)
    i.os_rmv_list                            0x00001cf4   Section        0  rt_list.o(i.os_rmv_list)
    i.os_sem_psh                             0x00001d28   Section        0  rt_semaphore.o(i.os_sem_psh)
    i.os_stk_check                           0x00001d60   Section        0  hal_arm.o(i.os_stk_check)
    i.os_sys_init1                           0x00001d90   Section        0  rt_task.o(i.os_sys_init1)
    i.os_sys_manager                         0x00001e78   Section        0  rt_system.o(i.os_sys_manager)
    i.os_tmr_tick                            0x00001f48   Section        0  rt_timer.o(i.os_tmr_tick)
    i.os_tsk_create0                         0x00001f8c   Section        0  rt_task.o(i.os_tsk_create0)
    i.os_tsk_delete                          0x0000201c   Section        0  rt_task.o(i.os_tsk_delete)
    .constdata                               0x0000216c   Section       64  lcd.o(.constdata)
    UserFont                                 0x0000216c   Data          64  lcd.o(.constdata)
    .constdata                               0x000021ac   Section        2  rtx_config.o(.constdata)
    .constdata                               0x000021b0   Section        4  rtx_config.o(.constdata)
    .constdata                               0x000021b4   Section        4  rtx_config.o(.constdata)
    .constdata                               0x000021b8   Section        8  rtx_config.o(.constdata)
    __tagsym$$used                           0x000021b8   Number         0  rtx_config.o(.constdata)
    __tagsym$$used                           0x000021bc   Number         0  rtx_config.o(.constdata)
    .constdata                               0x000021c0   Section        2  rtx_config.o(.constdata)
    .constdata                               0x000021c4   Section        4  rtx_config.o(.constdata)
    .constdata                               0x000021c8   Section        1  rtx_config.o(.constdata)
    .constdata                               0x000021ca   Section        2  rtx_config.o(.constdata)
    .constdata                               0x000021cc   Section        4  rt_system.o(.constdata)
    __tagsym$$used                           0x000021cc   Number         0  rt_system.o(.constdata)
    .data                                    0x04000000   Section        4  lcd.o(.data)
    lcd_ptr                                  0x04000000   Data           4  lcd.o(.data)
    .data                                    0x04000004   Section        8  irq.o(.data)
    .data                                    0x0400000c   Section      112  dashboard.o(.data)
    .data                                    0x0400007c   Section        4  rtx_config.o(.data)
    .data                                    0x04000080   Section        4  rt_task.o(.data)
    .data                                    0x04000084   Section        4  rt_time.o(.data)
    .data                                    0x04000088   Section        4  hal_arm.o(.data)
    .data                                    0x0400008c   Section        1  hal_arm.o(.data)
    .data                                    0x04000090   Section        8  rt_system.o(.data)
    .data                                    0x04000098   Section        8  rt_robin.o(.data)
    .data                                    0x040000a0   Section        8  rt_timer.o(.data)
    .bss                                     0x040000a8   Section       16  dashboard.o(.bss)
    .bss                                     0x040000b8   Section     1132  rtx_config.o(.bss)
    .bss                                     0x04000528   Section    10600  rtx_config.o(.bss)
    .bss                                     0x04002e90   Section      132  rtx_config.o(.bss)
    .bss                                     0x04002f14   Section       80  rtx_config.o(.bss)
    .bss                                     0x04002f64   Section       56  rt_task.o(.bss)
    .bss                                     0x04002f9c   Section       48  rt_list.o(.bss)
    STACK                                    0x04002fd0   Section      384  str91x.o(STACK)
    Stack_Top                                0x04003150   Data           0  str91x.o(STACK)

    Global Symbols

    Symbol Name                              Value     Ov Type        Size  Object(Section)

    BuildAttributes$$THM_ISAv2$ARM_ISAv5$E$P$S$PE$A:L22$X:L11$S22$IEEE1$IW$USESV6$~STKCKD$USESV7$~SHL$OTIME$ROPI$EBA8$MICROLIB$REQ8$PRES8$EABIv2 0x00000000   Number         0  anon$$obj.o ABSOLUTE
    __ARM_use_no_argv                        0x00000000   Number         0  dashboard.o ABSOLUTE
    _printf_a                                0x00000000   Number         0  stubs.o ABSOLUTE
    _printf_c                                0x00000000   Number         0  stubs.o ABSOLUTE
    _printf_charcount                        0x00000000   Number         0  stubs.o ABSOLUTE
    _printf_d                                0x00000000   Number         0  stubs.o ABSOLUTE
    _printf_e                                0x00000000   Number         0  stubs.o ABSOLUTE
    _printf_f                                0x00000000   Number         0  stubs.o ABSOLUTE
    _printf_flags                            0x00000000   Number         0  stubs.o ABSOLUTE
    _printf_fp_dec                           0x00000000   Number         0  stubs.o ABSOLUTE
    _printf_fp_hex                           0x00000000   Number         0  stubs.o ABSOLUTE
    _printf_g                                0x00000000   Number         0  stubs.o ABSOLUTE
    _printf_i                                0x00000000   Number         0  stubs.o ABSOLUTE
    _printf_int_dec                          0x00000000   Number         0  stubs.o ABSOLUTE
    _printf_l                                0x00000000   Number         0  stubs.o ABSOLUTE
    _printf_lc                               0x00000000   Number         0  stubs.o ABSOLUTE
    _printf_ll                               0x00000000   Number         0  stubs.o ABSOLUTE
    _printf_lld                              0x00000000   Number         0  stubs.o ABSOLUTE
    _printf_lli                              0x00000000   Number         0  stubs.o ABSOLUTE
    _printf_llo                              0x00000000   Number         0  stubs.o ABSOLUTE
    _printf_llu                              0x00000000   Number         0  stubs.o ABSOLUTE
    _printf_llx                              0x00000000   Number         0  stubs.o ABSOLUTE
    _printf_longlong_dec                     0x00000000   Number         0  stubs.o ABSOLUTE
    _printf_longlong_hex                     0x00000000   Number         0  stubs.o ABSOLUTE
    _printf_longlong_oct                     0x00000000   Number         0  stubs.o ABSOLUTE
    _printf_ls                               0x00000000   Number         0  stubs.o ABSOLUTE
    _printf_mbtowc                           0x00000000   Number         0  stubs.o ABSOLUTE
    _printf_n                                0x00000000   Number         0  stubs.o ABSOLUTE
    _printf_o                                0x00000000   Number         0  stubs.o ABSOLUTE
    _printf_p                                0x00000000   Number         0  stubs.o ABSOLUTE
    _printf_percent                          0x00000000   Number         0  stubs.o ABSOLUTE
    _printf_pre_padding                      0x00000000   Number         0  stubs.o ABSOLUTE
    _printf_return_value                     0x00000000   Number         0  stubs.o ABSOLUTE
    _printf_s                                0x00000000   Number         0  stubs.o ABSOLUTE
    _printf_sizespec                         0x00000000   Number         0  stubs.o ABSOLUTE
    _printf_str                              0x00000000   Number         0  stubs.o ABSOLUTE
    _printf_truncate_signed                  0x00000000   Number         0  stubs.o ABSOLUTE
    _printf_truncate_unsigned                0x00000000   Number         0  stubs.o ABSOLUTE
    _printf_u                                0x00000000   Number         0  stubs.o ABSOLUTE
    _printf_wc                               0x00000000   Number         0  stubs.o ABSOLUTE
    _printf_wctomb                           0x00000000   Number         0  stubs.o ABSOLUTE
    _printf_widthprec                        0x00000000   Number         0  stubs.o ABSOLUTE
    _printf_x                                0x00000000   Number         0  stubs.o ABSOLUTE
    __cpp_initialize__aeabi_                  - Undefined Weak Reference
    __cxa_finalize                            - Undefined Weak Reference
    __decompress                              - Undefined Weak Reference
    _clock_init                               - Undefined Weak Reference
    _microlib_exit                            - Undefined Weak Reference
    os_tmr_reload                             - Undefined Weak Reference
    rt_init                                   - Undefined Weak Reference
    rt_notify                                 - Undefined Weak Reference
    rt_post_taskswitch                        - Undefined Weak Reference
    Reset_Handler                            0x00000054   ARM Code       0  str91x.o(Reset)
    __main                                   0x000001bc   ARM Code       0  entry.o(.ARM.Collect$$$$00000000)
    _main_stk                                0x000001bc   ARM Code       0  entry2.o(.ARM.Collect$$$$00000001)
    _main_scatterload                        0x000001c0   ARM Code       0  entry5.o(.ARM.Collect$$$$00000004)
    __main_after_scatterload                 0x000001c4   ARM Code       0  entry5.o(.ARM.Collect$$$$00000004)
    _main_clock                              0x000001c4   ARM Code       0  entry7b.o(.ARM.Collect$$$$00000008)
    _main_cpp_init                           0x000001c4   ARM Code       0  entry8b.o(.ARM.Collect$$$$0000000A)
    _main_init                               0x000001c4   ARM Code       0  entry9a.o(.ARM.Collect$$$$0000000B)
    __rt_final_cpp                           0x000001d0   ARM Code       0  entry10a.o(.ARM.Collect$$$$0000000D)
    __rt_final_exit                          0x000001d0   ARM Code       0  entry11a.o(.ARM.Collect$$$$0000000F)
    _inc_qi                                  0x000001d5   Thumb Code    60  hal_arm.o(.emb_text)
    _dec_qc                                  0x00000211   Thumb Code    32  hal_arm.o(.emb_text)
    os_set_env                               0x00000231   Thumb Code     8  hal_arm.o(.emb_text)
    os_sys_init0                             0x00000239   Thumb Code    32  hal_arm.o(.emb_text)
    os_sys_run                               0x00000265   Thumb Code    16  hal_arm.o(.emb_text)
    os_clock_interrupt                       0x00000278   ARM Code     128  hal_arm.o(.emb_text)
    os_sys_manager_ret                       0x000002e5   Thumb Code     0  hal_arm.o(.emb_text)
    SWI_Handler                              0x0000030c   ARM Code     196  hal_arm.o(.emb_text)
    os_switch_tasks_ret                      0x00000349   Thumb Code     0  hal_arm.o(.emb_text)
    LCD_putc                                 0x0000042b   Thumb Code    32  lcd.o(.text)
    LCD_puts                                 0x0000044b   Thumb Code    20  lcd.o(.text)
    LCD_gotoxy                               0x0000045f   Thumb Code    32  lcd.o(.text)
    __RL_RTX_VER                             0x00000473   Number         0  rt_system.o ABSOLUTE
    LCD_cls                                  0x0000047f   Thumb Code    18  lcd.o(.text)
    LCD_load                                 0x00000491   Thumb Code    32  lcd.o(.text)
    LCD_init                                 0x000004b1   Thumb Code    92  lcd.o(.text)
    LCD_cur_off                              0x0000050d   Thumb Code    10  lcd.o(.text)
    LCD_on                                   0x00000517   Thumb Code    10  lcd.o(.text)
    LCD_bargraph                             0x00000521   Thumb Code    48  lcd.o(.text)
    ADC_IRQ_Handler                          0x000005a8   ARM Code     100  irq.o(.text)
    write_LCD                                0x00000615   Thumb Code   104  dashboard.o(.text)
    read_buttons                             0x0000067d   Thumb Code   108  dashboard.o(.text)
    start_ADC                                0x000006e9   Thumb Code    24  dashboard.o(.text)
    read_input                               0x00000701   Thumb Code    38  dashboard.o(.text)
    write_led                                0x00000727   Thumb Code    52  dashboard.o(.text)
    print_uns_char                           0x0000075b   Thumb Code    36  dashboard.o(.text)
    internalLightOn                          0x0000077f   Thumb Code    12  dashboard.o(.text)
    internalLightOff                         0x0000078b   Thumb Code    10  dashboard.o(.text)
    internalLightDim                         0x00000795   Thumb Code    12  dashboard.o(.text)
    TickFct_Sensor                           0x000007a1   Thumb Code   172  dashboard.o(.text)
    EngineTickFct_Sensor                     0x0000084d   Thumb Code   134  dashboard.o(.text)
    TASK_LCD_STATE                           0x00000969   Thumb Code   134  dashboard.o(.text)
    TASK_Alarm                               0x000009ef   Thumb Code   174  dashboard.o(.text)
    TASK_PWM                                 0x00000a9d   Thumb Code    68  dashboard.o(.text)
    TASK_SENSOR                              0x00000ae1   Thumb Code    52  dashboard.o(.text)
    ADC_Con                                  0x00000b15   Thumb Code    22  dashboard.o(.text)
    init                                     0x00000b2b   Thumb Code   272  dashboard.o(.text)
    main                                     0x00000c3b   Thumb Code    16  dashboard.o(.text)
    os_idle_demon                            0x00000cf1   Thumb Code     2  rtx_config.o(.text)
    os_tmr_call                              0x00000cf3   Thumb Code     2  rtx_config.o(.text)
    os_error                                 0x00000cf5   Thumb Code     2  rtx_config.o(.text)
    os_tmr_init                              0x00000cf7   Thumb Code    44  rtx_config.o(.text)
    os_tmr_force_irq                         0x00000d23   Thumb Code     8  rtx_config.o(.text)
    os_tmr_inspect_cnt                       0x00000d2b   Thumb Code    12  rtx_config.o(.text)
    os_tmr_inspect_ovf                       0x00000d37   Thumb Code    12  rtx_config.o(.text)
    os_irq_ack_lock                          0x00000d43   Thumb Code    20  rtx_config.o(.text)
    __SWI_5                                  0x00000d57   Thumb Code     8  rtx_config.o(.text)
    tsk_unlock                               0x00000d5f   Thumb Code     8  rtx_config.o(.text)
    __aeabi_uidiv                            0x00000da9   Thumb Code     0  uidiv.o(.text)
    __aeabi_uidivmod                         0x00000da9   Thumb Code    44  uidiv.o(.text)
    __aeabi_idiv                             0x00000dd5   Thumb Code     0  idiv.o(.text)
    __aeabi_idivmod                          0x00000dd5   Thumb Code    40  idiv.o(.text)
    __aeabi_fadd                             0x00000dfd   Thumb Code   166  fadd.o(.text)
    __aeabi_fsub                             0x00000ea3   Thumb Code     8  fadd.o(.text)
    __aeabi_frsub                            0x00000eab   Thumb Code     8  fadd.o(.text)
    __aeabi_fmul                             0x00000eb3   Thumb Code   124  fmul.o(.text)
    __aeabi_dadd                             0x00000f31   Thumb Code   326  dadd.o(.text)
    __aeabi_dsub                             0x00001077   Thumb Code    12  dadd.o(.text)
    __aeabi_drsub                            0x00001083   Thumb Code    12  dadd.o(.text)
    __aeabi_dmul                             0x00001095   Thumb Code   202  dmul.o(.text)
    __aeabi_i2f                              0x00001165   Thumb Code    22  fflti.o(.text)
    __aeabi_i2d                              0x0000117d   Thumb Code    34  dflti.o(.text)
    __aeabi_f2iz                             0x000011a5   Thumb Code    50  ffixi.o(.text)
    __aeabi_d2iz                             0x000011d9   Thumb Code    62  dfixi.o(.text)
    __aeabi_f2d                              0x00001221   Thumb Code    40  f2d.o(.text)
    __aeabi_cdrcmple                         0x00001249   Thumb Code    38  cdrcmple.o(.text)
    __aeabi_llsl                             0x00001271   Thumb Code    32  llshl.o(.text)
    _ll_shift_l                              0x00001271   Thumb Code     0  llshl.o(.text)
    __aeabi_llsr                             0x00001291   Thumb Code    34  llushr.o(.text)
    _ll_ushift_r                             0x00001291   Thumb Code     0  llushr.o(.text)
    __aeabi_lasr                             0x000012b3   Thumb Code    38  llsshr.o(.text)
    _ll_sshift_r                             0x000012b3   Thumb Code     0  llsshr.o(.text)
    __I$use$fp                               0x000012d8   ARM Code       0  iusefp.o(.text)
    _float_round                             0x000012d9   Thumb Code    16  fepilogue.o(.text)
    _float_epilogue                          0x000012e9   Thumb Code    90  fepilogue.o(.text)
    _double_round                            0x00001343   Thumb Code    26  depilogue.o(.text)
    _double_epilogue                         0x0000135d   Thumb Code   166  depilogue.o(.text)
    __scatterload                            0x00001405   Thumb Code    22  init.o(.text)
    __scatterload_rt2                        0x00001405   Thumb Code     0  init.o(.text)
    SWI_Count                                0x00001424   Data           4  SWI_Table.o(SWI_TABLE)
    SWI_Table                                0x00001428   Data           0  SWI_Table.o(SWI_TABLE)
    __0sprintf$1                             0x00001449   Thumb Code    36  printf1.o(i.__0sprintf$1)
    __1sprintf$1                             0x00001449   Thumb Code     0  printf1.o(i.__0sprintf$1)
    __2sprintf                               0x00001449   Thumb Code     0  printf1.o(i.__0sprintf$1)
    __ARM_clz                                0x00001470   ARM Code       8  fepilogue.o(i.__ARM_clz)
    __ARM_common_switch8                     0x00001478   ARM Code      24  dashboard.o(i.__ARM_common_switch8)
    __SWI_0                                  0x00001491   Thumb Code    46  hal_arm.o(i.__SWI_0)
    __SWI_1                                  0x000014c5   Thumb Code    14  rt_membox.o(i.__SWI_1)
    __SWI_2                                  0x000014d3   Thumb Code    24  rt_membox.o(i.__SWI_2)
    __SWI_3                                  0x000014eb   Thumb Code     8  hal_arm.o(i.__SWI_3)
    __SWI_4                                  0x000014f3   Thumb Code     8  hal_arm.o(i.__SWI_4)
    __SWI_6                                  0x000014fb   Thumb Code     2  hal_arm.o(i.__SWI_6)
    __SWI_7                                  0x000014fd   Thumb Code     2  hal_arm.o(i.__SWI_7)
    __scatterload_copy                       0x00001500   ARM Code      28  handlers.o(i.__scatterload_copy)
    __scatterload_null                       0x0000151c   ARM Code       4  handlers.o(i.__scatterload_null)
    __scatterload_zeroinit                   0x00001520   ARM Code      24  handlers.o(i.__scatterload_zeroinit)
    _init_box                                0x00001539   Thumb Code    74  rt_membox.o(i._init_box)
    os_block                                 0x000016dd   Thumb Code    58  rt_task.o(i.os_block)
    os_chk_robin                             0x00001725   Thumb Code    60  rt_robin.o(i.os_chk_robin)
    os_dec_dly                               0x0000176d   Thumb Code   116  rt_list.o(i.os_dec_dly)
    os_dispatch                              0x000017e9   Thumb Code    60  rt_task.o(i.os_dispatch)
    os_evt_psh                               0x0000182d   Thumb Code    74  rt_event.o(i.os_evt_psh)
    os_get_first                             0x0000187d   Thumb Code    42  rt_list.o(i.os_get_first)
    os_init_robin                            0x000018f5   Thumb Code    16  rt_robin.o(i.os_init_robin)
    os_init_stack                            0x0000190d   Thumb Code   100  hal_arm.o(i.os_init_stack)
    os_itv_set                               0x00001981   Thumb Code    16  rt_time.o(i.os_itv_set)
    os_itv_wait                              0x00001999   Thumb Code    46  rt_time.o(i.os_itv_wait)
    os_mbx_psh                               0x000019d1   Thumb Code   132  rt_mailbox.o(i.os_mbx_psh)
    os_mut_init                              0x00001a59   Thumb Code    44  rt_mutex.o(i.os_mut_init)
    os_mut_release                           0x00001a89   Thumb Code   218  rt_mutex.o(i.os_mut_release)
    os_mut_wait                              0x00001b6d   Thumb Code   128  rt_mutex.o(i.os_mut_wait)
    os_put_dly                               0x00001bf1   Thumb Code    76  rt_list.o(i.os_put_dly)
    os_put_prio                              0x00001c41   Thumb Code    62  rt_list.o(i.os_put_prio)
    os_put_rdy_first                         0x00001c81   Thumb Code    14  rt_list.o(i.os_put_rdy_first)
    os_resort_prio                           0x00001c95   Thumb Code    48  rt_list.o(i.os_resort_prio)
    os_rmv_dly                               0x00001cc9   Thumb Code    44  rt_list.o(i.os_rmv_dly)
    os_rmv_list                              0x00001cf5   Thumb Code    46  rt_list.o(i.os_rmv_list)
    os_sem_psh                               0x00001d29   Thumb Code    50  rt_semaphore.o(i.os_sem_psh)
    os_stk_check                             0x00001d61   Thumb Code    38  hal_arm.o(i.os_stk_check)
    os_sys_init1                             0x00001d91   Thumb Code   162  rt_task.o(i.os_sys_init1)
    os_sys_manager                           0x00001e79   Thumb Code   186  rt_system.o(i.os_sys_manager)
    os_tmr_tick                              0x00001f49   Thumb Code    58  rt_timer.o(i.os_tmr_tick)
    os_tsk_create0                           0x00001f8d   Thumb Code   130  rt_task.o(i.os_tsk_create0)
    os_tsk_delete                            0x0000201d   Thumb Code   312  rt_task.o(i.os_tsk_delete)
    os_maxtaskrun                            0x000021ac   Data           2  rtx_config.o(.constdata)
    os_stackinfo                             0x000021b0   Data           4  rtx_config.o(.constdata)
    os_rrobin                                0x000021b4   Data           4  rtx_config.o(.constdata)
    os_clockrate                             0x000021b8   Data           4  rtx_config.o(.constdata)
    os_timernum                              0x000021bc   Data           4  rtx_config.o(.constdata)
    mp_tcb_size                              0x000021c0   Data           2  rtx_config.o(.constdata)
    mp_stk_size                              0x000021c4   Data           4  rtx_config.o(.constdata)
    os_fifo_size                             0x000021c8   Data           1  rtx_config.o(.constdata)
    mp_tmr_size                              0x000021ca   Data           2  rtx_config.o(.constdata)
    RL_RTX_Version                           0x000021cc   Data           4  rt_system.o(.constdata)
    Region$$Table$$Base                      0x000021d0   Number         0  anon$$obj.o(Region$$Table)
    Region$$Table$$Limit                     0x000021f0   Number         0  anon$$obj.o(Region$$Table)
    AD_in_progress                           0x04000004   Data           1  irq.o(.data)
    Potentiometer                            0x04000006   Data           2  irq.o(.data)
    SlideSensor                              0x04000008   Data           2  irq.o(.data)
    ForceSensor                              0x0400000a   Data           2  irq.o(.data)
    B0                                       0x0400000c   Data           1  dashboard.o(.data)
    B1                                       0x0400000d   Data           1  dashboard.o(.data)
    B2                                       0x0400000e   Data           1  dashboard.o(.data)
    B3                                       0x0400000f   Data           1  dashboard.o(.data)
    B4                                       0x04000010   Data           1  dashboard.o(.data)
    B5                                       0x04000011   Data           1  dashboard.o(.data)
    B6                                       0x04000012   Data           1  dashboard.o(.data)
    B7                                       0x04000013   Data           1  dashboard.o(.data)
    isAlarmOn                                0x04000014   Data           1  dashboard.o(.data)
    isDoorOpen                               0x04000015   Data           1  dashboard.o(.data)
    isEngineOn                               0x04000016   Data           1  dashboard.o(.data)
    doorStateChanged                         0x04000017   Data           1  dashboard.o(.data)
    engineStateChanged                       0x04000018   Data           1  dashboard.o(.data)
    wasAOpressed                             0x04000019   Data           1  dashboard.o(.data)
    wasA1pressed                             0x0400001a   Data           1  dashboard.o(.data)
    isInternalLightDimming                   0x0400001b   Data           1  dashboard.o(.data)
    A0                                       0x0400001c   Data           1  dashboard.o(.data)
    A1                                       0x0400001d   Data           1  dashboard.o(.data)
    CAR_State                                0x0400001e   Data           1  dashboard.o(.data)
    ENGINE_State                             0x0400001f   Data           1  dashboard.o(.data)
    DARKNESS_THRESHOLD                       0x04000020   Data           2  dashboard.o(.data)
    MAX_BRIGHTNESS                           0x04000022   Data           2  dashboard.o(.data)
    MAX_POTENTIOMETER                        0x04000024   Data           2  dashboard.o(.data)
    ALARM_DELAY                              0x04000026   Data           2  dashboard.o(.data)
    PWM_DELAY                                0x04000028   Data           2  dashboard.o(.data)
    SENSOR_DELAY                             0x0400002a   Data           2  dashboard.o(.data)
    LCD_STATE_DELAY                          0x0400002c   Data           2  dashboard.o(.data)
    ACD_DELAY                                0x0400002e   Data           2  dashboard.o(.data)
    LCD_STATE_DURATION_CYCLES                0x04000030   Data           2  dashboard.o(.data)
    DIM_DURATION_CYCLES                      0x04000032   Data           2  dashboard.o(.data)
    CAR_OPEN_ON_LIGHT_CYCLES                 0x04000034   Data           2  dashboard.o(.data)
    CAR_CLOSE_ON_CYCLES                      0x04000036   Data           2  dashboard.o(.data)
    ALARM_PRIORITY                           0x04000038   Data           2  dashboard.o(.data)
    PWM_PRIORITY                             0x0400003a   Data           2  dashboard.o(.data)
    LCD_STATE_PRIORITY                       0x0400003c   Data           2  dashboard.o(.data)
    SENSOR_PRIORITY                          0x0400003e   Data           2  dashboard.o(.data)
    ACD_PRIORITY                             0x04000040   Data           2  dashboard.o(.data)
    headlight_brightness                     0x04000042   Data           2  dashboard.o(.data)
    internal_brightness                      0x04000044   Data           2  dashboard.o(.data)
    BRAKE_MULTIPLIER                         0x04000048   Data           4  dashboard.o(.data)
    FRICTION_MULTIPLIER                      0x0400004c   Data           4  dashboard.o(.data)
    MIN_FRICTION                             0x04000050   Data           4  dashboard.o(.data)
    ACC_MULTIPLIER                           0x04000054   Data           4  dashboard.o(.data)
    speed                                    0x04000058   Data           4  dashboard.o(.data)
    SPEED_MULTIPLIER                         0x0400005c   Data           4  dashboard.o(.data)
    MAX_SPEED                                0x04000060   Data           4  dashboard.o(.data)
    internalLightDimCounter                  0x04000064   Data           4  dashboard.o(.data)
    counter                                  0x04000068   Data           4  dashboard.o(.data)
    Car_controller_id                        0x0400006c   Data           4  dashboard.o(.data)
    PWM_controller_id                        0x04000070   Data           4  dashboard.o(.data)
    Alarm_controller_id                      0x04000074   Data           4  dashboard.o(.data)
    LCD_state_controller_id                  0x04000078   Data           4  dashboard.o(.data)
    m_tmr                                    0x0400007c   Data           4  rtx_config.o(.data)
    os_runtask                               0x04000080   Data           4  rt_task.o(.data)
    os_time                                  0x04000084   Data           4  rt_time.o(.data)
    sys_stktop                               0x04000088   Data           4  hal_arm.o(.data)
    sys_mode                                 0x0400008c   Data           1  hal_arm.o(.data)
    os_psh                                   0x04000090   Data           8  rt_system.o(.data)
    os_robin                                 0x04000098   Data           8  rt_robin.o(.data)
    os_tmr                                   0x040000a0   Data           8  rt_timer.o(.data)
    LCD_Mutex                                0x040000a8   Data          16  dashboard.o(.bss)
    mp_tcb                                   0x040000b8   Data        1132  rtx_config.o(.bss)
    mp_stk                                   0x04000528   Data       10600  rtx_config.o(.bss)
    os_fifo                                  0x04002e90   Data         132  rtx_config.o(.bss)
    os_active_TCB                            0x04002f14   Data          80  rtx_config.o(.bss)
    os_idle_TCB                              0x04002f64   Data          56  rt_task.o(.bss)
    os_rdy                                   0x04002f9c   Data          24  rt_list.o(.bss)
    os_dly                                   0x04002fb4   Data          24  rt_list.o(.bss)
    __initial_sp                             0x04003050   Data         256  str91x.o(STACK)



==============================================================================

Memory Map of the image

  Image Entry point : 0x000001bc

  Load Region LR_IROM1 (Base: 0x00000000, Size: 0x00002298, Max: 0x00080000, ABSOLUTE)

    Execution Region ER_IROM1 (Base: 0x00000000, Size: 0x000021f0, Max: 0x00080000, ABSOLUTE)

    Base Addr    Size         Type   Attr      Idx    E Section Name        Object

    0x00000000   0x000001bc   Code   RO          167    Reset               str91x.o
    0x000001bc   0x00000000   Code   RO          709  * .ARM.Collect$$$$00000000  mc_5.l(entry.o)
    0x000001bc   0x00000004   Code   RO          997    .ARM.Collect$$$$00000001  mc_5.l(entry2.o)
    0x000001c0   0x00000004   Code   RO          999    .ARM.Collect$$$$00000004  mc_5.l(entry5.o)
    0x000001c4   0x00000000   Code   RO         1001    .ARM.Collect$$$$00000008  mc_5.l(entry7b.o)
    0x000001c4   0x00000000   Code   RO         1003    .ARM.Collect$$$$0000000A  mc_5.l(entry8b.o)
    0x000001c4   0x0000000c   Code   RO         1004    .ARM.Collect$$$$0000000B  mc_5.l(entry9a.o)
    0x000001d0   0x00000000   Code   RO         1006    .ARM.Collect$$$$0000000D  mc_5.l(entry10a.o)
    0x000001d0   0x00000000   Code   RO         1008    .ARM.Collect$$$$0000000F  mc_5.l(entry11a.o)
    0x000001d0   0x00000004   Code   RO          998    .ARM.Collect$$$$00002712  mc_5.l(entry2.o)
    0x000001d4   0x00000204   Code   RO          325    .emb_text           RTX_ARM_L.LIB(hal_arm.o)
    0x000003d8   0x000001d0   Code   RO            1    .text               lcd.o
    0x000005a8   0x0000006c   Code   RO           88    .text               irq.o
    0x00000614   0x000006dc   Code   RO          106    .text               dashboard.o
    0x00000cf0   0x0000009c   Code   RO          130    .text               rtx_config.o
    0x00000d8c   0x0000001c   Code   RO          131    .text               rtx_config.o
    0x00000da8   0x0000002c   Code   RO          712    .text               mc_5.l(uidiv.o)
    0x00000dd4   0x00000028   Code   RO          714    .text               mc_5.l(idiv.o)
    0x00000dfc   0x000000b6   Code   RO          977    .text               mf_5.l(fadd.o)
    0x00000eb2   0x0000007c   Code   RO          979    .text               mf_5.l(fmul.o)
    0x00000f2e   0x00000002   PAD
    0x00000f30   0x00000164   Code   RO          981    .text               mf_5.l(dadd.o)
    0x00001094   0x000000d0   Code   RO          983    .text               mf_5.l(dmul.o)
    0x00001164   0x00000016   Code   RO          985    .text               mf_5.l(fflti.o)
    0x0000117a   0x00000002   PAD
    0x0000117c   0x00000028   Code   RO          987    .text               mf_5.l(dflti.o)
    0x000011a4   0x00000032   Code   RO          989    .text               mf_5.l(ffixi.o)
    0x000011d6   0x00000002   PAD
    0x000011d8   0x00000048   Code   RO          991    .text               mf_5.l(dfixi.o)
    0x00001220   0x00000028   Code   RO          993    .text               mf_5.l(f2d.o)
    0x00001248   0x00000028   Code   RO          995    .text               mf_5.l(cdrcmple.o)
    0x00001270   0x00000020   Code   RO         1015    .text               mc_5.l(llshl.o)
    0x00001290   0x00000022   Code   RO         1017    .text               mc_5.l(llushr.o)
    0x000012b2   0x00000026   Code   RO         1019    .text               mc_5.l(llsshr.o)
    0x000012d8   0x00000000   Code   RO         1021    .text               mc_5.l(iusefp.o)
    0x000012d8   0x0000006a   Code   RO         1022    .text               mf_5.l(fepilogue.o)
    0x00001342   0x000000c0   Code   RO         1026    .text               mf_5.l(depilogue.o)
    0x00001402   0x00000002   PAD
    0x00001404   0x00000020   Code   RO         1032    .text               mc_5.l(init.o)
    0x00001424   0x00000024   Code   RO          553    SWI_TABLE           RTX_ARM_L.LIB(SWI_Table.o)
    0x00001448   0x00000028   Code   RO          763    i.__0sprintf$1      mc_5.l(printf1.o)
    0x00001470   0x00000008   Code   RO         1024    i.__ARM_clz         mf_5.l(fepilogue.o)
    0x00001478   0x00000018   Code   RO          121    i.__ARM_common_switch8  dashboard.o
    0x00001490   0x00000034   Code   RO          326    i.__SWI_0           RTX_ARM_L.LIB(hal_arm.o)
    0x000014c4   0x0000000e   Code   RO          523    i.__SWI_1           RTX_ARM_L.LIB(rt_membox.o)
    0x000014d2   0x00000018   Code   RO          524    i.__SWI_2           RTX_ARM_L.LIB(rt_membox.o)
    0x000014ea   0x00000008   Code   RO          327    i.__SWI_3           RTX_ARM_L.LIB(hal_arm.o)
    0x000014f2   0x00000008   Code   RO          328    i.__SWI_4           RTX_ARM_L.LIB(hal_arm.o)
    0x000014fa   0x00000002   Code   RO          329    i.__SWI_6           RTX_ARM_L.LIB(hal_arm.o)
    0x000014fc   0x00000002   Code   RO          330    i.__SWI_7           RTX_ARM_L.LIB(hal_arm.o)
    0x000014fe   0x00000002   PAD
    0x00001500   0x0000001c   Code   RO         1038    i.__scatterload_copy  mc_5.l(handlers.o)
    0x0000151c   0x00000004   Code   RO         1039    i.__scatterload_null  mc_5.l(handlers.o)
    0x00001520   0x00000018   Code   RO         1040    i.__scatterload_zeroinit  mc_5.l(handlers.o)
    0x00001538   0x0000004a   Code   RO          526    i._init_box         RTX_ARM_L.LIB(rt_membox.o)
    0x00001582   0x00000002   PAD
    0x00001584   0x0000014c   Code   RO          768    i._printf_core      mc_5.l(printf1.o)
    0x000016d0   0x0000000a   Code   RO          770    i._sputc            mc_5.l(printf1.o)
    0x000016da   0x00000002   PAD
    0x000016dc   0x00000048   Code   RO          171    i.os_block          RTX_ARM_L.LIB(rt_task.o)
    0x00001724   0x00000048   Code   RO          502    i.os_chk_robin      RTX_ARM_L.LIB(rt_robin.o)
    0x0000176c   0x0000007c   Code   RO          430    i.os_dec_dly        RTX_ARM_L.LIB(rt_list.o)
    0x000017e8   0x00000044   Code   RO          172    i.os_dispatch       RTX_ARM_L.LIB(rt_task.o)
    0x0000182c   0x00000050   Code   RO          559    i.os_evt_psh        RTX_ARM_L.LIB(rt_event.o)
    0x0000187c   0x0000002a   Code   RO          431    i.os_get_first      RTX_ARM_L.LIB(rt_list.o)
    0x000018a6   0x00000002   PAD
    0x000018a8   0x0000004c   Code   RO          173    i.os_init_context   RTX_ARM_L.LIB(rt_task.o)
    0x000018f4   0x00000018   Code   RO          503    i.os_init_robin     RTX_ARM_L.LIB(rt_robin.o)
    0x0000190c   0x00000074   Code   RO          331    i.os_init_stack     RTX_ARM_L.LIB(hal_arm.o)
    0x00001980   0x00000018   Code   RO          265    i.os_itv_set        RTX_ARM_L.LIB(rt_time.o)
    0x00001998   0x00000038   Code   RO          266    i.os_itv_wait       RTX_ARM_L.LIB(rt_time.o)
    0x000019d0   0x00000088   Code   RO          602    i.os_mbx_psh        RTX_ARM_L.LIB(rt_mailbox.o)
    0x00001a58   0x00000030   Code   RO          301    i.os_mut_init       RTX_ARM_L.LIB(rt_mutex.o)
    0x00001a88   0x000000e4   Code   RO          302    i.os_mut_release    RTX_ARM_L.LIB(rt_mutex.o)
    0x00001b6c   0x00000084   Code   RO          303    i.os_mut_wait       RTX_ARM_L.LIB(rt_mutex.o)
    0x00001bf0   0x00000050   Code   RO          434    i.os_put_dly        RTX_ARM_L.LIB(rt_list.o)
    0x00001c40   0x0000003e   Code   RO          435    i.os_put_prio       RTX_ARM_L.LIB(rt_list.o)
    0x00001c7e   0x00000002   PAD
    0x00001c80   0x00000014   Code   RO          436    i.os_put_rdy_first  RTX_ARM_L.LIB(rt_list.o)
    0x00001c94   0x00000034   Code   RO          437    i.os_resort_prio    RTX_ARM_L.LIB(rt_list.o)
    0x00001cc8   0x0000002c   Code   RO          438    i.os_rmv_dly        RTX_ARM_L.LIB(rt_list.o)
    0x00001cf4   0x00000034   Code   RO          439    i.os_rmv_list       RTX_ARM_L.LIB(rt_list.o)
    0x00001d28   0x00000038   Code   RO          648    i.os_sem_psh        RTX_ARM_L.LIB(rt_semaphore.o)
    0x00001d60   0x00000030   Code   RO          332    i.os_stk_check      RTX_ARM_L.LIB(hal_arm.o)
    0x00001d90   0x000000e8   Code   RO          174    i.os_sys_init1      RTX_ARM_L.LIB(rt_task.o)
    0x00001e78   0x000000d0   Code   RO          388    i.os_sys_manager    RTX_ARM_L.LIB(rt_system.o)
    0x00001f48   0x00000044   Code   RO          684    i.os_tmr_tick       RTX_ARM_L.LIB(rt_timer.o)
    0x00001f8c   0x00000090   Code   RO          175    i.os_tsk_create0    RTX_ARM_L.LIB(rt_task.o)
    0x0000201c   0x00000150   Code   RO          177    i.os_tsk_delete     RTX_ARM_L.LIB(rt_task.o)
    0x0000216c   0x00000040   Data   RO            2    .constdata          lcd.o
    0x000021ac   0x00000002   Data   RO          136    .constdata          rtx_config.o
    0x000021ae   0x00000002   PAD
    0x000021b0   0x00000004   Data   RO          137    .constdata          rtx_config.o
    0x000021b4   0x00000004   Data   RO          138    .constdata          rtx_config.o
    0x000021b8   0x00000008   Data   RO          139    .constdata          rtx_config.o
    0x000021c0   0x00000002   Data   RO          140    .constdata          rtx_config.o
    0x000021c2   0x00000002   PAD
    0x000021c4   0x00000004   Data   RO          141    .constdata          rtx_config.o
    0x000021c8   0x00000001   Data   RO          142    .constdata          rtx_config.o
    0x000021c9   0x00000001   PAD
    0x000021ca   0x00000002   Data   RO          143    .constdata          rtx_config.o
    0x000021cc   0x00000004   Data   RO          389    .constdata          RTX_ARM_L.LIB(rt_system.o)
    0x000021d0   0x00000020   Data   RO         1036    Region$$Table       anon$$obj.o


    Execution Region RW_IRAM1 (Base: 0x04000000, Size: 0x00003150, Max: 0x00018000, ABSOLUTE)

    Base Addr    Size         Type   Attr      Idx    E Section Name        Object

    0x04000000   0x00000004   Data   RW            3    .data               lcd.o
    0x04000004   0x00000008   Data   RW           89    .data               irq.o
    0x0400000c   0x00000070   Data   RW          108    .data               dashboard.o
    0x0400007c   0x00000004   Data   RW          144    .data               rtx_config.o
    0x04000080   0x00000004   Data   RW          182    .data               RTX_ARM_L.LIB(rt_task.o)
    0x04000084   0x00000004   Data   RW          268    .data               RTX_ARM_L.LIB(rt_time.o)
    0x04000088   0x00000004   Data   RW          333    .data               RTX_ARM_L.LIB(hal_arm.o)
    0x0400008c   0x00000001   Data   RW          334    .data               RTX_ARM_L.LIB(hal_arm.o)
    0x0400008d   0x00000003   PAD
    0x04000090   0x00000008   Data   RW          390    .data               RTX_ARM_L.LIB(rt_system.o)
    0x04000098   0x00000008   Data   RW          504    .data               RTX_ARM_L.LIB(rt_robin.o)
    0x040000a0   0x00000008   Data   RW          685    .data               RTX_ARM_L.LIB(rt_timer.o)
    0x040000a8   0x00000010   Zero   RW          107    .bss                dashboard.o
    0x040000b8   0x0000046c   Zero   RW          132    .bss                rtx_config.o
    0x04000524   0x00000004   PAD
    0x04000528   0x00002968   Zero   RW          133    .bss                rtx_config.o
    0x04002e90   0x00000084   Zero   RW          134    .bss                rtx_config.o
    0x04002f14   0x00000050   Zero   RW          135    .bss                rtx_config.o
    0x04002f64   0x00000038   Zero   RW          181    .bss                RTX_ARM_L.LIB(rt_task.o)
    0x04002f9c   0x00000030   Zero   RW          440    .bss                RTX_ARM_L.LIB(rt_list.o)
    0x04002fcc   0x00000004   PAD
    0x04002fd0   0x00000180   Zero   RW          165    STACK               str91x.o


==============================================================================

Image component sizes


      Code (inc. data)   RO Data    RW Data    ZI Data      Debug   Object Name

      1780        234          0        112         16       7623   dashboard.o
       108          8          0          8          0        789   irq.o
       464         44         64          4          0      10591   lcd.o
       184         38         27          4      11944       3022   rtx_config.o
       444         72          0          0        384        344   str91x.o

    ----------------------------------------------------------------------
      2980        396        128        128      12348      22369   Object Totals
         0          0         32          0          0          0   (incl. Generated)
         0          0          5          0          4          0   (incl. Padding)

    ----------------------------------------------------------------------

      Code (inc. data)   RO Data    RW Data    ZI Data      Debug   Library Member Name

        36         36          0          0          0        140   SWI_Table.o
       752         80          0          5          0       3843   hal_arm.o
        80          6          0          0          0        525   rt_event.o
       476         28          0          0         48       3930   rt_list.o
       136          4          0          0          0        573   rt_mailbox.o
       112          0          0          0          0       1464   rt_membox.o
       408         18          0          0          0       1861   rt_mutex.o
        96         20          0          8          0        962   rt_robin.o
        56          6          0          0          0        485   rt_semaphore.o
       208         22          4          8          0       1185   rt_system.o
       928        136          0          4         56       6066   rt_task.o
        80         18          0          4          0        949   rt_time.o
        68         10          0          8          0        619   rt_timer.o
         0          0          0          0          0          0   entry.o
         0          0          0          0          0          0   entry10a.o
         0          0          0          0          0          0   entry11a.o
         8          4          0          0          0          0   entry2.o
         4          0          0          0          0          0   entry5.o
         0          0          0          0          0          0   entry7b.o
         0          0          0          0          0          0   entry8b.o
        12          4          0          0          0          0   entry9a.o
        56          0          0          0          0          0   handlers.o
        40          0          0          0          0         72   idiv.o
        32         10          0          0          0         68   init.o
         0          0          0          0          0          0   iusefp.o
        32          0          0          0          0         68   llshl.o
        38          0          0          0          0         68   llsshr.o
        34          0          0          0          0         68   llushr.o
       382         10          0          0          0        224   printf1.o
        44          0          0          0          0         72   uidiv.o
        40          2          0          0          0         68   cdrcmple.o
       356          6          0          0          0        140   dadd.o
       192          0          0          0          0        156   depilogue.o
        72         10          0          0          0         72   dfixi.o
        40          6          0          0          0         68   dflti.o
       208          6          0          0          0         88   dmul.o
        40          0          0          0          0         60   f2d.o
       182          0          0          0          0        108   fadd.o
       114          0          0          0          0        204   fepilogue.o
        50          0          0          0          0         60   ffixi.o
        22          0          0          0          0         68   fflti.o
       124          0          0          0          0         72   fmul.o

    ----------------------------------------------------------------------
      5576        442          4         40        108      24406   Library Totals
        18          0          0          3          4          0   (incl. Padding)

    ----------------------------------------------------------------------

      Code (inc. data)   RO Data    RW Data    ZI Data      Debug   Library Name

      3436        384          4         37        104      22602   RTX_ARM_L.LIB
       682         28          0          0          0        640   mc_5.l
      1440         30          0          0          0       1164   mf_5.l

    ----------------------------------------------------------------------
      5576        442          4         40        108      24406   Library Totals

    ----------------------------------------------------------------------

==============================================================================


      Code (inc. data)   RO Data    RW Data    ZI Data      Debug   

      8556        838        132        168      12456      43883   Grand Totals
      8556        838        132        168      12456      43883   ELF Image Totals
      8556        838        132        168          0          0   ROM Totals

==============================================================================

    Total RO  Size (Code + RO Data)                 8688 (   8.48kB)
    Total RW  Size (RW Data + ZI Data)             12624 (  12.33kB)
    Total ROM Size (Code + RO Data + RW Data)       8856 (   8.65kB)

==============================================================================

