<html>
<body>
<pre>
<h1>µVision Build Log</h1>
<h2>Project:</h2>
C:\Users\Lewis\Documents\GitHub\cs5272-project\Dashboard.uvproj
Project File Date:  04/01/2015

<h2>Output:</h2>
Build target 'MCBSTR9'
linking...
Program Size: Code=6772 RO-data=132 RW-data=124 ZI-data=12660  
".\Obj\Dashboard.axf" - 0 Error(s), 0 Warning(s).
Load "C:\\Users\\Lewis\\Documents\\GitHub\\cs5272-project\\Obj\\Dashboard.axf" 
Erase Done.
Programming Done.
Verify OK.
Application running ...
xed with another type
  bool isEngineOn = 0;
Dashboard.c(49): warning:  #188-D: enumerated type mixed with another type
  bool doorStateChanged = 0;
Dashboard.c(50): warning:  #188-D: enumerated type mixed with another type
  bool engineStateChanged = 0;
Dashboard.c(55): warning:  #188-D: enumerated type mixed with another type
  bool isInternalLightDimming = 0;
Dashboard.c(69): warning:  #188-D: enumerated type mixed with another type
        engineStateChanged = doorStateChanged = 0;
Dashboard.c(72): warning:  #188-D: enumerated type mixed with another type
                doorStateChanged = 1;
Dashboard.c(73): warning:  #188-D: enumerated type mixed with another type
                isDoorOpen = !isDoorOpen;
Dashboard.c(76): warning:  #188-D: enumerated type mixed with another type
                engineStateChanged = 1;         
Dashboard.c(77): warning:  #188-D: enumerated type mixed with another type
                isEngineOn = !isEngineOn;
Dashboard.c(143): warning:  #188-D: enumerated type mixed with another type
        isInternalLightDimming = 0;
Dashboard.c(147): warning:  #188-D: enumerated type mixed with another type
        isInternalLightDimming = 0;
Dashboard.c(151): warning:  #188-D: enumerated type mixed with another type
        isInternalLightDimming = 1;
Dashboard.c(164): warning:  #223-D: function "sprintf" declared implicitly
        sprintf(ss,"%d",(U32)rptr[1]);
Dashboard.c(171): warning:  #167-D: argument of type "char *" is incompatible with parameter of type "U8 *"
        LCD_puts(ss);
Dashboard.c(174): warning:  #167-D: argument of type "char *" is incompatible with parameter of type "U8 *"
        LCD_puts(pm);
Dashboard.c(156): warning:  #550-D: variable "val" was set but never used
        U32 *rptr, val[2];
Dashboard.c(246): warning:  #188-D: enumerated type mixed with another type
        CAR_State = state;
Dashboard.c(271): warning:  #188-D: enumerated type mixed with another type
                                isAlarmOn = 0;
Dashboard.c(274): warning:  #188-D: enumerated type mixed with another type
                                isAlarmOn = 0;
Dashboard.c(284): warning:  #188-D: enumerated type mixed with another type
                                isAlarmOn = 1;
Dashboard.c(294): warning:  #188-D: enumerated type mixed with another type
                                isAlarmOn = 1;
Dashboard.c(301): warning:  #188-D: enumerated type mixed with another type
        ENGINE_State = state;
Dashboard.c(311): warning:  #188-D: enumerated type mixed with another type
                if(internal_brightness == 0) isInternalLightDimming = 0; 
Dashboard.c(319): warning:  #188-D: enumerated type mixed with another type
        bool b = 0;
Dashboard.c(322): warning:  #188-D: enumerated type mixed with another type
                b = !b;
Dashboard.c(335): warning:  #188-D: enumerated type mixed with another type
        bool isLCDused = 0;
Dashboard.c(340): warning:  #188-D: enumerated type mixed with another type
                        isLCDused = 1;
Dashboard.c(343): warning:  #188-D: enumerated type mixed with another type
                                isLCDused = 0;
Dashboard.c(352): warning:  #167-D: argument of type "char *" is incompatible with parameter of type "U8 *"
                        LCD_puts((isEngineOn)?"on":"off");
Dashboard.c(355): warning:  #167-D: argument of type "char *" is incompatible with parameter of type "U8 *"
                        LCD_puts((isDoorOpen)?"opened":"closed");
Dashboard.c(399): warning:  #177-D: variable "mptr" was declared but never referenced
        U32 *mptr;
Dashboard.c(483): warning:  #1-D: last line of file ends without a newline
   *---------------------------------------------------------------------------*/
Dashboard.c: 34 warnings, 0 errors
linking...
Program Size: Code=6772 RO-data=132 RW-data=124 ZI-data=12660  
".\Obj\Dashboard.axf" - 0 Error(s), 34 Warning(s).
Load "C:\\Users\\Lewis\\Documents\\GitHub\\cs5272-project\\Obj\\Dashboard.axf" 
Erase Done.
Programming Done.
Verify OK.
Application running ...
;
Dashboard.c(484): warning:  #1-D: last line of file ends without a newline
   *---------------------------------------------------------------------------*/
Dashboard.c: 34 warnings, 3 errors
".\Obj\Dashboard.axf" - 3 Error(s), 34 Warning(s).
Target not created
