<!doctype html public "-//w3c//dtd html 4.0 transitional//en">
<html><head>
<title>Static Call Graph - [.\Obj\Dashboard.axf]</title></head>
<body><HR>
<H1>Static Call Graph for image .\Obj\Dashboard.axf</H1><HR>
<BR><P>#&#060CALLGRAPH&#062# ARM Linker, 5.03 [Build 76]: Last Updated: Tue Apr 14 13:50:12 2015
<BR><P>
<H3>Maximum Stack Usage =        160 bytes + Unknown(Functions without stacksize, Cycles, Untraceable Function Pointers)</H3><H3>
Call chain for Maximum Stack Depth:</H3>
TASK_SENSOR &rArr; update_speed &rArr; __aeabi_dmul &rArr; _double_epilogue &rArr; __aeabi_llsr
<P>
<H3>
Functions with no stack information
</H3><UL>
 <LI><a href="#[0]">Reset_Handler</a>
 <LI><a href="#[82]">os_sys_manager_ret</a>
 <LI><a href="#[66]">os_switch_tasks_ret</a>
 <LI><a href="#[1]">UndefHandler</a>
 <LI><a href="#[3]">PAbtHandler</a>
 <LI><a href="#[4]">DAbtHandler</a>
 <LI><a href="#[5]">IRQHandler</a>
 <LI><a href="#[6]">FIQHandler</a>
 <LI><a href="#[d]">Switch_task</a>
</UL>
</UL>
<P>
<H3>
Mutually Recursive functions
</H3> <LI><a href="#[54]">os_error</a>&nbsp;&nbsp;&nbsp;&rArr;&nbsp;&nbsp;&nbsp;<a href="#[54]">os_error</a><BR>
 <LI><a href="#[20]">os_idle_demon</a>&nbsp;&nbsp;&nbsp;&rArr;&nbsp;&nbsp;&nbsp;<a href="#[20]">os_idle_demon</a><BR>
 <LI><a href="#[1]">UndefHandler</a>&nbsp;&nbsp;&nbsp;&rArr;&nbsp;&nbsp;&nbsp;<a href="#[1]">UndefHandler</a><BR>
 <LI><a href="#[3]">PAbtHandler</a>&nbsp;&nbsp;&nbsp;&rArr;&nbsp;&nbsp;&nbsp;<a href="#[3]">PAbtHandler</a><BR>
 <LI><a href="#[4]">DAbtHandler</a>&nbsp;&nbsp;&nbsp;&rArr;&nbsp;&nbsp;&nbsp;<a href="#[4]">DAbtHandler</a><BR>
 <LI><a href="#[5]">IRQHandler</a>&nbsp;&nbsp;&nbsp;&rArr;&nbsp;&nbsp;&nbsp;<a href="#[5]">IRQHandler</a><BR>
 <LI><a href="#[6]">FIQHandler</a>&nbsp;&nbsp;&nbsp;&rArr;&nbsp;&nbsp;&nbsp;<a href="#[6]">FIQHandler</a><BR>
</UL>
<P>
<H3>
Function Pointers
</H3><UL>
 <LI><a href="#[f]">ADC_Con</a> from dashboard.o(.text) referenced from dashboard.o(.text)
 <LI><a href="#[e]">ADC_IRQ_Handler</a> from irq.o(.text) referenced from dashboard.o(.text)
 <LI><a href="#[4]">DAbtHandler</a> from str91x.o(Reset) referenced from str91x.o(Reset)
 <LI><a href="#[6]">FIQHandler</a> from str91x.o(Reset) referenced from str91x.o(Reset)
 <LI><a href="#[5]">IRQHandler</a> from str91x.o(Reset) referenced from str91x.o(Reset)
 <LI><a href="#[3]">PAbtHandler</a> from str91x.o(Reset) referenced from str91x.o(Reset)
 <LI><a href="#[0]">Reset_Handler</a> from str91x.o(Reset) referenced from str91x.o(Reset)
 <LI><a href="#[2]">SWI_Handler</a> from hal_arm.o(.emb_text) referenced from str91x.o(Reset)
 <LI><a href="#[d]">Switch_task</a> from hal_arm.o(.emb_text) referenced from hal_arm.o(.emb_text)
 <LI><a href="#[12]">TASK_Alarm</a> from dashboard.o(.text) referenced from dashboard.o(.text)
 <LI><a href="#[13]">TASK_LCD_STATE</a> from dashboard.o(.text) referenced from dashboard.o(.text)
 <LI><a href="#[11]">TASK_PWM</a> from dashboard.o(.text) referenced from dashboard.o(.text)
 <LI><a href="#[10]">TASK_SENSOR</a> from dashboard.o(.text) referenced from dashboard.o(.text)
 <LI><a href="#[1]">UndefHandler</a> from str91x.o(Reset) referenced from str91x.o(Reset)
 <LI><a href="#[17]">__SWI_0</a> from hal_arm.o(i.__SWI_0) referenced from SWI_Table.o(SWI_TABLE)
 <LI><a href="#[18]">__SWI_1</a> from rt_membox.o(i.__SWI_1) referenced from SWI_Table.o(SWI_TABLE)
 <LI><a href="#[19]">__SWI_2</a> from rt_membox.o(i.__SWI_2) referenced from SWI_Table.o(SWI_TABLE)
 <LI><a href="#[1a]">__SWI_3</a> from hal_arm.o(i.__SWI_3) referenced from SWI_Table.o(SWI_TABLE)
 <LI><a href="#[1b]">__SWI_4</a> from hal_arm.o(i.__SWI_4) referenced from SWI_Table.o(SWI_TABLE)
 <LI><a href="#[1c]">__SWI_5</a> from rtx_config.o(.text) referenced from SWI_Table.o(SWI_TABLE)
 <LI><a href="#[1d]">__SWI_6</a> from hal_arm.o(i.__SWI_6) referenced from SWI_Table.o(SWI_TABLE)
 <LI><a href="#[1e]">__SWI_7</a> from hal_arm.o(i.__SWI_7) referenced from SWI_Table.o(SWI_TABLE)
 <LI><a href="#[22]">__main</a> from entry.o(.ARM.Collect$$$$00000000) referenced from str91x.o(Reset)
 <LI><a href="#[1f]">_sputc</a> from printf1.o(i._sputc) referenced from printf1.o(i.__0sprintf$1)
 <LI><a href="#[14]">init</a> from dashboard.o(.text) referenced from dashboard.o(.text)
 <LI><a href="#[8]">main</a> from dashboard.o(.text) referenced from entry9a.o(.ARM.Collect$$$$0000000B)
 <LI><a href="#[16]">os_clock_interrupt</a> from hal_arm.o(.emb_text) referenced from rtx_config.o(.text)
 <LI><a href="#[15]">os_def_interrupt</a> from rtx_config.o(.text) referenced from rtx_config.o(.text)
 <LI><a href="#[20]">os_idle_demon</a> from rtx_config.o(.text) referenced from rt_task.o(i.os_sys_init1)
 <LI><a href="#[a]">os_irq_ack_lock</a> from rtx_config.o(.text) referenced from hal_arm.o(.emb_text)
 <LI><a href="#[9]">os_sys_init1</a> from rt_task.o(i.os_sys_init1) referenced from hal_arm.o(.emb_text)
 <LI><a href="#[b]">os_sys_manager</a> from rt_system.o(i.os_sys_manager) referenced from hal_arm.o(.emb_text)
 <LI><a href="#[21]">os_tsk_create0</a> from rt_task.o(i.os_tsk_create0) referenced from rt_task.o(i.os_sys_init1)
 <LI><a href="#[c]">tsk_unlock</a> from rtx_config.o(.text) referenced from hal_arm.o(.emb_text)
</UL>
<P>
<H3>
Global Symbols
</H3>
<P><STRONG><a name="[0]"></a>Reset_Handler</STRONG> (ARM, 0 bytes, Stack size unknown bytes, str91x.o(Reset))
<BR>[Address Reference Count : 1]<UL><LI> str91x.o(Reset)
</UL>
<P><STRONG><a name="[22]"></a>__main</STRONG> (ARM, 0 bytes, Stack size unknown bytes, entry.o(.ARM.Collect$$$$00000000))

<P><STRONG><a name="[85]"></a>_main_stk</STRONG> (ARM, 0 bytes, Stack size unknown bytes, entry2.o(.ARM.Collect$$$$00000001))

<P><STRONG><a name="[23]"></a>_main_scatterload</STRONG> (ARM, 0 bytes, Stack size unknown bytes, entry5.o(.ARM.Collect$$$$00000004))
<BR><BR>[Calls]<UL><LI><a href="#[24]">&gt;&gt;</a>&nbsp;&nbsp;&nbsp;__scatterload (via BLX)
</UL>

<P><STRONG><a name="[61]"></a>__main_after_scatterload</STRONG> (ARM, 0 bytes, Stack size unknown bytes, entry5.o(.ARM.Collect$$$$00000004))
<BR><BR>[Called By]<UL><LI><a href="#[24]">&gt;&gt;</a>&nbsp;&nbsp;&nbsp;__scatterload (via BLX)
</UL>

<P><STRONG><a name="[86]"></a>_main_clock</STRONG> (ARM, 0 bytes, Stack size unknown bytes, entry7b.o(.ARM.Collect$$$$00000008))

<P><STRONG><a name="[87]"></a>_main_cpp_init</STRONG> (ARM, 0 bytes, Stack size unknown bytes, entry8b.o(.ARM.Collect$$$$0000000A))

<P><STRONG><a name="[88]"></a>_main_init</STRONG> (ARM, 0 bytes, Stack size unknown bytes, entry9a.o(.ARM.Collect$$$$0000000B))

<P><STRONG><a name="[89]"></a>__rt_final_cpp</STRONG> (ARM, 0 bytes, Stack size unknown bytes, entry10a.o(.ARM.Collect$$$$0000000D))

<P><STRONG><a name="[8a]"></a>__rt_final_exit</STRONG> (ARM, 0 bytes, Stack size unknown bytes, entry11a.o(.ARM.Collect$$$$0000000F))

<P><STRONG><a name="[8b]"></a>_inc_qi</STRONG> (Thumb, 60 bytes, Stack size 0 bytes, hal_arm.o(.emb_text), UNUSED)

<P><STRONG><a name="[80]"></a>_dec_qc</STRONG> (Thumb, 32 bytes, Stack size 0 bytes, hal_arm.o(.emb_text))
<BR><BR>[Called By]<UL><LI><a href="#[b]">&gt;&gt;</a>&nbsp;&nbsp;&nbsp;os_sys_manager
</UL>

<P><STRONG><a name="[79]"></a>os_set_env</STRONG> (Thumb, 8 bytes, Stack size 0 bytes, hal_arm.o(.emb_text))
<BR><BR>[Called By]<UL><LI><a href="#[9]">&gt;&gt;</a>&nbsp;&nbsp;&nbsp;os_sys_init1
</UL>

<P><STRONG><a name="[53]"></a>os_sys_init0</STRONG> (Thumb, 32 bytes, Stack size 0 bytes, hal_arm.o(.emb_text))
<BR><BR>[Called By]<UL><LI><a href="#[8]">&gt;&gt;</a>&nbsp;&nbsp;&nbsp;main
</UL>

<P><STRONG><a name="[7c]"></a>os_sys_run</STRONG> (Thumb, 16 bytes, Stack size 0 bytes, hal_arm.o(.emb_text))
<BR><BR>[Called By]<UL><LI><a href="#[9]">&gt;&gt;</a>&nbsp;&nbsp;&nbsp;os_sys_init1
</UL>

<P><STRONG><a name="[16]"></a>os_clock_interrupt</STRONG> (ARM, 128 bytes, Stack size 0 bytes, hal_arm.o(.emb_text))
<BR>[Address Reference Count : 1]<UL><LI> rtx_config.o(.text)
</UL>
<P><STRONG><a name="[82]"></a>os_sys_manager_ret</STRONG> (Thumb, 0 bytes, Stack size unknown bytes, hal_arm.o(.emb_text))
<BR><BR>[Called By]<UL><LI><a href="#[b]">&gt;&gt;</a>&nbsp;&nbsp;&nbsp;os_sys_manager
</UL>

<P><STRONG><a name="[2]"></a>SWI_Handler</STRONG> (ARM, 196 bytes, Stack size 0 bytes, hal_arm.o(.emb_text))
<BR>[Address Reference Count : 1]<UL><LI> str91x.o(Reset)
</UL>
<P><STRONG><a name="[66]"></a>os_switch_tasks_ret</STRONG> (Thumb, 0 bytes, Stack size unknown bytes, hal_arm.o(.emb_text))
<BR><BR>[Called By]<UL><LI><a href="#[17]">&gt;&gt;</a>&nbsp;&nbsp;&nbsp;__SWI_0
</UL>

<P><STRONG><a name="[25]"></a>LCD_putc</STRONG> (Thumb, 32 bytes, Stack size 16 bytes, lcd.o(.text))
<BR><BR>[Stack]<UL><LI>Max Depth = 36<LI>Call Chain = LCD_putc &rArr; lcd_wr_data &rArr; lcd_wait_busy
</UL>
<BR>[Calls]<UL><LI><a href="#[27]">&gt;&gt;</a>&nbsp;&nbsp;&nbsp;lcd_wr_data
<LI><a href="#[26]">&gt;&gt;</a>&nbsp;&nbsp;&nbsp;lcd_wr_cmd
</UL>
<BR>[Called By]<UL><LI><a href="#[3a]">&gt;&gt;</a>&nbsp;&nbsp;&nbsp;print_uns_char
<LI><a href="#[30]">&gt;&gt;</a>&nbsp;&nbsp;&nbsp;LCD_bargraph
<LI><a href="#[28]">&gt;&gt;</a>&nbsp;&nbsp;&nbsp;LCD_puts
</UL>

<P><STRONG><a name="[28]"></a>LCD_puts</STRONG> (Thumb, 20 bytes, Stack size 8 bytes, lcd.o(.text))
<BR><BR>[Stack]<UL><LI>Max Depth = 44<LI>Call Chain = LCD_puts &rArr; LCD_putc &rArr; lcd_wr_data &rArr; lcd_wait_busy
</UL>
<BR>[Calls]<UL><LI><a href="#[25]">&gt;&gt;</a>&nbsp;&nbsp;&nbsp;LCD_putc
</UL>
<BR>[Called By]<UL><LI><a href="#[13]">&gt;&gt;</a>&nbsp;&nbsp;&nbsp;TASK_LCD_STATE
<LI><a href="#[33]">&gt;&gt;</a>&nbsp;&nbsp;&nbsp;write_LCD
<LI><a href="#[2c]">&gt;&gt;</a>&nbsp;&nbsp;&nbsp;LCD_init
</UL>

<P><STRONG><a name="[29]"></a>LCD_gotoxy</STRONG> (Thumb, 32 bytes, Stack size 16 bytes, lcd.o(.text))
<BR><BR>[Stack]<UL><LI>Max Depth = 36<LI>Call Chain = LCD_gotoxy &rArr; lcd_wr_cmd &rArr; lcd_wait_busy
</UL>
<BR>[Calls]<UL><LI><a href="#[26]">&gt;&gt;</a>&nbsp;&nbsp;&nbsp;lcd_wr_cmd
</UL>
<BR>[Called By]<UL><LI><a href="#[13]">&gt;&gt;</a>&nbsp;&nbsp;&nbsp;TASK_LCD_STATE
<LI><a href="#[33]">&gt;&gt;</a>&nbsp;&nbsp;&nbsp;write_LCD
<LI><a href="#[2a]">&gt;&gt;</a>&nbsp;&nbsp;&nbsp;LCD_cls
</UL>

<P><STRONG><a name="[2a]"></a>LCD_cls</STRONG> (Thumb, 18 bytes, Stack size 8 bytes, lcd.o(.text))
<BR><BR>[Stack]<UL><LI>Max Depth = 44<LI>Call Chain = LCD_cls &rArr; LCD_gotoxy &rArr; lcd_wr_cmd &rArr; lcd_wait_busy
</UL>
<BR>[Calls]<UL><LI><a href="#[29]">&gt;&gt;</a>&nbsp;&nbsp;&nbsp;LCD_gotoxy
<LI><a href="#[26]">&gt;&gt;</a>&nbsp;&nbsp;&nbsp;lcd_wr_cmd
</UL>
<BR>[Called By]<UL><LI><a href="#[14]">&gt;&gt;</a>&nbsp;&nbsp;&nbsp;init
<LI><a href="#[13]">&gt;&gt;</a>&nbsp;&nbsp;&nbsp;TASK_LCD_STATE
<LI><a href="#[33]">&gt;&gt;</a>&nbsp;&nbsp;&nbsp;write_LCD
<LI><a href="#[2c]">&gt;&gt;</a>&nbsp;&nbsp;&nbsp;LCD_init
</UL>

<P><STRONG><a name="[2b]"></a>LCD_load</STRONG> (Thumb, 32 bytes, Stack size 16 bytes, lcd.o(.text))
<BR><BR>[Stack]<UL><LI>Max Depth = 36<LI>Call Chain = LCD_load &rArr; lcd_wr_data &rArr; lcd_wait_busy
</UL>
<BR>[Calls]<UL><LI><a href="#[27]">&gt;&gt;</a>&nbsp;&nbsp;&nbsp;lcd_wr_data
<LI><a href="#[26]">&gt;&gt;</a>&nbsp;&nbsp;&nbsp;lcd_wr_cmd
</UL>
<BR>[Called By]<UL><LI><a href="#[2c]">&gt;&gt;</a>&nbsp;&nbsp;&nbsp;LCD_init
</UL>

<P><STRONG><a name="[2c]"></a>LCD_init</STRONG> (Thumb, 92 bytes, Stack size 8 bytes, lcd.o(.text))
<BR><BR>[Stack]<UL><LI>Max Depth = 52<LI>Call Chain = LCD_init &rArr; LCD_cls &rArr; LCD_gotoxy &rArr; lcd_wr_cmd &rArr; lcd_wait_busy
</UL>
<BR>[Calls]<UL><LI><a href="#[2b]">&gt;&gt;</a>&nbsp;&nbsp;&nbsp;LCD_load
<LI><a href="#[2a]">&gt;&gt;</a>&nbsp;&nbsp;&nbsp;LCD_cls
<LI><a href="#[28]">&gt;&gt;</a>&nbsp;&nbsp;&nbsp;LCD_puts
<LI><a href="#[26]">&gt;&gt;</a>&nbsp;&nbsp;&nbsp;lcd_wr_cmd
<LI><a href="#[2d]">&gt;&gt;</a>&nbsp;&nbsp;&nbsp;lcd_write
</UL>
<BR>[Called By]<UL><LI><a href="#[14]">&gt;&gt;</a>&nbsp;&nbsp;&nbsp;init
</UL>

<P><STRONG><a name="[2e]"></a>LCD_cur_off</STRONG> (Thumb, 10 bytes, Stack size 8 bytes, lcd.o(.text))
<BR><BR>[Stack]<UL><LI>Max Depth = 28<LI>Call Chain = LCD_cur_off &rArr; lcd_wr_cmd &rArr; lcd_wait_busy
</UL>
<BR>[Calls]<UL><LI><a href="#[26]">&gt;&gt;</a>&nbsp;&nbsp;&nbsp;lcd_wr_cmd
</UL>
<BR>[Called By]<UL><LI><a href="#[14]">&gt;&gt;</a>&nbsp;&nbsp;&nbsp;init
<LI><a href="#[13]">&gt;&gt;</a>&nbsp;&nbsp;&nbsp;TASK_LCD_STATE
<LI><a href="#[33]">&gt;&gt;</a>&nbsp;&nbsp;&nbsp;write_LCD
</UL>

<P><STRONG><a name="[2f]"></a>LCD_on</STRONG> (Thumb, 10 bytes, Stack size 8 bytes, lcd.o(.text))
<BR><BR>[Stack]<UL><LI>Max Depth = 28<LI>Call Chain = LCD_on &rArr; lcd_wr_cmd &rArr; lcd_wait_busy
</UL>
<BR>[Calls]<UL><LI><a href="#[26]">&gt;&gt;</a>&nbsp;&nbsp;&nbsp;lcd_wr_cmd
</UL>
<BR>[Called By]<UL><LI><a href="#[13]">&gt;&gt;</a>&nbsp;&nbsp;&nbsp;TASK_LCD_STATE
<LI><a href="#[33]">&gt;&gt;</a>&nbsp;&nbsp;&nbsp;write_LCD
</UL>

<P><STRONG><a name="[30]"></a>LCD_bargraph</STRONG> (Thumb, 48 bytes, Stack size 16 bytes, lcd.o(.text), UNUSED)
<BR><BR>[Calls]<UL><LI><a href="#[25]">&gt;&gt;</a>&nbsp;&nbsp;&nbsp;LCD_putc
<LI><a href="#[31]">&gt;&gt;</a>&nbsp;&nbsp;&nbsp;__aeabi_uidivmod
</UL>

<P><STRONG><a name="[e]"></a>ADC_IRQ_Handler</STRONG> (ARM, 100 bytes, Stack size 20 bytes, irq.o(.text))
<BR><BR>[Stack]<UL><LI>Max Depth = 20<LI>Call Chain = ADC_IRQ_Handler
</UL>
<BR>[Address Reference Count : 1]<UL><LI> dashboard.o(.text)
</UL>
<P><STRONG><a name="[33]"></a>write_LCD</STRONG> (Thumb, 104 bytes, Stack size 24 bytes, dashboard.o(.text))
<BR><BR>[Stack]<UL><LI>Max Depth = 72<LI>Call Chain = write_LCD &rArr; os_mut_release &rArr; os_dispatch &rArr; os_put_prio
</UL>
<BR>[Calls]<UL><LI><a href="#[34]">&gt;&gt;</a>&nbsp;&nbsp;&nbsp;os_mut_wait
<LI><a href="#[39]">&gt;&gt;</a>&nbsp;&nbsp;&nbsp;os_mut_release
<LI><a href="#[35]">&gt;&gt;</a>&nbsp;&nbsp;&nbsp;__aeabi_i2f
<LI><a href="#[36]">&gt;&gt;</a>&nbsp;&nbsp;&nbsp;__aeabi_fmul
<LI><a href="#[37]">&gt;&gt;</a>&nbsp;&nbsp;&nbsp;__aeabi_f2iz
<LI><a href="#[2f]">&gt;&gt;</a>&nbsp;&nbsp;&nbsp;LCD_on
<LI><a href="#[2e]">&gt;&gt;</a>&nbsp;&nbsp;&nbsp;LCD_cur_off
<LI><a href="#[2a]">&gt;&gt;</a>&nbsp;&nbsp;&nbsp;LCD_cls
<LI><a href="#[29]">&gt;&gt;</a>&nbsp;&nbsp;&nbsp;LCD_gotoxy
<LI><a href="#[28]">&gt;&gt;</a>&nbsp;&nbsp;&nbsp;LCD_puts
<LI><a href="#[38]">&gt;&gt;</a>&nbsp;&nbsp;&nbsp;__2sprintf
</UL>
<BR>[Called By]<UL><LI><a href="#[f]">&gt;&gt;</a>&nbsp;&nbsp;&nbsp;ADC_Con
</UL>

<P><STRONG><a name="[4e]"></a>read_buttons</STRONG> (Thumb, 108 bytes, Stack size 8 bytes, dashboard.o(.text))
<BR><BR>[Stack]<UL><LI>Max Depth = 8<LI>Call Chain = read_buttons
</UL>
<BR>[Called By]<UL><LI><a href="#[10]">&gt;&gt;</a>&nbsp;&nbsp;&nbsp;TASK_SENSOR
</UL>

<P><STRONG><a name="[50]"></a>start_ADC</STRONG> (Thumb, 24 bytes, Stack size 0 bytes, dashboard.o(.text))
<BR><BR>[Called By]<UL><LI><a href="#[f]">&gt;&gt;</a>&nbsp;&nbsp;&nbsp;ADC_Con
</UL>

<P><STRONG><a name="[4d]"></a>read_input</STRONG> (Thumb, 38 bytes, Stack size 0 bytes, dashboard.o(.text))
<BR><BR>[Called By]<UL><LI><a href="#[10]">&gt;&gt;</a>&nbsp;&nbsp;&nbsp;TASK_SENSOR
</UL>

<P><STRONG><a name="[4c]"></a>write_led</STRONG> (Thumb, 52 bytes, Stack size 0 bytes, dashboard.o(.text))
<BR><BR>[Called By]<UL><LI><a href="#[11]">&gt;&gt;</a>&nbsp;&nbsp;&nbsp;TASK_PWM
</UL>

<P><STRONG><a name="[3a]"></a>print_uns_char</STRONG> (Thumb, 36 bytes, Stack size 16 bytes, dashboard.o(.text), UNUSED)
<BR><BR>[Calls]<UL><LI><a href="#[25]">&gt;&gt;</a>&nbsp;&nbsp;&nbsp;LCD_putc
<LI><a href="#[31]">&gt;&gt;</a>&nbsp;&nbsp;&nbsp;__aeabi_uidivmod
</UL>

<P><STRONG><a name="[3e]"></a>internalLightOn</STRONG> (Thumb, 12 bytes, Stack size 0 bytes, dashboard.o(.text))
<BR><BR>[Called By]<UL><LI><a href="#[3b]">&gt;&gt;</a>&nbsp;&nbsp;&nbsp;TickFct_Sensor
</UL>

<P><STRONG><a name="[3f]"></a>internalLightOff</STRONG> (Thumb, 10 bytes, Stack size 0 bytes, dashboard.o(.text))
<BR><BR>[Called By]<UL><LI><a href="#[3b]">&gt;&gt;</a>&nbsp;&nbsp;&nbsp;TickFct_Sensor
</UL>

<P><STRONG><a name="[40]"></a>internalLightDim</STRONG> (Thumb, 12 bytes, Stack size 0 bytes, dashboard.o(.text))
<BR><BR>[Called By]<UL><LI><a href="#[3b]">&gt;&gt;</a>&nbsp;&nbsp;&nbsp;TickFct_Sensor
</UL>

<P><STRONG><a name="[3b]"></a>TickFct_Sensor</STRONG> (Thumb, 172 bytes, Stack size 32 bytes, dashboard.o(.text))
<BR><BR>[Stack]<UL><LI>Max Depth = 60<LI>Call Chain = TickFct_Sensor &rArr; __aeabi_idivmod &rArr; __aeabi_uidivmod
</UL>
<BR>[Calls]<UL><LI><a href="#[3c]">&gt;&gt;</a>&nbsp;&nbsp;&nbsp;__ARM_common_switch8 (via BLX)
<LI><a href="#[40]">&gt;&gt;</a>&nbsp;&nbsp;&nbsp;internalLightDim
<LI><a href="#[3f]">&gt;&gt;</a>&nbsp;&nbsp;&nbsp;internalLightOff
<LI><a href="#[3e]">&gt;&gt;</a>&nbsp;&nbsp;&nbsp;internalLightOn
<LI><a href="#[3d]">&gt;&gt;</a>&nbsp;&nbsp;&nbsp;__aeabi_idivmod
</UL>
<BR>[Called By]<UL><LI><a href="#[10]">&gt;&gt;</a>&nbsp;&nbsp;&nbsp;TASK_SENSOR
</UL>

<P><STRONG><a name="[41]"></a>EngineTickFct_Sensor</STRONG> (Thumb, 134 bytes, Stack size 20 bytes, dashboard.o(.text))
<BR><BR>[Stack]<UL><LI>Max Depth = 20<LI>Call Chain = EngineTickFct_Sensor
</UL>
<BR>[Calls]<UL><LI><a href="#[3c]">&gt;&gt;</a>&nbsp;&nbsp;&nbsp;__ARM_common_switch8 (via BLX)
</UL>
<BR>[Called By]<UL><LI><a href="#[10]">&gt;&gt;</a>&nbsp;&nbsp;&nbsp;TASK_SENSOR
</UL>

<P><STRONG><a name="[13]"></a>TASK_LCD_STATE</STRONG> (Thumb, 134 bytes, Stack size 0 bytes, dashboard.o(.text))
<BR><BR>[Stack]<UL><LI>Max Depth = 48<LI>Call Chain = TASK_LCD_STATE &rArr; os_mut_release &rArr; os_dispatch &rArr; os_put_prio
</UL>
<BR>[Calls]<UL><LI><a href="#[34]">&gt;&gt;</a>&nbsp;&nbsp;&nbsp;os_mut_wait
<LI><a href="#[39]">&gt;&gt;</a>&nbsp;&nbsp;&nbsp;os_mut_release
<LI><a href="#[4b]">&gt;&gt;</a>&nbsp;&nbsp;&nbsp;os_itv_wait
<LI><a href="#[4a]">&gt;&gt;</a>&nbsp;&nbsp;&nbsp;os_itv_set
<LI><a href="#[2f]">&gt;&gt;</a>&nbsp;&nbsp;&nbsp;LCD_on
<LI><a href="#[2e]">&gt;&gt;</a>&nbsp;&nbsp;&nbsp;LCD_cur_off
<LI><a href="#[2a]">&gt;&gt;</a>&nbsp;&nbsp;&nbsp;LCD_cls
<LI><a href="#[29]">&gt;&gt;</a>&nbsp;&nbsp;&nbsp;LCD_gotoxy
<LI><a href="#[28]">&gt;&gt;</a>&nbsp;&nbsp;&nbsp;LCD_puts
</UL>
<BR>[Address Reference Count : 1]<UL><LI> dashboard.o(.text)
</UL>
<P><STRONG><a name="[12]"></a>TASK_Alarm</STRONG> (Thumb, 174 bytes, Stack size 0 bytes, dashboard.o(.text))
<BR><BR>[Stack]<UL><LI>Max Depth = 28<LI>Call Chain = TASK_Alarm &rArr; os_itv_wait &rArr; os_block &rArr; os_put_dly
</UL>
<BR>[Calls]<UL><LI><a href="#[4b]">&gt;&gt;</a>&nbsp;&nbsp;&nbsp;os_itv_wait
<LI><a href="#[4a]">&gt;&gt;</a>&nbsp;&nbsp;&nbsp;os_itv_set
</UL>
<BR>[Address Reference Count : 1]<UL><LI> dashboard.o(.text)
</UL>
<P><STRONG><a name="[11]"></a>TASK_PWM</STRONG> (Thumb, 68 bytes, Stack size 0 bytes, dashboard.o(.text))
<BR><BR>[Stack]<UL><LI>Max Depth = 28<LI>Call Chain = TASK_PWM &rArr; os_itv_wait &rArr; os_block &rArr; os_put_dly
</UL>
<BR>[Calls]<UL><LI><a href="#[4b]">&gt;&gt;</a>&nbsp;&nbsp;&nbsp;os_itv_wait
<LI><a href="#[4a]">&gt;&gt;</a>&nbsp;&nbsp;&nbsp;os_itv_set
<LI><a href="#[4c]">&gt;&gt;</a>&nbsp;&nbsp;&nbsp;write_led
</UL>
<BR>[Address Reference Count : 1]<UL><LI> dashboard.o(.text)
</UL>
<P><STRONG><a name="[10]"></a>TASK_SENSOR</STRONG> (Thumb, 52 bytes, Stack size 0 bytes, dashboard.o(.text))
<BR><BR>[Stack]<UL><LI>Max Depth = 160<LI>Call Chain = TASK_SENSOR &rArr; update_speed &rArr; __aeabi_dmul &rArr; _double_epilogue &rArr; __aeabi_llsr
</UL>
<BR>[Calls]<UL><LI><a href="#[4b]">&gt;&gt;</a>&nbsp;&nbsp;&nbsp;os_itv_wait
<LI><a href="#[4a]">&gt;&gt;</a>&nbsp;&nbsp;&nbsp;os_itv_set
<LI><a href="#[41]">&gt;&gt;</a>&nbsp;&nbsp;&nbsp;EngineTickFct_Sensor
<LI><a href="#[3b]">&gt;&gt;</a>&nbsp;&nbsp;&nbsp;TickFct_Sensor
<LI><a href="#[4d]">&gt;&gt;</a>&nbsp;&nbsp;&nbsp;read_input
<LI><a href="#[4e]">&gt;&gt;</a>&nbsp;&nbsp;&nbsp;read_buttons
<LI><a href="#[4f]">&gt;&gt;</a>&nbsp;&nbsp;&nbsp;update_brightness
<LI><a href="#[42]">&gt;&gt;</a>&nbsp;&nbsp;&nbsp;update_speed
</UL>
<BR>[Address Reference Count : 1]<UL><LI> dashboard.o(.text)
</UL>
<P><STRONG><a name="[f]"></a>ADC_Con</STRONG> (Thumb, 22 bytes, Stack size 0 bytes, dashboard.o(.text))
<BR><BR>[Stack]<UL><LI>Max Depth = 72<LI>Call Chain = ADC_Con &rArr; write_LCD &rArr; os_mut_release &rArr; os_dispatch &rArr; os_put_prio
</UL>
<BR>[Calls]<UL><LI><a href="#[4b]">&gt;&gt;</a>&nbsp;&nbsp;&nbsp;os_itv_wait
<LI><a href="#[4a]">&gt;&gt;</a>&nbsp;&nbsp;&nbsp;os_itv_set
<LI><a href="#[50]">&gt;&gt;</a>&nbsp;&nbsp;&nbsp;start_ADC
<LI><a href="#[33]">&gt;&gt;</a>&nbsp;&nbsp;&nbsp;write_LCD
</UL>
<BR>[Address Reference Count : 1]<UL><LI> dashboard.o(.text)
</UL>
<P><STRONG><a name="[14]"></a>init</STRONG> (Thumb, 272 bytes, Stack size 0 bytes, dashboard.o(.text))
<BR><BR>[Stack]<UL><LI>Max Depth = 64<LI>Call Chain = init &rArr; os_tsk_create0 &rArr; os_dispatch &rArr; os_put_prio
</UL>
<BR>[Calls]<UL><LI><a href="#[52]">&gt;&gt;</a>&nbsp;&nbsp;&nbsp;os_tsk_delete
<LI><a href="#[21]">&gt;&gt;</a>&nbsp;&nbsp;&nbsp;os_tsk_create0
<LI><a href="#[51]">&gt;&gt;</a>&nbsp;&nbsp;&nbsp;os_mut_init
<LI><a href="#[2e]">&gt;&gt;</a>&nbsp;&nbsp;&nbsp;LCD_cur_off
<LI><a href="#[2c]">&gt;&gt;</a>&nbsp;&nbsp;&nbsp;LCD_init
<LI><a href="#[2a]">&gt;&gt;</a>&nbsp;&nbsp;&nbsp;LCD_cls
</UL>
<BR>[Address Reference Count : 1]<UL><LI> dashboard.o(.text)
</UL>
<P><STRONG><a name="[8]"></a>main</STRONG> (Thumb, 16 bytes, Stack size 8 bytes, dashboard.o(.text))
<BR><BR>[Stack]<UL><LI>Max Depth = 8<LI>Call Chain = main
</UL>
<BR>[Calls]<UL><LI><a href="#[53]">&gt;&gt;</a>&nbsp;&nbsp;&nbsp;os_sys_init0
</UL>
<BR>[Address Reference Count : 1]<UL><LI> entry9a.o(.ARM.Collect$$$$0000000B)
</UL>
<P><STRONG><a name="[20]"></a>os_idle_demon</STRONG> (Thumb, 2 bytes, Stack size 0 bytes, rtx_config.o(.text))
<BR><BR>[Calls]<UL><LI><a href="#[20]">&gt;&gt;</a>&nbsp;&nbsp;&nbsp;os_idle_demon
</UL>
<BR>[Called By]<UL><LI><a href="#[9]">&gt;&gt;</a>&nbsp;&nbsp;&nbsp;os_sys_init1
<LI><a href="#[20]">&gt;&gt;</a>&nbsp;&nbsp;&nbsp;os_idle_demon
</UL>
<BR>[Address Reference Count : 1]<UL><LI> rt_task.o(i.os_sys_init1)
</UL>
<P><STRONG><a name="[83]"></a>os_tmr_call</STRONG> (Thumb, 2 bytes, Stack size 0 bytes, rtx_config.o(.text))
<BR><BR>[Called By]<UL><LI><a href="#[81]">&gt;&gt;</a>&nbsp;&nbsp;&nbsp;os_tmr_tick
</UL>

<P><STRONG><a name="[54]"></a>os_error</STRONG> (Thumb, 2 bytes, Stack size 0 bytes, rtx_config.o(.text))
<BR><BR>[Calls]<UL><LI><a href="#[54]">&gt;&gt;</a>&nbsp;&nbsp;&nbsp;os_error
</UL>
<BR>[Called By]<UL><LI><a href="#[73]">&gt;&gt;</a>&nbsp;&nbsp;&nbsp;os_mbx_psh
<LI><a href="#[64]">&gt;&gt;</a>&nbsp;&nbsp;&nbsp;os_stk_check
<LI><a href="#[54]">&gt;&gt;</a>&nbsp;&nbsp;&nbsp;os_error
</UL>

<P><STRONG><a name="[7a]"></a>os_tmr_init</STRONG> (Thumb, 44 bytes, Stack size 0 bytes, rtx_config.o(.text))
<BR><BR>[Called By]<UL><LI><a href="#[9]">&gt;&gt;</a>&nbsp;&nbsp;&nbsp;os_sys_init1
</UL>

<P><STRONG><a name="[8c]"></a>os_tmr_force_irq</STRONG> (Thumb, 8 bytes, Stack size 0 bytes, rtx_config.o(.text), UNUSED)

<P><STRONG><a name="[7d]"></a>os_tmr_inspect_cnt</STRONG> (Thumb, 12 bytes, Stack size 0 bytes, rtx_config.o(.text))
<BR><BR>[Called By]<UL><LI><a href="#[b]">&gt;&gt;</a>&nbsp;&nbsp;&nbsp;os_sys_manager
</UL>

<P><STRONG><a name="[7e]"></a>os_tmr_inspect_ovf</STRONG> (Thumb, 12 bytes, Stack size 0 bytes, rtx_config.o(.text))
<BR><BR>[Called By]<UL><LI><a href="#[b]">&gt;&gt;</a>&nbsp;&nbsp;&nbsp;os_sys_manager
</UL>

<P><STRONG><a name="[a]"></a>os_irq_ack_lock</STRONG> (Thumb, 20 bytes, Stack size 0 bytes, rtx_config.o(.text))
<BR>[Address Reference Count : 1]<UL><LI> hal_arm.o(.emb_text)
</UL>
<P><STRONG><a name="[1c]"></a>__SWI_5</STRONG> (Thumb, 8 bytes, Stack size 0 bytes, rtx_config.o(.text))
<BR>[Address Reference Count : 1]<UL><LI> SWI_Table.o(SWI_TABLE)
</UL>
<P><STRONG><a name="[c]"></a>tsk_unlock</STRONG> (Thumb, 8 bytes, Stack size 0 bytes, rtx_config.o(.text))
<BR><BR>[Called By]<UL><LI><a href="#[17]">&gt;&gt;</a>&nbsp;&nbsp;&nbsp;__SWI_0
<LI><a href="#[52]">&gt;&gt;</a>&nbsp;&nbsp;&nbsp;os_tsk_delete
<LI><a href="#[21]">&gt;&gt;</a>&nbsp;&nbsp;&nbsp;os_tsk_create0
<LI><a href="#[34]">&gt;&gt;</a>&nbsp;&nbsp;&nbsp;os_mut_wait
<LI><a href="#[39]">&gt;&gt;</a>&nbsp;&nbsp;&nbsp;os_mut_release
<LI><a href="#[51]">&gt;&gt;</a>&nbsp;&nbsp;&nbsp;os_mut_init
<LI><a href="#[4b]">&gt;&gt;</a>&nbsp;&nbsp;&nbsp;os_itv_wait
</UL>
<BR>[Address Reference Count : 1]<UL><LI> hal_arm.o(.emb_text)
</UL>
<P><STRONG><a name="[8d]"></a>__aeabi_uidiv</STRONG> (Thumb, 0 bytes, Stack size 12 bytes, uidiv.o(.text), UNUSED)

<P><STRONG><a name="[31]"></a>__aeabi_uidivmod</STRONG> (Thumb, 44 bytes, Stack size 12 bytes, uidiv.o(.text))
<BR><BR>[Stack]<UL><LI>Max Depth = 12<LI>Call Chain = __aeabi_uidivmod
</UL>
<BR>[Called By]<UL><LI><a href="#[3a]">&gt;&gt;</a>&nbsp;&nbsp;&nbsp;print_uns_char
<LI><a href="#[4f]">&gt;&gt;</a>&nbsp;&nbsp;&nbsp;update_brightness
<LI><a href="#[30]">&gt;&gt;</a>&nbsp;&nbsp;&nbsp;LCD_bargraph
<LI><a href="#[63]">&gt;&gt;</a>&nbsp;&nbsp;&nbsp;_printf_core
<LI><a href="#[3d]">&gt;&gt;</a>&nbsp;&nbsp;&nbsp;__aeabi_idivmod
</UL>

<P><STRONG><a name="[8e]"></a>__aeabi_idiv</STRONG> (Thumb, 0 bytes, Stack size 16 bytes, idiv.o(.text), UNUSED)

<P><STRONG><a name="[3d]"></a>__aeabi_idivmod</STRONG> (Thumb, 40 bytes, Stack size 16 bytes, idiv.o(.text))
<BR><BR>[Stack]<UL><LI>Max Depth = 28<LI>Call Chain = __aeabi_idivmod &rArr; __aeabi_uidivmod
</UL>
<BR>[Calls]<UL><LI><a href="#[31]">&gt;&gt;</a>&nbsp;&nbsp;&nbsp;__aeabi_uidivmod
</UL>
<BR>[Called By]<UL><LI><a href="#[3b]">&gt;&gt;</a>&nbsp;&nbsp;&nbsp;TickFct_Sensor
<LI><a href="#[4f]">&gt;&gt;</a>&nbsp;&nbsp;&nbsp;update_brightness
</UL>

<P><STRONG><a name="[55]"></a>__aeabi_fadd</STRONG> (Thumb, 166 bytes, Stack size 24 bytes, fadd.o(.text))
<BR><BR>[Stack]<UL><LI>Max Depth = 48<LI>Call Chain = __aeabi_fadd &rArr; _float_epilogue
</UL>
<BR>[Calls]<UL><LI><a href="#[57]">&gt;&gt;</a>&nbsp;&nbsp;&nbsp;_float_round
<LI><a href="#[56]">&gt;&gt;</a>&nbsp;&nbsp;&nbsp;_float_epilogue
</UL>
<BR>[Called By]<UL><LI><a href="#[46]">&gt;&gt;</a>&nbsp;&nbsp;&nbsp;__aeabi_fsub
<LI><a href="#[58]">&gt;&gt;</a>&nbsp;&nbsp;&nbsp;__aeabi_frsub
</UL>

<P><STRONG><a name="[46]"></a>__aeabi_fsub</STRONG> (Thumb, 8 bytes, Stack size 0 bytes, fadd.o(.text))
<BR><BR>[Stack]<UL><LI>Max Depth = 48<LI>Call Chain = __aeabi_fsub &rArr; __aeabi_fadd &rArr; _float_epilogue
</UL>
<BR>[Calls]<UL><LI><a href="#[55]">&gt;&gt;</a>&nbsp;&nbsp;&nbsp;__aeabi_fadd
</UL>
<BR>[Called By]<UL><LI><a href="#[42]">&gt;&gt;</a>&nbsp;&nbsp;&nbsp;update_speed
</UL>

<P><STRONG><a name="[58]"></a>__aeabi_frsub</STRONG> (Thumb, 8 bytes, Stack size 0 bytes, fadd.o(.text), UNUSED)
<BR><BR>[Calls]<UL><LI><a href="#[55]">&gt;&gt;</a>&nbsp;&nbsp;&nbsp;__aeabi_fadd
</UL>

<P><STRONG><a name="[36]"></a>__aeabi_fmul</STRONG> (Thumb, 124 bytes, Stack size 16 bytes, fmul.o(.text))
<BR><BR>[Stack]<UL><LI>Max Depth = 16<LI>Call Chain = __aeabi_fmul
</UL>
<BR>[Called By]<UL><LI><a href="#[33]">&gt;&gt;</a>&nbsp;&nbsp;&nbsp;write_LCD
<LI><a href="#[42]">&gt;&gt;</a>&nbsp;&nbsp;&nbsp;update_speed
</UL>

<P><STRONG><a name="[59]"></a>__aeabi_dadd</STRONG> (Thumb, 326 bytes, Stack size 48 bytes, dadd.o(.text))
<BR><BR>[Stack]<UL><LI>Max Depth = 104<LI>Call Chain = __aeabi_dadd &rArr; _double_epilogue &rArr; __aeabi_llsr
</UL>
<BR>[Calls]<UL><LI><a href="#[5b]">&gt;&gt;</a>&nbsp;&nbsp;&nbsp;__aeabi_lasr
<LI><a href="#[5a]">&gt;&gt;</a>&nbsp;&nbsp;&nbsp;__aeabi_llsl
<LI><a href="#[5d]">&gt;&gt;</a>&nbsp;&nbsp;&nbsp;_double_round
<LI><a href="#[5c]">&gt;&gt;</a>&nbsp;&nbsp;&nbsp;_double_epilogue
</UL>
<BR>[Called By]<UL><LI><a href="#[47]">&gt;&gt;</a>&nbsp;&nbsp;&nbsp;__aeabi_dsub
<LI><a href="#[5e]">&gt;&gt;</a>&nbsp;&nbsp;&nbsp;__aeabi_drsub
</UL>

<P><STRONG><a name="[47]"></a>__aeabi_dsub</STRONG> (Thumb, 12 bytes, Stack size 8 bytes, dadd.o(.text))
<BR><BR>[Stack]<UL><LI>Max Depth = 112<LI>Call Chain = __aeabi_dsub &rArr; __aeabi_dadd &rArr; _double_epilogue &rArr; __aeabi_llsr
</UL>
<BR>[Calls]<UL><LI><a href="#[59]">&gt;&gt;</a>&nbsp;&nbsp;&nbsp;__aeabi_dadd
</UL>
<BR>[Called By]<UL><LI><a href="#[42]">&gt;&gt;</a>&nbsp;&nbsp;&nbsp;update_speed
</UL>

<P><STRONG><a name="[5e]"></a>__aeabi_drsub</STRONG> (Thumb, 12 bytes, Stack size 8 bytes, dadd.o(.text), UNUSED)
<BR><BR>[Calls]<UL><LI><a href="#[59]">&gt;&gt;</a>&nbsp;&nbsp;&nbsp;__aeabi_dadd
</UL>

<P><STRONG><a name="[48]"></a>__aeabi_dmul</STRONG> (Thumb, 202 bytes, Stack size 72 bytes, dmul.o(.text))
<BR><BR>[Stack]<UL><LI>Max Depth = 128<LI>Call Chain = __aeabi_dmul &rArr; _double_epilogue &rArr; __aeabi_llsr
</UL>
<BR>[Calls]<UL><LI><a href="#[5c]">&gt;&gt;</a>&nbsp;&nbsp;&nbsp;_double_epilogue
</UL>
<BR>[Called By]<UL><LI><a href="#[42]">&gt;&gt;</a>&nbsp;&nbsp;&nbsp;update_speed
</UL>

<P><STRONG><a name="[35]"></a>__aeabi_i2f</STRONG> (Thumb, 22 bytes, Stack size 8 bytes, fflti.o(.text))
<BR><BR>[Stack]<UL><LI>Max Depth = 32<LI>Call Chain = __aeabi_i2f &rArr; _float_epilogue
</UL>
<BR>[Calls]<UL><LI><a href="#[56]">&gt;&gt;</a>&nbsp;&nbsp;&nbsp;_float_epilogue
</UL>
<BR>[Called By]<UL><LI><a href="#[33]">&gt;&gt;</a>&nbsp;&nbsp;&nbsp;write_LCD
<LI><a href="#[42]">&gt;&gt;</a>&nbsp;&nbsp;&nbsp;update_speed
</UL>

<P><STRONG><a name="[44]"></a>__aeabi_i2d</STRONG> (Thumb, 34 bytes, Stack size 16 bytes, dflti.o(.text))
<BR><BR>[Stack]<UL><LI>Max Depth = 72<LI>Call Chain = __aeabi_i2d &rArr; _double_epilogue &rArr; __aeabi_llsr
</UL>
<BR>[Calls]<UL><LI><a href="#[5c]">&gt;&gt;</a>&nbsp;&nbsp;&nbsp;_double_epilogue
</UL>
<BR>[Called By]<UL><LI><a href="#[42]">&gt;&gt;</a>&nbsp;&nbsp;&nbsp;update_speed
</UL>

<P><STRONG><a name="[37]"></a>__aeabi_f2iz</STRONG> (Thumb, 50 bytes, Stack size 0 bytes, ffixi.o(.text))
<BR><BR>[Called By]<UL><LI><a href="#[33]">&gt;&gt;</a>&nbsp;&nbsp;&nbsp;write_LCD
</UL>

<P><STRONG><a name="[49]"></a>__aeabi_d2iz</STRONG> (Thumb, 62 bytes, Stack size 16 bytes, dfixi.o(.text))
<BR><BR>[Stack]<UL><LI>Max Depth = 24<LI>Call Chain = __aeabi_d2iz &rArr; __aeabi_llsr
</UL>
<BR>[Calls]<UL><LI><a href="#[5f]">&gt;&gt;</a>&nbsp;&nbsp;&nbsp;__aeabi_llsr
</UL>
<BR>[Called By]<UL><LI><a href="#[42]">&gt;&gt;</a>&nbsp;&nbsp;&nbsp;update_speed
</UL>

<P><STRONG><a name="[43]"></a>__aeabi_f2d</STRONG> (Thumb, 40 bytes, Stack size 0 bytes, f2d.o(.text))
<BR><BR>[Called By]<UL><LI><a href="#[42]">&gt;&gt;</a>&nbsp;&nbsp;&nbsp;update_speed
</UL>

<P><STRONG><a name="[45]"></a>__aeabi_cdrcmple</STRONG> (Thumb, 38 bytes, Stack size 0 bytes, cdrcmple.o(.text))
<BR><BR>[Called By]<UL><LI><a href="#[42]">&gt;&gt;</a>&nbsp;&nbsp;&nbsp;update_speed
</UL>

<P><STRONG><a name="[5a]"></a>__aeabi_llsl</STRONG> (Thumb, 32 bytes, Stack size 8 bytes, llshl.o(.text))
<BR><BR>[Stack]<UL><LI>Max Depth = 8<LI>Call Chain = __aeabi_llsl
</UL>
<BR>[Called By]<UL><LI><a href="#[5c]">&gt;&gt;</a>&nbsp;&nbsp;&nbsp;_double_epilogue
<LI><a href="#[59]">&gt;&gt;</a>&nbsp;&nbsp;&nbsp;__aeabi_dadd
</UL>

<P><STRONG><a name="[8f]"></a>_ll_shift_l</STRONG> (Thumb, 0 bytes, Stack size 8 bytes, llshl.o(.text), UNUSED)

<P><STRONG><a name="[5f]"></a>__aeabi_llsr</STRONG> (Thumb, 34 bytes, Stack size 8 bytes, llushr.o(.text))
<BR><BR>[Stack]<UL><LI>Max Depth = 8<LI>Call Chain = __aeabi_llsr
</UL>
<BR>[Called By]<UL><LI><a href="#[49]">&gt;&gt;</a>&nbsp;&nbsp;&nbsp;__aeabi_d2iz
<LI><a href="#[5c]">&gt;&gt;</a>&nbsp;&nbsp;&nbsp;_double_epilogue
</UL>

<P><STRONG><a name="[90]"></a>_ll_ushift_r</STRONG> (Thumb, 0 bytes, Stack size 8 bytes, llushr.o(.text), UNUSED)

<P><STRONG><a name="[5b]"></a>__aeabi_lasr</STRONG> (Thumb, 38 bytes, Stack size 8 bytes, llsshr.o(.text))
<BR><BR>[Stack]<UL><LI>Max Depth = 8<LI>Call Chain = __aeabi_lasr
</UL>
<BR>[Called By]<UL><LI><a href="#[59]">&gt;&gt;</a>&nbsp;&nbsp;&nbsp;__aeabi_dadd
</UL>

<P><STRONG><a name="[91]"></a>_ll_sshift_r</STRONG> (Thumb, 0 bytes, Stack size 8 bytes, llsshr.o(.text), UNUSED)

<P><STRONG><a name="[92]"></a>__I$use$fp</STRONG> (ARM, 0 bytes, Stack size 0 bytes, iusefp.o(.text), UNUSED)

<P><STRONG><a name="[57]"></a>_float_round</STRONG> (Thumb, 16 bytes, Stack size 0 bytes, fepilogue.o(.text))
<BR><BR>[Called By]<UL><LI><a href="#[55]">&gt;&gt;</a>&nbsp;&nbsp;&nbsp;__aeabi_fadd
</UL>

<P><STRONG><a name="[56]"></a>_float_epilogue</STRONG> (Thumb, 90 bytes, Stack size 24 bytes, fepilogue.o(.text))
<BR><BR>[Stack]<UL><LI>Max Depth = 24<LI>Call Chain = _float_epilogue
</UL>
<BR>[Calls]<UL><LI><a href="#[60]">&gt;&gt;</a>&nbsp;&nbsp;&nbsp;__ARM_clz (via BLX)
</UL>
<BR>[Called By]<UL><LI><a href="#[35]">&gt;&gt;</a>&nbsp;&nbsp;&nbsp;__aeabi_i2f
<LI><a href="#[55]">&gt;&gt;</a>&nbsp;&nbsp;&nbsp;__aeabi_fadd
</UL>

<P><STRONG><a name="[5d]"></a>_double_round</STRONG> (Thumb, 26 bytes, Stack size 8 bytes, depilogue.o(.text))
<BR><BR>[Stack]<UL><LI>Max Depth = 8<LI>Call Chain = _double_round
</UL>
<BR>[Called By]<UL><LI><a href="#[5c]">&gt;&gt;</a>&nbsp;&nbsp;&nbsp;_double_epilogue
<LI><a href="#[59]">&gt;&gt;</a>&nbsp;&nbsp;&nbsp;__aeabi_dadd
</UL>

<P><STRONG><a name="[5c]"></a>_double_epilogue</STRONG> (Thumb, 166 bytes, Stack size 48 bytes, depilogue.o(.text))
<BR><BR>[Stack]<UL><LI>Max Depth = 56<LI>Call Chain = _double_epilogue &rArr; __aeabi_llsr
</UL>
<BR>[Calls]<UL><LI><a href="#[60]">&gt;&gt;</a>&nbsp;&nbsp;&nbsp;__ARM_clz (via BLX)
<LI><a href="#[5f]">&gt;&gt;</a>&nbsp;&nbsp;&nbsp;__aeabi_llsr
<LI><a href="#[5a]">&gt;&gt;</a>&nbsp;&nbsp;&nbsp;__aeabi_llsl
<LI><a href="#[5d]">&gt;&gt;</a>&nbsp;&nbsp;&nbsp;_double_round
</UL>
<BR>[Called By]<UL><LI><a href="#[44]">&gt;&gt;</a>&nbsp;&nbsp;&nbsp;__aeabi_i2d
<LI><a href="#[48]">&gt;&gt;</a>&nbsp;&nbsp;&nbsp;__aeabi_dmul
<LI><a href="#[59]">&gt;&gt;</a>&nbsp;&nbsp;&nbsp;__aeabi_dadd
</UL>

<P><STRONG><a name="[24]"></a>__scatterload</STRONG> (Thumb, 22 bytes, Stack size 0 bytes, init.o(.text))
<BR><BR>[Calls]<UL><LI><a href="#[61]">&gt;&gt;</a>&nbsp;&nbsp;&nbsp;__main_after_scatterload (via BLX)
</UL>
<BR>[Called By]<UL><LI><a href="#[23]">&gt;&gt;</a>&nbsp;&nbsp;&nbsp;_main_scatterload (via BLX)
</UL>

<P><STRONG><a name="[93]"></a>__scatterload_rt2</STRONG> (Thumb, 0 bytes, Stack size 0 bytes, init.o(.text), UNUSED)

<P><STRONG><a name="[62]"></a>__0sprintf$1</STRONG> (Thumb, 36 bytes, Stack size 24 bytes, printf1.o(i.__0sprintf$1), UNUSED)
<BR><BR>[Calls]<UL><LI><a href="#[1f]">&gt;&gt;</a>&nbsp;&nbsp;&nbsp;_sputc
<LI><a href="#[63]">&gt;&gt;</a>&nbsp;&nbsp;&nbsp;_printf_core
</UL>

<P><STRONG><a name="[94]"></a>__1sprintf$1</STRONG> (Thumb, 0 bytes, Stack size 24 bytes, printf1.o(i.__0sprintf$1), UNUSED)

<P><STRONG><a name="[38]"></a>__2sprintf</STRONG> (Thumb, 0 bytes, Stack size 24 bytes, printf1.o(i.__0sprintf$1))
<BR><BR>[Stack]<UL><LI>Max Depth = 24<LI>Call Chain = __2sprintf
</UL>
<BR>[Called By]<UL><LI><a href="#[33]">&gt;&gt;</a>&nbsp;&nbsp;&nbsp;write_LCD
</UL>

<P><STRONG><a name="[60]"></a>__ARM_clz</STRONG> (ARM, 8 bytes, Stack size 0 bytes, fepilogue.o(i.__ARM_clz))
<BR><BR>[Called By]<UL><LI><a href="#[5c]">&gt;&gt;</a>&nbsp;&nbsp;&nbsp;_double_epilogue (via BLX)
<LI><a href="#[56]">&gt;&gt;</a>&nbsp;&nbsp;&nbsp;_float_epilogue (via BLX)
</UL>

<P><STRONG><a name="[3c]"></a>__ARM_common_switch8</STRONG> (ARM, 24 bytes, Stack size 0 bytes, dashboard.o(i.__ARM_common_switch8))
<BR><BR>[Called By]<UL><LI><a href="#[41]">&gt;&gt;</a>&nbsp;&nbsp;&nbsp;EngineTickFct_Sensor (via BLX)
<LI><a href="#[3b]">&gt;&gt;</a>&nbsp;&nbsp;&nbsp;TickFct_Sensor (via BLX)
</UL>

<P><STRONG><a name="[17]"></a>__SWI_0</STRONG> (Thumb, 46 bytes, Stack size 0 bytes, hal_arm.o(i.__SWI_0))
<BR><BR>[Stack]<UL><LI>Max Depth = 8 + Unknown Stack Size
<LI>Call Chain = __SWI_0 &rArr; os_stk_check
</UL>
<BR>[Calls]<UL><LI><a href="#[65]">&gt;&gt;</a>&nbsp;&nbsp;&nbsp;rt_post_taskswitch (Weak Reference)
<LI><a href="#[66]">&gt;&gt;</a>&nbsp;&nbsp;&nbsp;os_switch_tasks_ret
<LI><a href="#[64]">&gt;&gt;</a>&nbsp;&nbsp;&nbsp;os_stk_check
<LI><a href="#[c]">&gt;&gt;</a>&nbsp;&nbsp;&nbsp;tsk_unlock
</UL>
<BR>[Address Reference Count : 1]<UL><LI> SWI_Table.o(SWI_TABLE)
</UL>
<P><STRONG><a name="[18]"></a>__SWI_1</STRONG> (Thumb, 14 bytes, Stack size 0 bytes, rt_membox.o(i.__SWI_1))
<BR>[Address Reference Count : 1]<UL><LI> SWI_Table.o(SWI_TABLE)
</UL>
<P><STRONG><a name="[19]"></a>__SWI_2</STRONG> (Thumb, 24 bytes, Stack size 0 bytes, rt_membox.o(i.__SWI_2))
<BR>[Address Reference Count : 1]<UL><LI> SWI_Table.o(SWI_TABLE)
</UL>
<P><STRONG><a name="[1a]"></a>__SWI_3</STRONG> (Thumb, 8 bytes, Stack size 0 bytes, hal_arm.o(i.__SWI_3))
<BR>[Address Reference Count : 1]<UL><LI> SWI_Table.o(SWI_TABLE)
</UL>
<P><STRONG><a name="[1b]"></a>__SWI_4</STRONG> (Thumb, 8 bytes, Stack size 0 bytes, hal_arm.o(i.__SWI_4))
<BR>[Address Reference Count : 1]<UL><LI> SWI_Table.o(SWI_TABLE)
</UL>
<P><STRONG><a name="[1d]"></a>__SWI_6</STRONG> (Thumb, 2 bytes, Stack size 0 bytes, hal_arm.o(i.__SWI_6))
<BR>[Address Reference Count : 1]<UL><LI> SWI_Table.o(SWI_TABLE)
</UL>
<P><STRONG><a name="[1e]"></a>__SWI_7</STRONG> (Thumb, 2 bytes, Stack size 0 bytes, hal_arm.o(i.__SWI_7))
<BR>[Address Reference Count : 1]<UL><LI> SWI_Table.o(SWI_TABLE)
</UL>
<P><STRONG><a name="[95]"></a>__scatterload_copy</STRONG> (ARM, 28 bytes, Stack size unknown bytes, handlers.o(i.__scatterload_copy), UNUSED)

<P><STRONG><a name="[96]"></a>__scatterload_null</STRONG> (ARM, 4 bytes, Stack size unknown bytes, handlers.o(i.__scatterload_null), UNUSED)

<P><STRONG><a name="[97]"></a>__scatterload_zeroinit</STRONG> (ARM, 24 bytes, Stack size unknown bytes, handlers.o(i.__scatterload_zeroinit), UNUSED)

<P><STRONG><a name="[78]"></a>_init_box</STRONG> (Thumb, 74 bytes, Stack size 4 bytes, rt_membox.o(i._init_box))
<BR><BR>[Stack]<UL><LI>Max Depth = 4<LI>Call Chain = _init_box
</UL>
<BR>[Called By]<UL><LI><a href="#[9]">&gt;&gt;</a>&nbsp;&nbsp;&nbsp;os_sys_init1
</UL>

<P><STRONG><a name="[67]"></a>os_block</STRONG> (Thumb, 58 bytes, Stack size 16 bytes, rt_task.o(i.os_block))
<BR><BR>[Stack]<UL><LI>Max Depth = 20<LI>Call Chain = os_block &rArr; os_put_dly
</UL>
<BR>[Calls]<UL><LI><a href="#[68]">&gt;&gt;</a>&nbsp;&nbsp;&nbsp;os_put_dly
<LI><a href="#[69]">&gt;&gt;</a>&nbsp;&nbsp;&nbsp;os_get_first
</UL>
<BR>[Called By]<UL><LI><a href="#[34]">&gt;&gt;</a>&nbsp;&nbsp;&nbsp;os_mut_wait
<LI><a href="#[4b]">&gt;&gt;</a>&nbsp;&nbsp;&nbsp;os_itv_wait
</UL>

<P><STRONG><a name="[6a]"></a>os_chk_robin</STRONG> (Thumb, 60 bytes, Stack size 8 bytes, rt_robin.o(i.os_chk_robin))
<BR><BR>[Stack]<UL><LI>Max Depth = 16<LI>Call Chain = os_chk_robin &rArr; os_put_prio
</UL>
<BR>[Calls]<UL><LI><a href="#[6b]">&gt;&gt;</a>&nbsp;&nbsp;&nbsp;os_put_prio
<LI><a href="#[69]">&gt;&gt;</a>&nbsp;&nbsp;&nbsp;os_get_first
</UL>
<BR>[Called By]<UL><LI><a href="#[b]">&gt;&gt;</a>&nbsp;&nbsp;&nbsp;os_sys_manager
</UL>

<P><STRONG><a name="[6c]"></a>os_dec_dly</STRONG> (Thumb, 116 bytes, Stack size 16 bytes, rt_list.o(i.os_dec_dly))
<BR><BR>[Stack]<UL><LI>Max Depth = 24<LI>Call Chain = os_dec_dly &rArr; os_put_prio
</UL>
<BR>[Calls]<UL><LI><a href="#[6b]">&gt;&gt;</a>&nbsp;&nbsp;&nbsp;os_put_prio
</UL>
<BR>[Called By]<UL><LI><a href="#[b]">&gt;&gt;</a>&nbsp;&nbsp;&nbsp;os_sys_manager
</UL>

<P><STRONG><a name="[6d]"></a>os_dispatch</STRONG> (Thumb, 60 bytes, Stack size 16 bytes, rt_task.o(i.os_dispatch))
<BR><BR>[Stack]<UL><LI>Max Depth = 24<LI>Call Chain = os_dispatch &rArr; os_put_prio
</UL>
<BR>[Calls]<UL><LI><a href="#[6e]">&gt;&gt;</a>&nbsp;&nbsp;&nbsp;os_put_rdy_first
<LI><a href="#[6b]">&gt;&gt;</a>&nbsp;&nbsp;&nbsp;os_put_prio
<LI><a href="#[69]">&gt;&gt;</a>&nbsp;&nbsp;&nbsp;os_get_first
</UL>
<BR>[Called By]<UL><LI><a href="#[52]">&gt;&gt;</a>&nbsp;&nbsp;&nbsp;os_tsk_delete
<LI><a href="#[21]">&gt;&gt;</a>&nbsp;&nbsp;&nbsp;os_tsk_create0
<LI><a href="#[39]">&gt;&gt;</a>&nbsp;&nbsp;&nbsp;os_mut_release
</UL>

<P><STRONG><a name="[6f]"></a>os_evt_psh</STRONG> (Thumb, 74 bytes, Stack size 8 bytes, rt_event.o(i.os_evt_psh))
<BR><BR>[Stack]<UL><LI>Max Depth = 16<LI>Call Chain = os_evt_psh &rArr; os_put_prio
</UL>
<BR>[Calls]<UL><LI><a href="#[70]">&gt;&gt;</a>&nbsp;&nbsp;&nbsp;os_rmv_dly
<LI><a href="#[6b]">&gt;&gt;</a>&nbsp;&nbsp;&nbsp;os_put_prio
</UL>
<BR>[Called By]<UL><LI><a href="#[b]">&gt;&gt;</a>&nbsp;&nbsp;&nbsp;os_sys_manager
</UL>

<P><STRONG><a name="[69]"></a>os_get_first</STRONG> (Thumb, 42 bytes, Stack size 0 bytes, rt_list.o(i.os_get_first))
<BR><BR>[Called By]<UL><LI><a href="#[76]">&gt;&gt;</a>&nbsp;&nbsp;&nbsp;os_sem_psh
<LI><a href="#[73]">&gt;&gt;</a>&nbsp;&nbsp;&nbsp;os_mbx_psh
<LI><a href="#[6a]">&gt;&gt;</a>&nbsp;&nbsp;&nbsp;os_chk_robin
<LI><a href="#[b]">&gt;&gt;</a>&nbsp;&nbsp;&nbsp;os_sys_manager
<LI><a href="#[6d]">&gt;&gt;</a>&nbsp;&nbsp;&nbsp;os_dispatch
<LI><a href="#[67]">&gt;&gt;</a>&nbsp;&nbsp;&nbsp;os_block
<LI><a href="#[52]">&gt;&gt;</a>&nbsp;&nbsp;&nbsp;os_tsk_delete
<LI><a href="#[39]">&gt;&gt;</a>&nbsp;&nbsp;&nbsp;os_mut_release
</UL>

<P><STRONG><a name="[7b]"></a>os_init_robin</STRONG> (Thumb, 16 bytes, Stack size 0 bytes, rt_robin.o(i.os_init_robin))
<BR><BR>[Called By]<UL><LI><a href="#[9]">&gt;&gt;</a>&nbsp;&nbsp;&nbsp;os_sys_init1
</UL>

<P><STRONG><a name="[72]"></a>os_init_stack</STRONG> (Thumb, 100 bytes, Stack size 8 bytes, hal_arm.o(i.os_init_stack))
<BR><BR>[Stack]<UL><LI>Max Depth = 8<LI>Call Chain = os_init_stack
</UL>
<BR>[Called By]<UL><LI><a href="#[71]">&gt;&gt;</a>&nbsp;&nbsp;&nbsp;os_init_context
</UL>

<P><STRONG><a name="[4a]"></a>os_itv_set</STRONG> (Thumb, 16 bytes, Stack size 0 bytes, rt_time.o(i.os_itv_set))
<BR><BR>[Called By]<UL><LI><a href="#[f]">&gt;&gt;</a>&nbsp;&nbsp;&nbsp;ADC_Con
<LI><a href="#[10]">&gt;&gt;</a>&nbsp;&nbsp;&nbsp;TASK_SENSOR
<LI><a href="#[11]">&gt;&gt;</a>&nbsp;&nbsp;&nbsp;TASK_PWM
<LI><a href="#[12]">&gt;&gt;</a>&nbsp;&nbsp;&nbsp;TASK_Alarm
<LI><a href="#[13]">&gt;&gt;</a>&nbsp;&nbsp;&nbsp;TASK_LCD_STATE
</UL>

<P><STRONG><a name="[4b]"></a>os_itv_wait</STRONG> (Thumb, 46 bytes, Stack size 8 bytes, rt_time.o(i.os_itv_wait))
<BR><BR>[Stack]<UL><LI>Max Depth = 28<LI>Call Chain = os_itv_wait &rArr; os_block &rArr; os_put_dly
</UL>
<BR>[Calls]<UL><LI><a href="#[67]">&gt;&gt;</a>&nbsp;&nbsp;&nbsp;os_block
<LI><a href="#[c]">&gt;&gt;</a>&nbsp;&nbsp;&nbsp;tsk_unlock
</UL>
<BR>[Called By]<UL><LI><a href="#[f]">&gt;&gt;</a>&nbsp;&nbsp;&nbsp;ADC_Con
<LI><a href="#[10]">&gt;&gt;</a>&nbsp;&nbsp;&nbsp;TASK_SENSOR
<LI><a href="#[11]">&gt;&gt;</a>&nbsp;&nbsp;&nbsp;TASK_PWM
<LI><a href="#[12]">&gt;&gt;</a>&nbsp;&nbsp;&nbsp;TASK_Alarm
<LI><a href="#[13]">&gt;&gt;</a>&nbsp;&nbsp;&nbsp;TASK_LCD_STATE
</UL>

<P><STRONG><a name="[73]"></a>os_mbx_psh</STRONG> (Thumb, 132 bytes, Stack size 16 bytes, rt_mailbox.o(i.os_mbx_psh))
<BR><BR>[Stack]<UL><LI>Max Depth = 24<LI>Call Chain = os_mbx_psh &rArr; os_put_prio
</UL>
<BR>[Calls]<UL><LI><a href="#[70]">&gt;&gt;</a>&nbsp;&nbsp;&nbsp;os_rmv_dly
<LI><a href="#[6b]">&gt;&gt;</a>&nbsp;&nbsp;&nbsp;os_put_prio
<LI><a href="#[69]">&gt;&gt;</a>&nbsp;&nbsp;&nbsp;os_get_first
<LI><a href="#[54]">&gt;&gt;</a>&nbsp;&nbsp;&nbsp;os_error
</UL>
<BR>[Called By]<UL><LI><a href="#[b]">&gt;&gt;</a>&nbsp;&nbsp;&nbsp;os_sys_manager
</UL>

<P><STRONG><a name="[51]"></a>os_mut_init</STRONG> (Thumb, 44 bytes, Stack size 16 bytes, rt_mutex.o(i.os_mut_init))
<BR><BR>[Stack]<UL><LI>Max Depth = 16<LI>Call Chain = os_mut_init
</UL>
<BR>[Calls]<UL><LI><a href="#[c]">&gt;&gt;</a>&nbsp;&nbsp;&nbsp;tsk_unlock
</UL>
<BR>[Called By]<UL><LI><a href="#[14]">&gt;&gt;</a>&nbsp;&nbsp;&nbsp;init
</UL>

<P><STRONG><a name="[39]"></a>os_mut_release</STRONG> (Thumb, 218 bytes, Stack size 24 bytes, rt_mutex.o(i.os_mut_release))
<BR><BR>[Stack]<UL><LI>Max Depth = 48<LI>Call Chain = os_mut_release &rArr; os_dispatch &rArr; os_put_prio
</UL>
<BR>[Calls]<UL><LI><a href="#[70]">&gt;&gt;</a>&nbsp;&nbsp;&nbsp;os_rmv_dly
<LI><a href="#[6b]">&gt;&gt;</a>&nbsp;&nbsp;&nbsp;os_put_prio
<LI><a href="#[69]">&gt;&gt;</a>&nbsp;&nbsp;&nbsp;os_get_first
<LI><a href="#[6d]">&gt;&gt;</a>&nbsp;&nbsp;&nbsp;os_dispatch
<LI><a href="#[c]">&gt;&gt;</a>&nbsp;&nbsp;&nbsp;tsk_unlock
</UL>
<BR>[Called By]<UL><LI><a href="#[13]">&gt;&gt;</a>&nbsp;&nbsp;&nbsp;TASK_LCD_STATE
<LI><a href="#[33]">&gt;&gt;</a>&nbsp;&nbsp;&nbsp;write_LCD
</UL>

<P><STRONG><a name="[34]"></a>os_mut_wait</STRONG> (Thumb, 128 bytes, Stack size 16 bytes, rt_mutex.o(i.os_mut_wait))
<BR><BR>[Stack]<UL><LI>Max Depth = 36<LI>Call Chain = os_mut_wait &rArr; os_block &rArr; os_put_dly
</UL>
<BR>[Calls]<UL><LI><a href="#[74]">&gt;&gt;</a>&nbsp;&nbsp;&nbsp;os_resort_prio
<LI><a href="#[6b]">&gt;&gt;</a>&nbsp;&nbsp;&nbsp;os_put_prio
<LI><a href="#[67]">&gt;&gt;</a>&nbsp;&nbsp;&nbsp;os_block
<LI><a href="#[c]">&gt;&gt;</a>&nbsp;&nbsp;&nbsp;tsk_unlock
</UL>
<BR>[Called By]<UL><LI><a href="#[13]">&gt;&gt;</a>&nbsp;&nbsp;&nbsp;TASK_LCD_STATE
<LI><a href="#[33]">&gt;&gt;</a>&nbsp;&nbsp;&nbsp;write_LCD
</UL>

<P><STRONG><a name="[68]"></a>os_put_dly</STRONG> (Thumb, 76 bytes, Stack size 4 bytes, rt_list.o(i.os_put_dly))
<BR><BR>[Stack]<UL><LI>Max Depth = 4<LI>Call Chain = os_put_dly
</UL>
<BR>[Called By]<UL><LI><a href="#[67]">&gt;&gt;</a>&nbsp;&nbsp;&nbsp;os_block
</UL>

<P><STRONG><a name="[6b]"></a>os_put_prio</STRONG> (Thumb, 62 bytes, Stack size 8 bytes, rt_list.o(i.os_put_prio))
<BR><BR>[Stack]<UL><LI>Max Depth = 8<LI>Call Chain = os_put_prio
</UL>
<BR>[Called By]<UL><LI><a href="#[76]">&gt;&gt;</a>&nbsp;&nbsp;&nbsp;os_sem_psh
<LI><a href="#[73]">&gt;&gt;</a>&nbsp;&nbsp;&nbsp;os_mbx_psh
<LI><a href="#[6f]">&gt;&gt;</a>&nbsp;&nbsp;&nbsp;os_evt_psh
<LI><a href="#[6c]">&gt;&gt;</a>&nbsp;&nbsp;&nbsp;os_dec_dly
<LI><a href="#[6a]">&gt;&gt;</a>&nbsp;&nbsp;&nbsp;os_chk_robin
<LI><a href="#[74]">&gt;&gt;</a>&nbsp;&nbsp;&nbsp;os_resort_prio
<LI><a href="#[6d]">&gt;&gt;</a>&nbsp;&nbsp;&nbsp;os_dispatch
<LI><a href="#[52]">&gt;&gt;</a>&nbsp;&nbsp;&nbsp;os_tsk_delete
<LI><a href="#[34]">&gt;&gt;</a>&nbsp;&nbsp;&nbsp;os_mut_wait
<LI><a href="#[39]">&gt;&gt;</a>&nbsp;&nbsp;&nbsp;os_mut_release
</UL>

<P><STRONG><a name="[6e]"></a>os_put_rdy_first</STRONG> (Thumb, 14 bytes, Stack size 0 bytes, rt_list.o(i.os_put_rdy_first))
<BR><BR>[Called By]<UL><LI><a href="#[b]">&gt;&gt;</a>&nbsp;&nbsp;&nbsp;os_sys_manager
<LI><a href="#[6d]">&gt;&gt;</a>&nbsp;&nbsp;&nbsp;os_dispatch
</UL>

<P><STRONG><a name="[74]"></a>os_resort_prio</STRONG> (Thumb, 48 bytes, Stack size 8 bytes, rt_list.o(i.os_resort_prio))
<BR><BR>[Stack]<UL><LI>Max Depth = 16<LI>Call Chain = os_resort_prio &rArr; os_put_prio
</UL>
<BR>[Calls]<UL><LI><a href="#[75]">&gt;&gt;</a>&nbsp;&nbsp;&nbsp;os_rmv_list
<LI><a href="#[6b]">&gt;&gt;</a>&nbsp;&nbsp;&nbsp;os_put_prio
</UL>
<BR>[Called By]<UL><LI><a href="#[34]">&gt;&gt;</a>&nbsp;&nbsp;&nbsp;os_mut_wait
</UL>

<P><STRONG><a name="[70]"></a>os_rmv_dly</STRONG> (Thumb, 44 bytes, Stack size 4 bytes, rt_list.o(i.os_rmv_dly))
<BR><BR>[Stack]<UL><LI>Max Depth = 4<LI>Call Chain = os_rmv_dly
</UL>
<BR>[Called By]<UL><LI><a href="#[76]">&gt;&gt;</a>&nbsp;&nbsp;&nbsp;os_sem_psh
<LI><a href="#[73]">&gt;&gt;</a>&nbsp;&nbsp;&nbsp;os_mbx_psh
<LI><a href="#[6f]">&gt;&gt;</a>&nbsp;&nbsp;&nbsp;os_evt_psh
<LI><a href="#[52]">&gt;&gt;</a>&nbsp;&nbsp;&nbsp;os_tsk_delete
<LI><a href="#[39]">&gt;&gt;</a>&nbsp;&nbsp;&nbsp;os_mut_release
</UL>

<P><STRONG><a name="[75]"></a>os_rmv_list</STRONG> (Thumb, 46 bytes, Stack size 0 bytes, rt_list.o(i.os_rmv_list))
<BR><BR>[Called By]<UL><LI><a href="#[74]">&gt;&gt;</a>&nbsp;&nbsp;&nbsp;os_resort_prio
<LI><a href="#[52]">&gt;&gt;</a>&nbsp;&nbsp;&nbsp;os_tsk_delete
</UL>

<P><STRONG><a name="[76]"></a>os_sem_psh</STRONG> (Thumb, 50 bytes, Stack size 8 bytes, rt_semaphore.o(i.os_sem_psh))
<BR><BR>[Stack]<UL><LI>Max Depth = 16<LI>Call Chain = os_sem_psh &rArr; os_put_prio
</UL>
<BR>[Calls]<UL><LI><a href="#[70]">&gt;&gt;</a>&nbsp;&nbsp;&nbsp;os_rmv_dly
<LI><a href="#[6b]">&gt;&gt;</a>&nbsp;&nbsp;&nbsp;os_put_prio
<LI><a href="#[69]">&gt;&gt;</a>&nbsp;&nbsp;&nbsp;os_get_first
</UL>
<BR>[Called By]<UL><LI><a href="#[b]">&gt;&gt;</a>&nbsp;&nbsp;&nbsp;os_sys_manager
</UL>

<P><STRONG><a name="[64]"></a>os_stk_check</STRONG> (Thumb, 38 bytes, Stack size 8 bytes, hal_arm.o(i.os_stk_check))
<BR><BR>[Stack]<UL><LI>Max Depth = 8<LI>Call Chain = os_stk_check
</UL>
<BR>[Calls]<UL><LI><a href="#[54]">&gt;&gt;</a>&nbsp;&nbsp;&nbsp;os_error
</UL>
<BR>[Called By]<UL><LI><a href="#[17]">&gt;&gt;</a>&nbsp;&nbsp;&nbsp;__SWI_0
<LI><a href="#[b]">&gt;&gt;</a>&nbsp;&nbsp;&nbsp;os_sys_manager
<LI><a href="#[52]">&gt;&gt;</a>&nbsp;&nbsp;&nbsp;os_tsk_delete
</UL>

<P><STRONG><a name="[9]"></a>os_sys_init1</STRONG> (Thumb, 162 bytes, Stack size 0 bytes, rt_task.o(i.os_sys_init1))
<BR><BR>[Stack]<UL><LI>Max Depth = 24<LI>Call Chain = os_sys_init1 &rArr; os_init_context &rArr; os_init_stack
</UL>
<BR>[Calls]<UL><LI><a href="#[77]">&gt;&gt;</a>&nbsp;&nbsp;&nbsp;rt_init (Weak Reference)
<LI><a href="#[7c]">&gt;&gt;</a>&nbsp;&nbsp;&nbsp;os_sys_run
<LI><a href="#[79]">&gt;&gt;</a>&nbsp;&nbsp;&nbsp;os_set_env
<LI><a href="#[7b]">&gt;&gt;</a>&nbsp;&nbsp;&nbsp;os_init_robin
<LI><a href="#[78]">&gt;&gt;</a>&nbsp;&nbsp;&nbsp;_init_box
<LI><a href="#[71]">&gt;&gt;</a>&nbsp;&nbsp;&nbsp;os_init_context
<LI><a href="#[7a]">&gt;&gt;</a>&nbsp;&nbsp;&nbsp;os_tmr_init
<LI><a href="#[20]">&gt;&gt;</a>&nbsp;&nbsp;&nbsp;os_idle_demon
</UL>
<BR>[Address Reference Count : 1]<UL><LI> hal_arm.o(.emb_text)
</UL>
<P><STRONG><a name="[b]"></a>os_sys_manager</STRONG> (Thumb, 186 bytes, Stack size 0 bytes, rt_system.o(i.os_sys_manager))
<BR><BR>[Stack]<UL><LI>Max Depth = 24 + Unknown Stack Size
<LI>Call Chain = os_sys_manager &rArr; os_mbx_psh &rArr; os_put_prio
</UL>
<BR>[Calls]<UL><LI><a href="#[7f]">&gt;&gt;</a>&nbsp;&nbsp;&nbsp;os_tmr_reload (Weak Reference)
<LI><a href="#[81]">&gt;&gt;</a>&nbsp;&nbsp;&nbsp;os_tmr_tick
<LI><a href="#[76]">&gt;&gt;</a>&nbsp;&nbsp;&nbsp;os_sem_psh
<LI><a href="#[73]">&gt;&gt;</a>&nbsp;&nbsp;&nbsp;os_mbx_psh
<LI><a href="#[6f]">&gt;&gt;</a>&nbsp;&nbsp;&nbsp;os_evt_psh
<LI><a href="#[6c]">&gt;&gt;</a>&nbsp;&nbsp;&nbsp;os_dec_dly
<LI><a href="#[6a]">&gt;&gt;</a>&nbsp;&nbsp;&nbsp;os_chk_robin
<LI><a href="#[65]">&gt;&gt;</a>&nbsp;&nbsp;&nbsp;rt_post_taskswitch (Weak Reference)
<LI><a href="#[82]">&gt;&gt;</a>&nbsp;&nbsp;&nbsp;os_sys_manager_ret
<LI><a href="#[80]">&gt;&gt;</a>&nbsp;&nbsp;&nbsp;_dec_qc
<LI><a href="#[64]">&gt;&gt;</a>&nbsp;&nbsp;&nbsp;os_stk_check
<LI><a href="#[6e]">&gt;&gt;</a>&nbsp;&nbsp;&nbsp;os_put_rdy_first
<LI><a href="#[69]">&gt;&gt;</a>&nbsp;&nbsp;&nbsp;os_get_first
<LI><a href="#[7e]">&gt;&gt;</a>&nbsp;&nbsp;&nbsp;os_tmr_inspect_ovf
<LI><a href="#[7d]">&gt;&gt;</a>&nbsp;&nbsp;&nbsp;os_tmr_inspect_cnt
</UL>
<BR>[Address Reference Count : 1]<UL><LI> hal_arm.o(.emb_text)
</UL>
<P><STRONG><a name="[81]"></a>os_tmr_tick</STRONG> (Thumb, 58 bytes, Stack size 16 bytes, rt_timer.o(i.os_tmr_tick))
<BR><BR>[Stack]<UL><LI>Max Depth = 16<LI>Call Chain = os_tmr_tick
</UL>
<BR>[Calls]<UL><LI><a href="#[83]">&gt;&gt;</a>&nbsp;&nbsp;&nbsp;os_tmr_call
</UL>
<BR>[Called By]<UL><LI><a href="#[b]">&gt;&gt;</a>&nbsp;&nbsp;&nbsp;os_sys_manager
</UL>

<P><STRONG><a name="[21]"></a>os_tsk_create0</STRONG> (Thumb, 130 bytes, Stack size 40 bytes, rt_task.o(i.os_tsk_create0))
<BR><BR>[Stack]<UL><LI>Max Depth = 64<LI>Call Chain = os_tsk_create0 &rArr; os_dispatch &rArr; os_put_prio
</UL>
<BR>[Calls]<UL><LI><a href="#[84]">&gt;&gt;</a>&nbsp;&nbsp;&nbsp;rt_notify (Weak Reference)
<LI><a href="#[6d]">&gt;&gt;</a>&nbsp;&nbsp;&nbsp;os_dispatch
<LI><a href="#[71]">&gt;&gt;</a>&nbsp;&nbsp;&nbsp;os_init_context
<LI><a href="#[c]">&gt;&gt;</a>&nbsp;&nbsp;&nbsp;tsk_unlock
</UL>
<BR>[Called By]<UL><LI><a href="#[14]">&gt;&gt;</a>&nbsp;&nbsp;&nbsp;init
</UL>
<BR>[Address Reference Count : 1]<UL><LI> rt_task.o(i.os_sys_init1)
</UL>
<P><STRONG><a name="[52]"></a>os_tsk_delete</STRONG> (Thumb, 312 bytes, Stack size 24 bytes, rt_task.o(i.os_tsk_delete))
<BR><BR>[Stack]<UL><LI>Max Depth = 48<LI>Call Chain = os_tsk_delete &rArr; os_dispatch &rArr; os_put_prio
</UL>
<BR>[Calls]<UL><LI><a href="#[84]">&gt;&gt;</a>&nbsp;&nbsp;&nbsp;rt_notify (Weak Reference)
<LI><a href="#[64]">&gt;&gt;</a>&nbsp;&nbsp;&nbsp;os_stk_check
<LI><a href="#[75]">&gt;&gt;</a>&nbsp;&nbsp;&nbsp;os_rmv_list
<LI><a href="#[70]">&gt;&gt;</a>&nbsp;&nbsp;&nbsp;os_rmv_dly
<LI><a href="#[6b]">&gt;&gt;</a>&nbsp;&nbsp;&nbsp;os_put_prio
<LI><a href="#[69]">&gt;&gt;</a>&nbsp;&nbsp;&nbsp;os_get_first
<LI><a href="#[6d]">&gt;&gt;</a>&nbsp;&nbsp;&nbsp;os_dispatch
<LI><a href="#[c]">&gt;&gt;</a>&nbsp;&nbsp;&nbsp;tsk_unlock
</UL>
<BR>[Called By]<UL><LI><a href="#[14]">&gt;&gt;</a>&nbsp;&nbsp;&nbsp;init
</UL>
<P>
<H3>
Local Symbols
</H3>
<P><STRONG><a name="[2d]"></a>lcd_write</STRONG> (Thumb, 38 bytes, Stack size 0 bytes, lcd.o(.text))
<BR><BR>[Called By]<UL><LI><a href="#[2c]">&gt;&gt;</a>&nbsp;&nbsp;&nbsp;LCD_init
<LI><a href="#[27]">&gt;&gt;</a>&nbsp;&nbsp;&nbsp;lcd_wr_data
<LI><a href="#[26]">&gt;&gt;</a>&nbsp;&nbsp;&nbsp;lcd_wr_cmd
</UL>

<P><STRONG><a name="[32]"></a>lcd_wait_busy</STRONG> (Thumb, 44 bytes, Stack size 12 bytes, lcd.o(.text))
<BR><BR>[Stack]<UL><LI>Max Depth = 12<LI>Call Chain = lcd_wait_busy
</UL>
<BR>[Called By]<UL><LI><a href="#[27]">&gt;&gt;</a>&nbsp;&nbsp;&nbsp;lcd_wr_data
<LI><a href="#[26]">&gt;&gt;</a>&nbsp;&nbsp;&nbsp;lcd_wr_cmd
</UL>

<P><STRONG><a name="[26]"></a>lcd_wr_cmd</STRONG> (Thumb, 22 bytes, Stack size 8 bytes, lcd.o(.text))
<BR><BR>[Stack]<UL><LI>Max Depth = 20<LI>Call Chain = lcd_wr_cmd &rArr; lcd_wait_busy
</UL>
<BR>[Calls]<UL><LI><a href="#[32]">&gt;&gt;</a>&nbsp;&nbsp;&nbsp;lcd_wait_busy
<LI><a href="#[2d]">&gt;&gt;</a>&nbsp;&nbsp;&nbsp;lcd_write
</UL>
<BR>[Called By]<UL><LI><a href="#[2f]">&gt;&gt;</a>&nbsp;&nbsp;&nbsp;LCD_on
<LI><a href="#[2e]">&gt;&gt;</a>&nbsp;&nbsp;&nbsp;LCD_cur_off
<LI><a href="#[2c]">&gt;&gt;</a>&nbsp;&nbsp;&nbsp;LCD_init
<LI><a href="#[2b]">&gt;&gt;</a>&nbsp;&nbsp;&nbsp;LCD_load
<LI><a href="#[2a]">&gt;&gt;</a>&nbsp;&nbsp;&nbsp;LCD_cls
<LI><a href="#[29]">&gt;&gt;</a>&nbsp;&nbsp;&nbsp;LCD_gotoxy
<LI><a href="#[25]">&gt;&gt;</a>&nbsp;&nbsp;&nbsp;LCD_putc
</UL>

<P><STRONG><a name="[27]"></a>lcd_wr_data</STRONG> (Thumb, 22 bytes, Stack size 8 bytes, lcd.o(.text))
<BR><BR>[Stack]<UL><LI>Max Depth = 20<LI>Call Chain = lcd_wr_data &rArr; lcd_wait_busy
</UL>
<BR>[Calls]<UL><LI><a href="#[32]">&gt;&gt;</a>&nbsp;&nbsp;&nbsp;lcd_wait_busy
<LI><a href="#[2d]">&gt;&gt;</a>&nbsp;&nbsp;&nbsp;lcd_write
</UL>
<BR>[Called By]<UL><LI><a href="#[2b]">&gt;&gt;</a>&nbsp;&nbsp;&nbsp;LCD_load
<LI><a href="#[25]">&gt;&gt;</a>&nbsp;&nbsp;&nbsp;LCD_putc
</UL>

<P><STRONG><a name="[42]"></a>update_speed</STRONG> (Thumb, 150 bytes, Stack size 32 bytes, dashboard.o(.text))
<BR><BR>[Stack]<UL><LI>Max Depth = 160<LI>Call Chain = update_speed &rArr; __aeabi_dmul &rArr; _double_epilogue &rArr; __aeabi_llsr
</UL>
<BR>[Calls]<UL><LI><a href="#[35]">&gt;&gt;</a>&nbsp;&nbsp;&nbsp;__aeabi_i2f
<LI><a href="#[44]">&gt;&gt;</a>&nbsp;&nbsp;&nbsp;__aeabi_i2d
<LI><a href="#[46]">&gt;&gt;</a>&nbsp;&nbsp;&nbsp;__aeabi_fsub
<LI><a href="#[36]">&gt;&gt;</a>&nbsp;&nbsp;&nbsp;__aeabi_fmul
<LI><a href="#[43]">&gt;&gt;</a>&nbsp;&nbsp;&nbsp;__aeabi_f2d
<LI><a href="#[47]">&gt;&gt;</a>&nbsp;&nbsp;&nbsp;__aeabi_dsub
<LI><a href="#[48]">&gt;&gt;</a>&nbsp;&nbsp;&nbsp;__aeabi_dmul
<LI><a href="#[49]">&gt;&gt;</a>&nbsp;&nbsp;&nbsp;__aeabi_d2iz
<LI><a href="#[45]">&gt;&gt;</a>&nbsp;&nbsp;&nbsp;__aeabi_cdrcmple
</UL>
<BR>[Called By]<UL><LI><a href="#[10]">&gt;&gt;</a>&nbsp;&nbsp;&nbsp;TASK_SENSOR
</UL>

<P><STRONG><a name="[4f]"></a>update_brightness</STRONG> (Thumb, 62 bytes, Stack size 8 bytes, dashboard.o(.text))
<BR><BR>[Stack]<UL><LI>Max Depth = 36<LI>Call Chain = update_brightness &rArr; __aeabi_idivmod &rArr; __aeabi_uidivmod
</UL>
<BR>[Calls]<UL><LI><a href="#[3d]">&gt;&gt;</a>&nbsp;&nbsp;&nbsp;__aeabi_idivmod
<LI><a href="#[31]">&gt;&gt;</a>&nbsp;&nbsp;&nbsp;__aeabi_uidivmod
</UL>
<BR>[Called By]<UL><LI><a href="#[10]">&gt;&gt;</a>&nbsp;&nbsp;&nbsp;TASK_SENSOR
</UL>

<P><STRONG><a name="[15]"></a>os_def_interrupt</STRONG> (ARM, 28 bytes, Stack size 8 bytes, rtx_config.o(.text))
<BR><BR>[Stack]<UL><LI>Max Depth = 8<LI>Call Chain = os_def_interrupt
</UL>
<BR>[Address Reference Count : 1]<UL><LI> rtx_config.o(.text)
</UL>
<P><STRONG><a name="[1]"></a>UndefHandler</STRONG> (ARM, 4 bytes, Stack size unknown bytes, str91x.o(Reset))
<BR><BR>[Calls]<UL><LI><a href="#[1]">&gt;&gt;</a>&nbsp;&nbsp;&nbsp;UndefHandler
</UL>
<BR>[Called By]<UL><LI><a href="#[1]">&gt;&gt;</a>&nbsp;&nbsp;&nbsp;UndefHandler
</UL>
<BR>[Address Reference Count : 1]<UL><LI> str91x.o(Reset)
</UL>
<P><STRONG><a name="[3]"></a>PAbtHandler</STRONG> (ARM, 4 bytes, Stack size unknown bytes, str91x.o(Reset))
<BR><BR>[Calls]<UL><LI><a href="#[3]">&gt;&gt;</a>&nbsp;&nbsp;&nbsp;PAbtHandler
</UL>
<BR>[Called By]<UL><LI><a href="#[3]">&gt;&gt;</a>&nbsp;&nbsp;&nbsp;PAbtHandler
</UL>
<BR>[Address Reference Count : 1]<UL><LI> str91x.o(Reset)
</UL>
<P><STRONG><a name="[4]"></a>DAbtHandler</STRONG> (ARM, 4 bytes, Stack size unknown bytes, str91x.o(Reset))
<BR><BR>[Calls]<UL><LI><a href="#[4]">&gt;&gt;</a>&nbsp;&nbsp;&nbsp;DAbtHandler
</UL>
<BR>[Called By]<UL><LI><a href="#[4]">&gt;&gt;</a>&nbsp;&nbsp;&nbsp;DAbtHandler
</UL>
<BR>[Address Reference Count : 1]<UL><LI> str91x.o(Reset)
</UL>
<P><STRONG><a name="[5]"></a>IRQHandler</STRONG> (ARM, 4 bytes, Stack size unknown bytes, str91x.o(Reset))
<BR><BR>[Calls]<UL><LI><a href="#[5]">&gt;&gt;</a>&nbsp;&nbsp;&nbsp;IRQHandler
</UL>
<BR>[Called By]<UL><LI><a href="#[5]">&gt;&gt;</a>&nbsp;&nbsp;&nbsp;IRQHandler
</UL>
<BR>[Address Reference Count : 1]<UL><LI> str91x.o(Reset)
</UL>
<P><STRONG><a name="[6]"></a>FIQHandler</STRONG> (ARM, 4 bytes, Stack size unknown bytes, str91x.o(Reset))
<BR><BR>[Calls]<UL><LI><a href="#[6]">&gt;&gt;</a>&nbsp;&nbsp;&nbsp;FIQHandler
</UL>
<BR>[Called By]<UL><LI><a href="#[6]">&gt;&gt;</a>&nbsp;&nbsp;&nbsp;FIQHandler
</UL>
<BR>[Address Reference Count : 1]<UL><LI> str91x.o(Reset)
</UL>
<P><STRONG><a name="[71]"></a>os_init_context</STRONG> (Thumb, 70 bytes, Stack size 16 bytes, rt_task.o(i.os_init_context))
<BR><BR>[Stack]<UL><LI>Max Depth = 24<LI>Call Chain = os_init_context &rArr; os_init_stack
</UL>
<BR>[Calls]<UL><LI><a href="#[72]">&gt;&gt;</a>&nbsp;&nbsp;&nbsp;os_init_stack
</UL>
<BR>[Called By]<UL><LI><a href="#[9]">&gt;&gt;</a>&nbsp;&nbsp;&nbsp;os_sys_init1
<LI><a href="#[21]">&gt;&gt;</a>&nbsp;&nbsp;&nbsp;os_tsk_create0
</UL>

<P><STRONG><a name="[d]"></a>Switch_task</STRONG> (ARM, 0 bytes, Stack size unknown bytes, hal_arm.o(.emb_text))
<BR>[Address Reference Count : 1]<UL><LI> hal_arm.o(.emb_text)
</UL>
<P><STRONG><a name="[63]"></a>_printf_core</STRONG> (Thumb, 326 bytes, Stack size 88 bytes, printf1.o(i._printf_core), UNUSED)
<BR><BR>[Calls]<UL><LI><a href="#[31]">&gt;&gt;</a>&nbsp;&nbsp;&nbsp;__aeabi_uidivmod
</UL>
<BR>[Called By]<UL><LI><a href="#[62]">&gt;&gt;</a>&nbsp;&nbsp;&nbsp;__0sprintf$1
</UL>

<P><STRONG><a name="[1f]"></a>_sputc</STRONG> (Thumb, 10 bytes, Stack size 0 bytes, printf1.o(i._sputc))
<BR><BR>[Called By]<UL><LI><a href="#[62]">&gt;&gt;</a>&nbsp;&nbsp;&nbsp;__0sprintf$1
</UL>
<BR>[Address Reference Count : 1]<UL><LI> printf1.o(i.__0sprintf$1)
</UL><P>
<H3>
Undefined Global Symbols
</H3>
<P><STRONG><a name="[7f]"></a>os_tmr_reload</STRONG> (ARM, 0 bytes, Stack size 0 bytes, UNDEFINED)
<BR><BR>[Called By]<UL><LI><a href="#[b]">&gt;&gt;</a>&nbsp;&nbsp;&nbsp;os_sys_manager
</UL>

<P><STRONG><a name="[77]"></a>rt_init</STRONG> (ARM, 0 bytes, Stack size 0 bytes, UNDEFINED)
<BR><BR>[Called By]<UL><LI><a href="#[9]">&gt;&gt;</a>&nbsp;&nbsp;&nbsp;os_sys_init1
</UL>

<P><STRONG><a name="[84]"></a>rt_notify</STRONG> (ARM, 0 bytes, Stack size 0 bytes, UNDEFINED)
<BR><BR>[Called By]<UL><LI><a href="#[52]">&gt;&gt;</a>&nbsp;&nbsp;&nbsp;os_tsk_delete
<LI><a href="#[21]">&gt;&gt;</a>&nbsp;&nbsp;&nbsp;os_tsk_create0
</UL>

<P><STRONG><a name="[65]"></a>rt_post_taskswitch</STRONG> (ARM, 0 bytes, Stack size 0 bytes, UNDEFINED)
<BR><BR>[Called By]<UL><LI><a href="#[17]">&gt;&gt;</a>&nbsp;&nbsp;&nbsp;__SWI_0
<LI><a href="#[b]">&gt;&gt;</a>&nbsp;&nbsp;&nbsp;os_sys_manager
</UL>
<HR></body></html>
